
  ___  ____  ____  ____  ____ ®
 /__    /   ____/   /   ____/      StataNow 19.5
___/   /   /___/   /   /___/       MP—Parallel Edition

 Statistics and Data Science       Copyright 1985-2025 StataCorp LLC
                                   StataCorp
                                   4905 Lakeway Drive
                                   College Station, Texas 77845 USA
                                   800-782-8272        https://www.stata.com
                                   979-696-4600        service@stata.com

Stata license: Single-user 16-core  perpetual
Serial number: 3851871377
  Licensed to: jefeerzhang
               sicau

Notes:
      1. Stata is running in batch mode.
      2. Unicode is supported; see help unicode_advice.
      3. More than 2 billion observations are allowed; see help obs_advice.
      4. Maximum number of variables is set to 5,000 but can be increased;
          see help set_maxvar.

. do dofiles/01_stata-basics.do 

. *==========================================================*
. * DEMO 1/5 : stata-basics —— 数据管理与清洗（书第 1–4 章）
. * 技能源   : stata-basics/SKILL.md
. * 数据     : auto.dta（Stata 自带 1978 Automobile Data, N=74）
. * 运行     : stata-mp -b do dofiles/01_stata-basics.do
. *==========================================================*
. version 19.5

. set more off

. clear all

. 
. *---- 第 1 章：起步，读入数据、查看结构 --------------------
. sysuse auto, clear
(1978 automobile data)

. describe

Contains data from /Applications/StataNow/ado/base/a/auto.dta
 Observations:            74                  1978 automobile data
    Variables:            12                  13 Apr 2024 17:45
                                              (_dta has notes)
-------------------------------------------------------------------------------
Variable      Storage   Display    Value
    name         type    format    label      Variable label
-------------------------------------------------------------------------------
make            str18   %-18s                 Make and model
price           int     %8.0gc                Price
mpg             int     %8.0g                 Mileage (mpg)
rep78           int     %8.0g                 Repair record 1978
headroom        float   %6.1f                 Headroom (in.)
trunk           int     %8.0g                 Trunk space (cu. ft.)
weight          int     %8.0gc                Weight (lbs.)
length          int     %8.0g                 Length (in.)
turn            int     %8.0g                 Turn circle (ft.)
displacement    int     %8.0g                 Displacement (cu. in.)
gear_ratio      float   %6.2f                 Gear ratio
foreign         byte    %8.0g      origin     Car origin
-------------------------------------------------------------------------------
Sorted by: foreign

. codebook, compact

Variable      Obs Unique      Mean   Min    Max  Label
-------------------------------------------------------------------------------
make           74     74         .     .      .  Make and model
price          74     74  6165.257  3291  15906  Price
mpg            74     21   21.2973    12     41  Mileage (mpg)
rep78          69      5  3.405797     1      5  Repair record 1978
headroom       74      8  2.993243   1.5      5  Headroom (in.)
trunk          74     18  13.75676     5     23  Trunk space (cu. ft.)
weight         74     64  3019.459  1760   4840  Weight (lbs.)
length         74     47  187.9324   142    233  Length (in.)
turn           74     18  39.64865    31     51  Turn circle (ft.)
displacement   74     31  197.2973    79    425  Displacement (cu. in.)
gear_ratio     74     36  3.014865  2.19   3.89  Gear ratio
foreign        74      2  .2972973     0      1  Car origin
-------------------------------------------------------------------------------

. 
. *---- 第 2 章：检查数据与缺失值 ---------------------------
. misstable summarize
                                                               Obs<.
                                                +------------------------------
               |                                | Unique
      Variable |     Obs=.     Obs>.     Obs<.  | values        Min         Max
  -------------+--------------------------------+------------------------------
         rep78 |         5                  69  |      5          1           5
  -----------------------------------------------------------------------------

. summarize

    Variable |        Obs        Mean    Std. dev.       Min        Max
-------------+---------------------------------------------------------
        make |          0
       price |         74    6165.257    2949.496       3291      15906
         mpg |         74     21.2973    5.785503         12         41
       rep78 |         69    3.405797    .9899323          1          5
    headroom |         74    2.993243    .8459948        1.5          5
-------------+---------------------------------------------------------
       trunk |         74    13.75676    4.277404          5         23
      weight |         74    3019.459    777.1936       1760       4840
      length |         74    187.9324    22.26634        142        233
        turn |         74    39.64865    4.399354         31         51
displacement |         74    197.2973    91.83722         79        425
-------------+---------------------------------------------------------
  gear_ratio |         74    3.014865    .4562871       2.19       3.89
     foreign |         74    .2972973    .4601885          0          1

. tabulate rep78, miss

     Repair |
record 1978 |      Freq.     Percent        Cum.
------------+-----------------------------------
          1 |          2        2.70        2.70
          2 |          8       10.81       13.51
          3 |         30       40.54       54.05
          4 |         18       24.32       78.38
          5 |         11       14.86       93.24
          . |          5        6.76      100.00
------------+-----------------------------------
      Total |         74      100.00

. 
. *---- 第 3 章：数据准备（本 skill 重点）--------------------
. * 3.1 生成新变量（计量单位换算 / 标记变量）
. generate price_k = price / 1000

. generate wt_tons = weight / 2000

. generate high_mpg = (mpg >= 25)

. label variable price_k "Price (thousands USD)"

. label variable wt_tons "Weight (tons)"

. label variable high_mpg "MPG >= 25"

. 
. * 3.2 值标签（两步：先 define 再 values）
. *    说明：auto.dta 的 foreign 已自带 origin 标签(0=Domestic 1=Foreign)，
. *    无需重定义；这里给新建变量 high_mpg 打标签作示范。
. label define highlab 0 "No" 1 "Yes"

. label values high_mpg highlab

. 
. * 3.3 字符串变量编码成数值（encode）
. encode make, gen(make_id)

. label variable make_id "Make (encoded)"

. 
. * 3.4 查看值标签定义
. labelbook origin highlab

-------------------------------------------------------------------------------
Value label highlab 
-------------------------------------------------------------------------------

      Values                                    Labels
       Range:  [0,1]                     String length:  [2,3]
           N:  2                 Unique at full length:  yes
        Gaps:  no                  Unique at length 12:  yes
  Missing .*:  0                           Null string:  no
                               Leading/trailing blanks:  no
                                    Numeric -> numeric:  no
  Definition
           0   No
           1   Yes

   Variables:  high_mpg


-------------------------------------------------------------------------------
Value label origin 
-------------------------------------------------------------------------------

      Values                                    Labels
       Range:  [0,1]                     String length:  [7,8]
           N:  2                 Unique at full length:  yes
        Gaps:  no                  Unique at length 12:  yes
  Missing .*:  0                           Null string:  no
                               Leading/trailing blanks:  no
                                    Numeric -> numeric:  no
  Definition
           0   Domestic
           1   Foreign

   Variables:  foreign


. 
. * 3.5 egen 分组汇总
. egen mean_price_all = mean(price)

. bysort foreign: egen mean_price_by_origin = mean(price)

. 
. * 3.6 压缩存储
. compress
  variable mpg was int now byte
  variable rep78 was int now byte
  variable trunk was int now byte
  variable turn was int now byte
  variable high_mpg was float now byte
  variable make_id was long now byte
  variable make was str18 now str17
  (814 bytes saved)

. 
. *---- 第 4 章：do-file 结果管理 —— 保存清洗后的数据 --------
. save "data/auto_clean.dta", replace
file data/auto_clean.dta saved

. 
. *---- 清洗结果核对 ----------------------------------------
. describe

Contains data from data/auto_clean.dta
 Observations:            74                  1978 automobile data
    Variables:            18                  16 Aug 2026 10:49
                                              (_dta has notes)
-------------------------------------------------------------------------------
Variable      Storage   Display    Value
    name         type    format    label      Variable label
-------------------------------------------------------------------------------
make            str17   %-17s                 Make and model
price           int     %8.0gc                Price
mpg             byte    %8.0g                 Mileage (mpg)
rep78           byte    %8.0g                 Repair record 1978
headroom        float   %6.1f                 Headroom (in.)
trunk           byte    %8.0g                 Trunk space (cu. ft.)
weight          int     %8.0gc                Weight (lbs.)
length          int     %8.0g                 Length (in.)
turn            byte    %8.0g                 Turn circle (ft.)
displacement    int     %8.0g                 Displacement (cu. in.)
gear_ratio      float   %6.2f                 Gear ratio
foreign         byte    %8.0g      origin     Car origin
price_k         float   %9.0g                 Price (thousands USD)
wt_tons         float   %9.0g                 Weight (tons)
high_mpg        byte    %9.0g      highlab    MPG >= 25
make_id         byte    %17.0g     make_id    Make (encoded)
mean_price_all  float   %9.0g                 
mean_price_by~n float   %9.0g                 
-------------------------------------------------------------------------------
Sorted by: foreign

. codebook foreign high_mpg rep78, compact

Variable   Obs Unique      Mean  Min  Max  Label
-------------------------------------------------------------------------------
foreign     74      2  .2972973    0    1  Car origin
high_mpg    74      2  .2567568    0    1  MPG >= 25
rep78       69      5  3.405797    1    5  Repair record 1978
-------------------------------------------------------------------------------

. summarize price price_k weight wt_tons mpg

    Variable |        Obs        Mean    Std. dev.       Min        Max
-------------+---------------------------------------------------------
       price |         74    6165.257    2949.496       3291      15906
     price_k |         74    6.165257    2.949496      3.291     15.906
      weight |         74    3019.459    777.1936       1760       4840
     wt_tons |         74     1.50973    .3885968        .88       2.42
         mpg |         74     21.2973    5.785503         12         41

. tabulate foreign high_mpg

           |       MPG >= 25
Car origin |        No        Yes |     Total
-----------+----------------------+----------
  Domestic |        44          8 |        52 
   Foreign |        11         11 |        22 
-----------+----------------------+----------
     Total |        55         19 |        74 

. list make price price_k mpg foreign high_mpg in 1/10, noobs

  +--------------------------------------------------------------+
  | make             price   price_k   mpg    foreign   high_mpg |
  |--------------------------------------------------------------|
  | AMC Concord      4,099     4.099    22   Domestic         No |
  | AMC Pacer        4,749     4.749    17   Domestic         No |
  | AMC Spirit       3,799     3.799    22   Domestic         No |
  | Buick Century    4,816     4.816    20   Domestic         No |
  | Buick Electra    7,827     7.827    15   Domestic         No |
  |--------------------------------------------------------------|
  | Buick LeSabre    5,788     5.788    18   Domestic         No |
  | Buick Opel       4,453     4.453    26   Domestic        Yes |
  | Buick Regal      5,189     5.189    20   Domestic         No |
  | Buick Riviera   10,372    10.372    16   Domestic         No |
  | Buick Skylark    4,082     4.082    19   Domestic         No |
  +--------------------------------------------------------------+

. 
end of do-file
