
  ___  ____  ____  ____  ____ ®
 /__    /   ____/   /   ____/      StataNow 19.5
___/   /   /___/   /   /___/       MP—Parallel Edition

 Statistics and Data Science       Copyright 1985-2025 StataCorp LLC
                                   StataCorp
                                   4905 Lakeway Drive
                                   College Station, Texas 77845 USA
                                   800-782-8272        https://www.stata.com
                                   979-696-4600        service@stata.com

Stata license: Single-user 16-core  perpetual
Serial number: 3851871377
  Licensed to: jefeerzhang
               sicau

Notes:
      1. Stata is running in batch mode.
      2. Unicode is supported; see help unicode_advice.
      3. More than 2 billion observations are allowed; see help obs_advice.
      4. Maximum number of variables is set to 5,000 but can be increased;
          see help set_maxvar.

. do 08_did_method_selection.do 

. version 19.5

. set more off

. set seed 20260817

. 
. * ============================================================
. * DID 方法选择 Demo
. *
. * 本脚本演示 5 个典型 DID 场景的正确方法选择：
. *   场景 1：简单 2x2 DID → xtdidregress
. *   场景 2：错时 DID（默认）→ hdidregress aipw
. *   场景 3：错时 DID + 计数结果 → jwdid poisson
. *   场景 4：错时 DID + leaveout 方差修正 → did_imputation
. *   场景 5：少数处理单位 → synth
. *
. * 每个场景生成模拟数据，运行推荐方法，输出结果。
. * ============================================================
. 
. * ============================================================
. * 场景 1：简单 2x2 DID → xtdidregress
. *
. * 用户场景：医院政策评估，2020 年 1 月对部分医院实施
. * 数据结构：面板（20 家医院 × 36 个月）
. * 处理时点：单时点（2020 年 1 月）
. * ============================================================
. display as text "=== 场景 1：简单 2x2 DID → xtdidregress ==="
=== 场景 1：简单 2x2 DID → xtdidregress ===

. 
. clear

. set obs 720                      // 20 家医院 × 36 个月
Number of observations (_N) was 0, now 720.

. gen hospital_id = ceil(_n/36)

. gen month = mod(_n-1, 36) + 1

. gen treated = (hospital_id <= 10) // 前 10 家为处理组

. gen post = (month >= 13)          // 第 13 个月起为处理后

. gen treat_post = treated * post

. gen satisfaction = 70 + 5*treated + 3*post + 8*treat_post + rnormal(0, 5)

. 
. xtset hospital_id month

Panel variable: hospital_id (strongly balanced)
 Time variable: month, 1 to 36
         Delta: 1 unit

. xtdidregress (satisfaction) (treat_post), group(hospital_id) time(month)

Treatment and time information

Time variable: month
Control:       treat_post = 0
Treatment:     treat_post = 1
-----------------------------------
             |   Control  Treatment
-------------+---------------------
Group        |
 hospital_id |        10         10
-------------+---------------------
Time         |
     Minimum |         1         13
     Maximum |         1         13
-----------------------------------

Difference-in-differences regression                       Number of obs = 720
Data type: Longitudinal

                           (Std. err. adjusted for 20 clusters in hospital_id)
------------------------------------------------------------------------------
             |               Robust
satisfaction | Coefficient  std. err.      t    P>|t|     [95% conf. interval]
-------------+----------------------------------------------------------------
ATET         |
  treat_post |
   (1 vs 0)  |   8.579447   .7212474    11.90   0.000     7.069859    10.08903
------------------------------------------------------------------------------
Note: ATET estimate adjusted for panel effects and time effects.

. 
. display as text "场景 1 完成：xtdidregress 报告 ATET = 8（真值）"
场景 1 完成：xtdidregress 报告 ATET = 8（真值）

. 
. * ============================================================
. * 场景 2：错时 DID（默认）→ hdidregress aipw
. *
. * 用户场景：县级就业政策评估，不同县在不同年份实施
. * 数据结构：面板（50 个县 × 10 年）
. * 处理时点：错时（3 个 cohort：2015, 2017, 2019）
. * 对照组：20 个 never-treated 县
. * ============================================================
. display as text "=== 场景 2：错时 DID → hdidregress aipw ==="
=== 场景 2：错时 DID → hdidregress aipw ===

. 
. clear

. set obs 500                      // 50 个县 × 10 年
Number of observations (_N) was 0, now 500.

. gen county = ceil(_n/10)

. gen year = mod(_n-1, 10) + 2010

. gen first_treat = cond(county <= 10, 2015, cond(county <= 20, 2017, cond(coun
> ty <= 30, 2019, 0)))

. gen treat = (first_treat > 0 & year >= first_treat)

. gen employment = 50 + 0.5*year + 2*treat + rnormal(0, 3)

. 
. xtset county year

Panel variable: county (strongly balanced)
 Time variable: year, 2010 to 2019
         Delta: 1 unit

. hdidregress aipw (employment) (treat), group(county) time(year)
note: variable _did_cohort, containing cohort indicators formed by treatment
      variable treat and group variable county, was added to the dataset
      using the estimation sample.

Computing ATET for each cohort and time:
Cohort 2015 (9): ......... done
Cohort 2017 (9): ......... done
Cohort 2019 (9): ......... done

Treatment and time information

Time variable: year
Time interval: 2010 to 2019
Control:       _did_cohort = 0
Treatment:     _did_cohort > 0
-------------------------------
                  | _did_cohort
------------------+------------
Number of cohorts |           4
------------------+------------
Number of obs     |
    Never treated |         200
             2015 |         100
             2017 |         100
             2019 |         100
-------------------------------

Heterogeneous treatment-effects regression                 Number of obs = 500
Estimator:       Augmented IPW
Treatment level: county
Control group:   Never treated

                                (Std. err. adjusted for 50 clusters in county)
------------------------------------------------------------------------------
             |               Robust
Cohort       |       ATET   std. err.      z    P>|z|     [95% conf. interval]
-------------+----------------------------------------------------------------
2015         |
        year |
       2011  |  -2.775549   1.472072    -1.89   0.059    -5.660757    .1096587
       2012  |    .626239   1.719829     0.36   0.716    -2.744565    3.997043
       2013  |   .1332153    1.62035     0.08   0.934    -3.042611    3.309042
       2014  |    1.20885     1.9775     0.61   0.541    -2.666978    5.084678
       2015  |   1.695209   1.529508     1.11   0.268    -1.302572    4.692989
       2016  |   1.970203   1.786568     1.10   0.270    -1.531407    5.471812
       2017  |   1.584662   1.405039     1.13   0.259    -1.169164    4.338488
       2018  |   1.016376   1.535216     0.66   0.508    -1.992592    4.025344
       2019  |     .51745   1.497748     0.35   0.730    -2.418081    3.452981
-------------+----------------------------------------------------------------
2017         |
        year |
       2011  |  -.2984009   1.414404    -0.21   0.833    -3.070581     2.47378
       2012  |  -.1141785   1.389475    -0.08   0.935      -2.8375    2.609143
       2013  |  -1.475427   1.422247    -1.04   0.300     -4.26298    1.312125
       2014  |   2.246423   1.643925     1.37   0.172    -.9756114    5.468458
       2015  |    -.93255   1.524404    -0.61   0.541    -3.920327    2.055227
       2016  |   .0805603   1.795146     0.04   0.964    -3.437861    3.598981
       2017  |   -.504425   1.446431    -0.35   0.727    -3.339378    2.330528
       2018  |   3.448529   1.530833     2.25   0.024     .4481521    6.448906
       2019  |  -.6935974   1.786137    -0.39   0.698    -4.194361    2.807166
-------------+----------------------------------------------------------------
2019         |
        year |
       2011  |  -.5455566   1.520627    -0.36   0.720    -3.525931    2.434817
       2012  |  -3.009515   1.163486    -2.59   0.010    -5.289907   -.7291239
       2013  |   .0496704    1.46157     0.03   0.973    -2.814955    2.914296
       2014  |   3.492126   1.543148     2.26   0.024     .4676122    6.516641
       2015  |  -1.392706   1.316172    -1.06   0.290    -3.972356    1.186943
       2016  |  -1.134528   1.764198    -0.64   0.520    -4.592291    2.323236
       2017  |   .9440857   1.820161     0.52   0.604    -2.623364    4.511535
       2018  |   .6632813   1.800908     0.37   0.713    -2.866434    4.192996
       2019  |  -.7374146   1.850183    -0.40   0.690    -4.363707    2.888877
------------------------------------------------------------------------------
Note: Base time for pretreatment ATETs is the previous period.

. 
. estat aggregation, overall

Overall ATET                                               Number of obs = 500

                                (Std. err. adjusted for 50 clusters in county)
------------------------------------------------------------------------------
             |               Robust
  employment |       ATET   std. err.      z    P>|z|     [95% conf. interval]
-------------+----------------------------------------------------------------
       treat |
   (1 vs 0)  |   .9218879   .8005316     1.15   0.249    -.6471253    2.490901
------------------------------------------------------------------------------
Note: Aggregation weights vary across times and cohorts.

. estat aggregation, cohort

ATET over cohort                                           Number of obs = 500

                                (Std. err. adjusted for 50 clusters in county)
------------------------------------------------------------------------------
             |               Robust
      Cohort |       ATET   std. err.      z    P>|z|     [95% conf. interval]
-------------+----------------------------------------------------------------
        2015 |    1.35678   1.174805     1.15   0.248    -.9457964    3.659356
        2017 |   .7501689   1.324119     0.57   0.571    -1.845056    3.345394
        2019 |  -.7374146   1.850183    -0.40   0.690    -4.363707    2.888877
------------------------------------------------------------------------------
Note: Aggregation weights vary across times and cohorts.

. 
. display as text "场景 2 完成：hdidregress aipw 报告总体 ATT"
场景 2 完成：hdidregress aipw 报告总体 ATT

. 
. * ============================================================
. * 场景 3：错时 DID + 计数结果 → jwdid poisson
. *
. * 用户场景：医院就诊次数评估，不同医院在不同时间接受干预
. * 数据结构：面板（40 家医院 × 8 年）
. * 结果变量：就诊次数（计数数据）
. * ============================================================
. display as text "=== 场景 3：错时 DID + 计数结果 → jwdid poisson ==="
=== 场景 3：错时 DID + 计数结果 → jwdid poisson ===

. 
. * 检查 jwdid 是否安装
. capture which jwdid

. if _rc != 0 {
.     display as text "jwdid 未安装，跳过场景 3"
jwdid 未安装，跳过场景 3
.     display as text "安装命令：ssc install hdfe jwdid, replace"
安装命令：ssc install hdfe jwdid, replace
. }

. else {
.     clear
.     set obs 320                    // 40 家医院 × 8 年
.     gen hospital = ceil(_n/8)
.     gen year = mod(_n-1, 8) + 2015
.     gen first_treat = cond(hospital <= 10, 2017, cond(hospital <= 20, 2019, 0
> ))
.     gen treat = (first_treat > 0 & year >= first_treat)
.     gen visits = rpoisson(5 + 2*treat)
. 
.     xtset hospital year
.     jwdid visits, ivar(hospital) tvar(year) gvar(first_treat) method(poisson)
>  group
.     
.     estat simple
.     estat event
.     
.     display as text "场景 3 完成：jwdid poisson 报告 ATT"
. }

. 
. * ============================================================
. * 场景 4：错时 DID + leaveout 方差修正 → did_imputation
. *
. * 用户场景：面板数据，错时处理，想要最精确的标准误
. * 数据结构：面板（40 个单位 × 10 期）
. * 用户需求：有限样本方差修正（leaveout）
. * ============================================================
. display as text "=== 场景 4：错时 DID + leaveout → did_imputation ==="
=== 场景 4：错时 DID + leaveout → did_imputation ===

. 
. * 检查 did_imputation 是否安装
. capture which did_imputation

. if _rc != 0 {
.     display as text "did_imputation 未安装，跳过场景 4"
did_imputation 未安装，跳过场景 4
.     display as text "安装命令：ssc install reghdfe did_imputation, replace"
安装命令：ssc install reghdfe did_imputation, replace
. }

. else {
.     clear
.     set obs 400                    // 40 个单位 × 10 期
.     gen id = ceil(_n/10)
.     gen t = mod(_n-1, 10) + 1
.     gen first_treat = cond(id <= 10, 3, cond(id <= 20, 7, 0))
.     gen treat = (first_treat > 0 & t >= first_treat)
.     gen y = 2 + 0.5*t + 1.0*treat + rnormal(0, 1)
.     
.     * did_imputation 的 Ei 编码：缺失值 = 从未处理（不同于 csdid/jwdid 的 gva
> r=0）
.     gen Ei = first_treat
.     replace Ei = . if first_treat == 0
.     
.     * 基本估计 + leaveout 方差修正
.     did_imputation y id t Ei, horizons(0/5) leaveout autosample
.     
.     * 平行趋势检验
.     did_imputation y id t Ei, pretrends(5)
.     
.     display as text "场景 4 完成：did_imputation leaveout 报告 ATT + 平行趋势
> 检验"
. }

. 
. * ============================================================
. * 场景 5：少数处理单位 → synth
. *
. * 用户场景：加州控烟政策评估，只有 1 个处理单位
. * 数据结构：面板（39 个州 × 31 年）
. * 处理单位：只有加州（1 个）
. * ============================================================
. display as text "=== 场景 5：少数处理单位 → synth ==="
=== 场景 5：少数处理单位 → synth ===

. 
. * 检查 synth 是否安装
. capture which synth

. if _rc != 0 {
.     display as text "synth 未安装，跳过场景 5"
.     display as text "安装命令：ssc install synth, replace"
. }

. else {
.     * 使用 synth_smoking.dta 数据
.     capture use "../synth/synth_smoking.dta", clear
.     if _rc != 0 {
.         display as text "synth_smoking.dta 不存在，跳过场景 5"
synth_smoking.dta 不存在，跳过场景 5
.         display as text "下载命令：cd data/synth && bash download_synth_smoki
> ng.sh"
下载命令：cd data/synth && bash download_synth_smoking.sh
.     }
.     else {
.         tsset state year
.         
.         * 合成控制法
.         synth cigsale beer(1984(1)1988) lnincome(1972(1)1988) retprice age15t
> o24 ///
>               cigsale(1988) cigsale(1980) cigsale(1975), ///
>               trunit(3) trperiod(1989) xperiod(1980(1)1988) nested
.         
.         display as text "场景 5 完成：synth 报告加州 Prop 99 的合成控制估计"
.     }
. }

. 
. * ============================================================
. * 总结
. * ============================================================
. display as text ""


. display as text "=== 方法选择 Demo 总结 ==="
=== 方法选择 Demo 总结 ===

. display as text "场景 1：简单 2x2 DID → xtdidregress"
场景 1：简单 2x2 DID → xtdidregress

. display as text "场景 2：错时 DID → hdidregress aipw"
场景 2：错时 DID → hdidregress aipw

. display as text "场景 3：错时 + 计数结果 → jwdid poisson"
场景 3：错时 + 计数结果 → jwdid poisson

. display as text "场景 4：错时 + leaveout → did_imputation"
场景 4：错时 + leaveout → did_imputation

. display as text "场景 5：少数处理单位 → synth"
场景 5：少数处理单位 → synth

. display as text ""


. display as text "详细说明见 demo/SELECTION_DEMO.md"
详细说明见 demo/SELECTION_DEMO.md

. 
end of do-file
