
  ___  ____  ____  ____  ____ ®
 /__    /   ____/   /   ____/      StataNow 19.5
___/   /   /___/   /   /___/       MP—Parallel Edition

 Statistics and Data Science       Copyright 1985-2025 StataCorp LLC
                                   StataCorp
                                   4905 Lakeway Drive
                                   College Station, Texas 77845 USA
                                   800-782-8272        https://www.stata.com
                                   979-696-4600        service@stata.com

Stata license: 114514-student 64-core lab perpetual
Serial number: 9223372036854775807
  Licensed to: zhangjian
               sicau

Notes:
      1. Stata is running in batch mode.
      2. Unicode is supported; see help unicode_advice.
      3. More than 2 billion observations are allowed; see help obs_advice.
      4. Maximum number of variables is set to 5,000 but can be increased;
          see help set_maxvar.

. do C:/Users/jefeer/Downloads/stataskills/verify/verify-dce.do 

. version 19.5

. * ==== VERIFY CONTRACT ====
. * skill:    stata-dce
. * chapter:  choice-models
. * data:     sim:30x4x3
. * checks:   cmset+clogit+wtp+mixlogit+lclogitpr+probcalc
. * =========================
. 
. display "DCE_CONTRACT_REQUIRED"
DCE_CONTRACT_REQUIRED

. clear

. set seed 20260910

. set obs 30
Number of observations (_N) was 0, now 30.

. gen respondent = _n

. expand 4
(90 observations created)

. bysort respondent: gen task = _n

. expand 3
(240 observations created)

. bysort respondent task: gen alternative = _n

. gen price = alternative + rnormal()

. gen quality = (alternative == 2) + rnormal()

. gen latent = -.7 * price + .9 * quality + rnormal()

. bysort respondent task: egen maxlatent = max(latent)

. gen chosen = latent == maxlatent

. drop latent maxlatent

. 
. isid respondent task alternative

. by respondent task: egen nalt = count(alternative)

. by respondent task: egen nchosen = total(chosen)

. assert nalt == 3

. assert nchosen == 1

. display "DCE_CHOICESET_INVARIANT_OK"
DCE_CHOICESET_INVARIANT_OK

. 
. cmset respondent task alternative
note: case identifier _caseid generated from respondent and task.
note: panel by alternatives identifier _panelaltid generated from respondent
      and alternative.

                    Panel data: Panels respondent and time task
              Case ID variable: _caseid
         Alternatives variable: alternative
Panel by alternatives variable: _panelaltid (strongly balanced)
                 Time variable: task, 1 to 4
                         Delta: 1 unit

Note: Data have been xtset.

. display "DCE_CMSET_OK"
DCE_CMSET_OK

. cmclogit chosen price quality, vce(cluster respondent)

Iteration 0:  Log pseudolikelihood = -68.446449  
Iteration 1:  Log pseudolikelihood = -67.216248  
Iteration 2:  Log pseudolikelihood = -67.133852  
Iteration 3:  Log pseudolikelihood = -67.133765  
Iteration 4:  Log pseudolikelihood = -67.133765  

Conditional logit choice model                 Number of obs      =        360
Case ID variable: _caseid                      Number of cases    =        120

Alternatives variable: alternative             Alts per case: min =          3
                                                              avg =        3.0
                                                              max =          3

                                                  Wald chi2(2)    =      41.88
Log pseudolikelihood = -67.133765                 Prob > chi2     =     0.0000

                            (Std. err. adjusted for 30 clusters in respondent)
------------------------------------------------------------------------------
             |               Robust
      chosen | Coefficient  std. err.      z    P>|z|     [95% conf. interval]
-------------+----------------------------------------------------------------
alternative  |
       price |  -.8865026    .155656    -5.70   0.000    -1.191583   -.5814224
     quality |    .970587   .2141333     4.53   0.000     .5508935    1.390281
-------------+----------------------------------------------------------------
1            |  (base alternative)
-------------+----------------------------------------------------------------
2            |
       _cons |  -.0242758   .3292681    -0.07   0.941    -.6696295    .6210779
-------------+----------------------------------------------------------------
3            |
       _cons |  -1.409446   .6470782    -2.18   0.029    -2.677696   -.1411958
------------------------------------------------------------------------------

. assert e(N) > 0

. display "DCE_CL_RESULTS_OK"
DCE_CL_RESULTS_OK

. 
. cmmixlogit chosen price, random(quality) ///
>     intmethod(random) intpoints(10) intseed(20260910) ///
>     vce(cluster respondent)

Fitting fixed parameter model:

Fitting full model:

Iteration 0:  Log simulated-pseudolikelihood = -66.818585  
Iteration 1:  Log simulated-pseudolikelihood = -66.741718  
Iteration 2:  Log simulated-pseudolikelihood = -66.741052  
Iteration 3:  Log simulated-pseudolikelihood = -66.741052  

Mixed logit choice model                       Number of obs      =        360
Case ID variable: _caseid                      Number of cases    =        120

Alternatives variable: alternative             Alts per case: min =          3
                                                              avg =        3.0
                                                              max =          3
Integration sequence:                random
Integration points:                      10       Wald chi2(2)    =      20.66
Log simulated-pseudolikelihood = -66.741052       Prob > chi2     =     0.0000

                            (Std. err. adjusted for 30 clusters in respondent)
------------------------------------------------------------------------------
             |               Robust
      chosen | Coefficient  std. err.      z    P>|z|     [95% conf. interval]
-------------+----------------------------------------------------------------
alternative  |
       price |  -.9333554   .2064914    -4.52   0.000    -1.338071   -.5286397
     quality |    1.05493   .3517201     3.00   0.003     .3655716    1.744289
-------------+----------------------------------------------------------------
/Normal      |
  sd(quality)|   .3839009   .6015407                      .0178015    8.279059
-------------+----------------------------------------------------------------
1            |  (base alternative)
-------------+----------------------------------------------------------------
2            |
       _cons |   .0016247   .3168978     0.01   0.996    -.6194835    .6227329
-------------+----------------------------------------------------------------
3            |
       _cons |  -1.442484   .6092054    -2.37   0.018    -2.636505   -.2484636
------------------------------------------------------------------------------

. assert e(N) > 0

. display "DCE_MIXED_LOGIT_OK"
DCE_MIXED_LOGIT_OK

. 
. cap which mixlogit

. local has_mixlogit = (_rc == 0)

. if !`has_mixlogit' {
.     display "__COMMUNITY_PACKAGE_OPTIONAL_MISSING__mixlogit__"
. }

. cap which lclogit

. local has_lclogit = (_rc == 0)

. if !`has_lclogit' {
.     display "__COMMUNITY_PACKAGE_OPTIONAL_MISSING__lclogit__"
. }

. cap which fmlogit

. local has_fmlogit = (_rc == 0)

. if !`has_fmlogit' {
.     display "__COMMUNITY_PACKAGE_OPTIONAL_MISSING__fmlogit__"
. }

. cap which wtp

. local has_wtp = (_rc == 0)

. if !`has_wtp' {
.     display "__COMMUNITY_PACKAGE_OPTIONAL_MISSING__wtp__"
. }

. cap which probcalc

. local has_probcalc = (_rc == 0)

. if !`has_probcalc' {
.     display "__COMMUNITY_PACKAGE_OPTIONAL_MISSING__probcalc__"
. }

. 
. egen grid = group(respondent task)

. clogit chosen price quality, group(grid) vce(cluster respondent)

Iteration 0:  Log pseudolikelihood =  -71.25565  
Iteration 1:  Log pseudolikelihood = -70.837813  
Iteration 2:  Log pseudolikelihood = -70.837773  
Iteration 3:  Log pseudolikelihood = -70.837773  

Conditional (fixed-effects) logistic regression         Number of obs =    360
                                                        Wald chi2(2)  =  54.64
                                                        Prob > chi2   = 0.0000
Log pseudolikelihood = -70.837773                       Pseudo R2     = 0.4627

                            (Std. err. adjusted for 30 clusters in respondent)
------------------------------------------------------------------------------
             |               Robust
      chosen | Coefficient  std. err.      z    P>|z|     [95% conf. interval]
-------------+----------------------------------------------------------------
       price |  -1.066715   .1563193    -6.82   0.000    -1.373095   -.7603345
     quality |   1.107577    .179335     6.18   0.000     .7560866    1.459067
------------------------------------------------------------------------------

. assert e(converged) == 1

. scalar expected_wtp = -_b[quality]/_b[price]

. if `has_wtp' {
.     wtp price quality, delta

       quality
wtp  1.0383065
 ll   .7425753
 ul  1.3340378
.     matrix w = r(wtp)
.     assert abs(w[1,1] - expected_wtp) < 1e-8
.     wtp price quality, fieller

       quality
wtp  1.0383065
 ll  .76311567
 ul  1.3846857
.     wtp price quality, krinsky reps(1000) seed(1234)

       quality
wtp  1.0383065
 ll  .76564818
 ul  1.3794201
.     display "DCE_WTP_OK"
DCE_WTP_OK
. }

. if `has_mixlogit' {
.     mixlogit chosen price, group(grid) id(respondent) rand(quality) nrep(100)

Iteration 0:  Log likelihood = -70.844734  
Iteration 1:  Log likelihood = -70.835889  
Iteration 2:  Log likelihood = -70.835855  
Iteration 3:  Log likelihood = -70.835855  

Mixed logit model                                       Number of obs =    360
                                                        LR chi2(1)    =   0.00
Log likelihood = -70.835855                             Prob > chi2   = 0.9506

------------------------------------------------------------------------------
      chosen | Coefficient  Std. err.      z    P>|z|     [95% conf. interval]
-------------+----------------------------------------------------------------
Mean         |
       price |  -1.066983   .1610994    -6.62   0.000    -1.382732   -.7512341
     quality |   1.108021   .1837382     6.03   0.000     .7479003    1.468141
-------------+----------------------------------------------------------------
SD           |
     quality |   .0323796   .5217098     0.06   0.951    -.9901528    1.054912
------------------------------------------------------------------------------
The sign of the estimated standard deviations is irrelevant: interpret them as
being positive
.     assert e(converged) == 1
.     mixlpred double mixed_pr, nrep(100)
.     bysort grid: egen double mixed_sum = total(mixed_pr)
.     assert inrange(mixed_pr, 0, 1)
.     assert abs(mixed_sum - 1) < 1e-6
.     display "DCE_COMMUNITY_MIXLOGIT_OK"
DCE_COMMUNITY_MIXLOGIT_OK
. }

. if `has_lclogit' & `has_fmlogit' {
.     * Two classes test the API; five classes require a larger application sam
> ple.
.     gen male = mod(respondent, 2)
.     lclogit chosen price quality, group(grid) id(respondent) ///
>         ncl(2) seed(1234) membership(male) iterate(500)

Iteration 0:  log likelihood = -70.915903
Iteration 1:  log likelihood = -70.80353
Iteration 2:  log likelihood = -70.721488
Iteration 3:  log likelihood = -70.633849
Iteration 4:  log likelihood = -70.52958
Iteration 5:  log likelihood = -70.407856
Iteration 6:  log likelihood = -70.276718
Iteration 7:  log likelihood = -70.149256
Iteration 8:  log likelihood = -70.036864
Iteration 9:  log likelihood = -69.944353
Iteration 10:  log likelihood = -69.870377
Iteration 11:  log likelihood = -69.810941
Iteration 12:  log likelihood = -69.76218
Iteration 13:  log likelihood = -69.721288
Iteration 14:  log likelihood = -69.686396
Iteration 15:  log likelihood = -69.656244
Iteration 16:  log likelihood = -69.629935
Iteration 17:  log likelihood = -69.606805
Iteration 18:  log likelihood = -69.586339
Iteration 19:  log likelihood = -69.568133
Iteration 20:  log likelihood = -69.551865
Iteration 21:  log likelihood = -69.53727
Iteration 22:  log likelihood = -69.524134
Iteration 23:  log likelihood = -69.512276
Iteration 24:  log likelihood = -69.501544
Iteration 25:  log likelihood = -69.491811
Iteration 26:  log likelihood = -69.482966
Iteration 27:  log likelihood = -69.474914
Iteration 28:  log likelihood = -69.467573
Iteration 29:  log likelihood = -69.46087
Iteration 30:  log likelihood = -69.454741
Iteration 31:  log likelihood = -69.44913
Iteration 32:  log likelihood = -69.443987
Iteration 33:  log likelihood = -69.439269
Iteration 34:  log likelihood = -69.434935
Iteration 35:  log likelihood = -69.43095
Iteration 36:  log likelihood = -69.427283
Iteration 37:  log likelihood = -69.423904
Iteration 38:  log likelihood = -69.420787
Iteration 39:  log likelihood = -69.417911
Iteration 40:  log likelihood = -69.415253
Iteration 41:  log likelihood = -69.412794
Iteration 42:  log likelihood = -69.410518
Iteration 43:  log likelihood = -69.408408
Iteration 44:  log likelihood = -69.406452
Iteration 45:  log likelihood = -69.404634
Iteration 46:  log likelihood = -69.402945
Iteration 47:  log likelihood = -69.401374
Iteration 48:  log likelihood = -69.39991
Iteration 49:  log likelihood = -69.398545
Iteration 50:  log likelihood = -69.397271
Iteration 51:  log likelihood = -69.39608
Iteration 52:  log likelihood = -69.394967
Iteration 53:  log likelihood = -69.393924
Iteration 54:  log likelihood = -69.392947
Iteration 55:  log likelihood = -69.39203
Iteration 56:  log likelihood = -69.391168
Iteration 57:  log likelihood = -69.390357
Iteration 58:  log likelihood = -69.389594
Iteration 59:  log likelihood = -69.388875
Iteration 60:  log likelihood = -69.388196
Iteration 61:  log likelihood = -69.387555
Iteration 62:  log likelihood = -69.386948
Iteration 63:  log likelihood = -69.386374
Iteration 64:  log likelihood = -69.38583
Iteration 65:  log likelihood = -69.385314
Iteration 66:  log likelihood = -69.384823
Iteration 67:  log likelihood = -69.384357
Iteration 68:  log likelihood = -69.383913
Iteration 69:  log likelihood = -69.38349
Iteration 70:  log likelihood = -69.383087
Iteration 71:  log likelihood = -69.382702
Iteration 72:  log likelihood = -69.382334
Iteration 73:  log likelihood = -69.381981
Iteration 74:  log likelihood = -69.381644
Iteration 75:  log likelihood = -69.381321
Iteration 76:  log likelihood = -69.381011
Iteration 77:  log likelihood = -69.380713
Iteration 78:  log likelihood = -69.380427
Iteration 79:  log likelihood = -69.380152
Iteration 80:  log likelihood = -69.379887
Iteration 81:  log likelihood = -69.379632
Iteration 82:  log likelihood = -69.379385
Iteration 83:  log likelihood = -69.379148
Iteration 84:  log likelihood = -69.378919
Iteration 85:  log likelihood = -69.378697
Iteration 86:  log likelihood = -69.378483
Iteration 87:  log likelihood = -69.378276
Iteration 88:  log likelihood = -69.378075
Iteration 89:  log likelihood = -69.377881
Iteration 90:  log likelihood = -69.377692
Iteration 91:  log likelihood = -69.37751
Iteration 92:  log likelihood = -69.377332
Iteration 93:  log likelihood = -69.37716
Iteration 94:  log likelihood = -69.376993
Iteration 95:  log likelihood = -69.37683
Iteration 96:  log likelihood = -69.376672
Iteration 97:  log likelihood = -69.376518
Iteration 98:  log likelihood = -69.376369
Iteration 99:  log likelihood = -69.376223
Iteration 100:  log likelihood = -69.376081
Iteration 101:  log likelihood = -69.375943
Iteration 102:  log likelihood = -69.375808
Iteration 103:  log likelihood = -69.375677
Iteration 104:  log likelihood = -69.375549
Iteration 105:  log likelihood = -69.375424
Iteration 106:  log likelihood = -69.375302
Iteration 107:  log likelihood = -69.375183
Iteration 108:  log likelihood = -69.375066
Iteration 109:  log likelihood = -69.374953
Iteration 110:  log likelihood = -69.374842
Iteration 111:  log likelihood = -69.374733
Iteration 112:  log likelihood = -69.374627
Iteration 113:  log likelihood = -69.374524
Iteration 114:  log likelihood = -69.374422
Iteration 115:  log likelihood = -69.374323
Iteration 116:  log likelihood = -69.374226
Iteration 117:  log likelihood = -69.374132
Iteration 118:  log likelihood = -69.374039
Iteration 119:  log likelihood = -69.373948
Iteration 120:  log likelihood = -69.373859
Iteration 121:  log likelihood = -69.373772
Iteration 122:  log likelihood = -69.373687
Iteration 123:  log likelihood = -69.373603
Iteration 124:  log likelihood = -69.373521
Iteration 125:  log likelihood = -69.373441
Iteration 126:  log likelihood = -69.373363
Iteration 127:  log likelihood = -69.373286
Iteration 128:  log likelihood = -69.373211
Iteration 129:  log likelihood = -69.373137
Iteration 130:  log likelihood = -69.373065
Iteration 131:  log likelihood = -69.372994
Iteration 132:  log likelihood = -69.372924
Iteration 133:  log likelihood = -69.372856
Iteration 134:  log likelihood = -69.372789
Iteration 135:  log likelihood = -69.372724
Iteration 136:  log likelihood = -69.372659
Iteration 137:  log likelihood = -69.372596
Iteration 138:  log likelihood = -69.372535
Iteration 139:  log likelihood = -69.372474
Iteration 140:  log likelihood = -69.372414
Iteration 141:  log likelihood = -69.372356
Iteration 142:  log likelihood = -69.372299
Iteration 143:  log likelihood = -69.372243
Iteration 144:  log likelihood = -69.372188
Iteration 145:  log likelihood = -69.372134
Iteration 146:  log likelihood = -69.372081
Iteration 147:  log likelihood = -69.372029
Iteration 148:  log likelihood = -69.371978
Iteration 149:  log likelihood = -69.371928
Iteration 150:  log likelihood = -69.371878
Iteration 151:  log likelihood = -69.37183
Iteration 152:  log likelihood = -69.371783
Iteration 153:  log likelihood = -69.371736
Iteration 154:  log likelihood = -69.371691
Iteration 155:  log likelihood = -69.371646
Iteration 156:  log likelihood = -69.371602
Iteration 157:  log likelihood = -69.371559
Iteration 158:  log likelihood = -69.371516
Iteration 159:  log likelihood = -69.371475
Iteration 160:  log likelihood = -69.371434
Iteration 161:  log likelihood = -69.371394
Iteration 162:  log likelihood = -69.371354
Iteration 163:  log likelihood = -69.371316
Iteration 164:  log likelihood = -69.371278
Iteration 165:  log likelihood = -69.371241
Iteration 166:  log likelihood = -69.371204
Iteration 167:  log likelihood = -69.371168
Iteration 168:  log likelihood = -69.371133
Iteration 169:  log likelihood = -69.371098
Iteration 170:  log likelihood = -69.371064
Iteration 171:  log likelihood = -69.371031
Iteration 172:  log likelihood = -69.370998
Iteration 173:  log likelihood = -69.370966
Iteration 174:  log likelihood = -69.370934
Iteration 175:  log likelihood = -69.370903
Iteration 176:  log likelihood = -69.370873
Iteration 177:  log likelihood = -69.370843
Iteration 178:  log likelihood = -69.370813
Iteration 179:  log likelihood = -69.370784
Iteration 180:  log likelihood = -69.370756
Iteration 181:  log likelihood = -69.370728
Iteration 182:  log likelihood = -69.370701
Iteration 183:  log likelihood = -69.370674
Iteration 184:  log likelihood = -69.370647
Iteration 185:  log likelihood = -69.370621
Iteration 186:  log likelihood = -69.370596
Iteration 187:  log likelihood = -69.370571
Iteration 188:  log likelihood = -69.370546
Iteration 189:  log likelihood = -69.370522
Iteration 190:  log likelihood = -69.370498
Iteration 191:  log likelihood = -69.370475
Iteration 192:  log likelihood = -69.370452
Iteration 193:  log likelihood = -69.370429
Iteration 194:  log likelihood = -69.370407
Iteration 195:  log likelihood = -69.370385
Iteration 196:  log likelihood = -69.370364
Iteration 197:  log likelihood = -69.370343
Iteration 198:  log likelihood = -69.370323
Iteration 199:  log likelihood = -69.370302
Iteration 200:  log likelihood = -69.370282
Iteration 201:  log likelihood = -69.370263
Iteration 202:  log likelihood = -69.370244
Iteration 203:  log likelihood = -69.370225
Iteration 204:  log likelihood = -69.370206
Iteration 205:  log likelihood = -69.370188
Iteration 206:  log likelihood = -69.37017
Iteration 207:  log likelihood = -69.370153
Iteration 208:  log likelihood = -69.370136
Iteration 209:  log likelihood = -69.370119
Iteration 210:  log likelihood = -69.370102
Iteration 211:  log likelihood = -69.370086
Iteration 212:  log likelihood = -69.370069
Iteration 213:  log likelihood = -69.370054
Iteration 214:  log likelihood = -69.370038
Iteration 215:  log likelihood = -69.370023
Iteration 216:  log likelihood = -69.370008
Iteration 217:  log likelihood = -69.369993
Iteration 218:  log likelihood = -69.369979
Iteration 219:  log likelihood = -69.369965
Iteration 220:  log likelihood = -69.369951
Iteration 221:  log likelihood = -69.369937
Iteration 222:  log likelihood = -69.369923

Latent class model with 2 latent classes

Choice model parameters and average classs shares
-------------------------------
    Variable |  Class1   Class2 
-------------+-----------------
       price |  -0.885   -1.365 
     quality |   0.864    1.478 
-------------+-----------------
 Class Share |   0.499    0.501 
-------------------------------

Class membership model parameters : Class2 = Reference class
-------------------------------
    Variable |  Class1   Class2 
-------------+-----------------
        male |  23.055    0.000 
       _cons | -17.224    0.000 
-------------------------------

Note: Model estimated via EM algorithm
.     matrix list e(b)

e(b)[1,6]
       choice1:    choice1:    choice2:    choice2:     share1:     share1:
         price     quality       price     quality        male       _cons
y1  -.88496555    .8642694  -1.3648034   1.4780897   23.055271  -17.224383
.     lclogitpr double Pr0, pr0
.     lclogitpr double PrC, pr
.     lclogitpr double H, up
.     lclogitpr double G, cp
.     foreach p in Pr0 PrC PrC1 PrC2 {
  2.         assert inrange(`p', 0, 1)
  3.         bysort grid: egen double sum_`p' = total(`p')
  4.         assert abs(sum_`p' - 1) < 1e-6
  5.     }
.     foreach p in H1 H2 G1 G2 {
  2.         assert inrange(`p', 0, 1)
  3.         bysort respondent (`p'): assert abs(`p' - `p'[1]) < 1e-8
  4.     }
.     assert abs(H1 + H2 - 1) < 1e-6
.     assert abs(G1 + G2 - 1) < 1e-6
.     assert abs(Pr0 - (H1*PrC1 + H2*PrC2)) < 1e-6
.     gen double b_price = _b[choice1:price]*G1 + _b[choice2:price]*G2
.     gen double b_quality = _b[choice1:quality]*G1 + _b[choice2:quality]*G2
.     gen double b_price_short = [choice1]price*G1 + [choice2]price*G2
.     assert abs(b_price - b_price_short) < 1e-8
.     egen byte person_tag = tag(respondent)
.     summarize H1 H2 G1 G2 b_price b_quality if person_tag

    Variable |        Obs        Mean    Std. dev.       Min        Max
-------------+---------------------------------------------------------
          H1 |         30    .4985366    .5070592   3.31e-08   .9970731
          H2 |         30    .5014634    .5070592   .0029269          1
          G1 |         30    .4985617    .5070859   1.74e-08   .9995559
          G2 |         30    .5014383    .5070859   .0004441          1
     b_price |         30   -1.125575     .243319  -1.364803  -.8851786
-------------+---------------------------------------------------------
   b_quality |         30    1.172062    .3112596    .864542    1.47809
.     display "DCE_LCLOGIT_PROBABILITIES_OK"
DCE_LCLOGIT_PROBABILITIES_OK
. }

. if `has_probcalc' {
.     * This is a distribution calculator, not a choice-model postestimator.
.     probcalc b 10 0.5 exactly 5
Distribution: Binomial
n=10
p= .5
option:exactly
x=5
P(X=5)=.24609375
.     display "DCE_PROBCALC_DISTRIBUTION_ONLY_OK"
DCE_PROBCALC_DISTRIBUTION_ONLY_OK
. }

. 
end of do-file
