
  ___  ____  ____  ____  ____ ®
 /__    /   ____/   /   ____/      StataNow 19.5
___/   /   /___/   /   /___/       MP—Parallel Edition

 Statistics and Data Science       Copyright 1985-2025 StataCorp LLC
                                   StataCorp
                                   4905 Lakeway Drive
                                   College Station, Texas 77845 USA
                                   800-782-8272        https://www.stata.com
                                   979-696-4600        service@stata.com

Stata license: 114514-student 64-core lab perpetual
Serial number: 9223372036854775807
  Licensed to: zhangjian
               sicau

Notes:
      1. Stata is running in batch mode.
      2. Unicode is supported; see help unicode_advice.
      3. More than 2 billion observations are allowed; see help obs_advice.
      4. Maximum number of variables is set to 5,000 but can be increased;
          see help set_maxvar.

. do C:/Users/jefeer/Downloads/stataskills/verify/verify-count.do 

. version 19.5

. * ==== VERIFY CONTRACT ====
. * skill:    stata-count
. * chapter:  count-ppml
. * data:     sim:600
. * checks:   poisson+nbreg+zip+zinb+ppmlhdfe
. * =========================
. clear

. set seed 20260911

. set obs 600
Number of observations (_N) was 0, now 600.

. gen id = ceil(_n/6)

. bysort id: gen t = _n

. gen double x = rnormal()

. gen double z = rnormal()

. gen double exposure = 1 + runiform()*2

. gen double log_exposure = ln(exposure)

. gen double mu = exposure*exp(.3 + .4*x)

. gen y = rpoisson(mu)

. assert y >= 0 & y == floor(y) & !missing(y)

. assert exposure > 0 & exposure < .

. poisson y c.x, exposure(exposure) vce(cluster id)

Iteration 0:  Log pseudolikelihood = -1094.1673  
Iteration 1:  Log pseudolikelihood = -1094.1673  

Poisson regression                                      Number of obs =    600
                                                        Wald chi2(1)  = 315.15
                                                        Prob > chi2   = 0.0000
Log pseudolikelihood = -1094.1673                       Pseudo R2     = 0.1060

                                   (Std. err. adjusted for 100 clusters in id)
------------------------------------------------------------------------------
             |               Robust
           y | Coefficient  std. err.      z    P>|z|     [95% conf. interval]
-------------+----------------------------------------------------------------
           x |   .3828627   .0215668    17.75   0.000     .3405926    .4251329
       _cons |   .3225395   .0291991    11.05   0.000     .2653102    .3797687
ln(exposure) |          1  (exposure)
------------------------------------------------------------------------------

. estimates store pois

. assert e(converged) == 1

. scalar b_exp = _b[x]

. predict double mean_count, n

. predict double rate, ir

. assert abs(mean_count - rate*exposure) < 1e-7

. margins, dydx(x) predict(n)

Average marginal effects                                   Number of obs = 600
Model VCE: Robust

Expression: Predicted number of events, predict(n)
dy/dx wrt:  x

------------------------------------------------------------------------------
             |            Delta-method
             |      dy/dx   std. err.      z    P>|z|     [95% conf. interval]
-------------+----------------------------------------------------------------
           x |   1.127531   .0661463    17.05   0.000     .9978863    1.257175
------------------------------------------------------------------------------

. test x

 ( 1)  [y]x = 0

           chi2(  1) =  315.15
         Prob > chi2 =    0.0000

. poisson y c.x, offset(log_exposure) vce(cluster id)

Iteration 0:  Log pseudolikelihood = -1094.1673  
Iteration 1:  Log pseudolikelihood = -1094.1673  

Poisson regression                                      Number of obs =    600
                                                        Wald chi2(1)  = 315.15
                                                        Prob > chi2   = 0.0000
Log pseudolikelihood = -1094.1673                       Pseudo R2     = 0.1060

                                   (Std. err. adjusted for 100 clusters in id)
------------------------------------------------------------------------------
             |               Robust
           y | Coefficient  std. err.      z    P>|z|     [95% conf. interval]
-------------+----------------------------------------------------------------
           x |   .3828627   .0215668    17.75   0.000     .3405926    .4251329
       _cons |   .3225395   .0291991    11.05   0.000     .2653102    .3797687
log_exposure |          1  (offset)
------------------------------------------------------------------------------

. assert abs(_b[x] - b_exp) < 1e-8

. * GOF uses the count likelihood; its p-value does not validate robust PPML.
. poisson y c.x, exposure(exposure)

Iteration 0:  Log likelihood = -1094.1673  
Iteration 1:  Log likelihood = -1094.1673  

Poisson regression                                      Number of obs =    600
                                                        LR chi2(1)    = 259.56
                                                        Prob > chi2   = 0.0000
Log likelihood = -1094.1673                             Pseudo R2     = 0.1060

------------------------------------------------------------------------------
           y | Coefficient  Std. err.      z    P>|z|     [95% conf. interval]
-------------+----------------------------------------------------------------
           x |   .3828627   .0238508    16.05   0.000      .336116    .4296094
       _cons |   .3225395   .0253545    12.72   0.000     .2728455    .3722334
ln(exposure) |          1  (exposure)
------------------------------------------------------------------------------

. estat gof

         Deviance goodness-of-fit =  641.8128
         Prob > chi2(598)         =    0.1045

         Pearson goodness-of-fit  =  556.4976
         Prob > chi2(598)         =    0.8868

. gen double pearson_sq = (y - mean_count)^2/mean_count

. summarize pearson_sq

    Variable |        Obs        Mean    Std. dev.       Min        Max
-------------+---------------------------------------------------------
  pearson_sq |        600    .9274961     1.31954   .0000107   12.80531

. display "COUNT_EXPOSURE_OK"
COUNT_EXPOSURE_OK

. 
. gen double hetero_mu = mu*rgamma(2,.5)

. gen y_over = rpoisson(hetero_mu)

. nbreg y_over c.x, exposure(exposure) vce(cluster id)

Fitting Poisson model:

Iteration 0:  Log pseudolikelihood =  -1425.087  
Iteration 1:  Log pseudolikelihood =  -1425.087  

Fitting constant-only model:

Iteration 0:  Log pseudolikelihood = -1318.1829  
Iteration 1:  Log pseudolikelihood = -1313.9937  
Iteration 2:  Log pseudolikelihood = -1313.9875  
Iteration 3:  Log pseudolikelihood = -1313.9875  

Fitting full model:

Iteration 0:  Log pseudolikelihood = -1259.4412  
Iteration 1:  Log pseudolikelihood = -1249.0946  
Iteration 2:  Log pseudolikelihood = -1248.7072  
Iteration 3:  Log pseudolikelihood = -1248.7068  
Iteration 4:  Log pseudolikelihood = -1248.7068  

Negative binomial regression                            Number of obs =    600
                                                        Wald chi2(1)  = 119.69
Dispersion: mean                                        Prob > chi2   = 0.0000
Log pseudolikelihood = -1248.7068                       Pseudo R2     = 0.0497

                                   (Std. err. adjusted for 100 clusters in id)
------------------------------------------------------------------------------
             |               Robust
      y_over | Coefficient  std. err.      z    P>|z|     [95% conf. interval]
-------------+----------------------------------------------------------------
           x |   .4728259   .0432182    10.94   0.000     .3881197    .5575321
       _cons |   .2846074   .0402296     7.07   0.000     .2057589    .3634558
ln(exposure) |          1  (exposure)
-------------+----------------------------------------------------------------
    /lnalpha |  -.6509921   .1089532                     -.8645365   -.4374478
-------------+----------------------------------------------------------------
       alpha |   .5215281   .0568222                      .4212468    .6456823
------------------------------------------------------------------------------

. assert e(converged) == 1

. predict double nb_mean, n

. assert nb_mean > 0 & nb_mean < .

. margins, dydx(x) predict(n)

Average marginal effects                                   Number of obs = 600
Model VCE: Robust

Expression: Predicted number of events, predict(n)
dy/dx wrt:  x

------------------------------------------------------------------------------
             |            Delta-method
             |      dy/dx   std. err.      z    P>|z|     [95% conf. interval]
-------------+----------------------------------------------------------------
           x |    1.39131   .1457887     9.54   0.000      1.10557    1.677051
------------------------------------------------------------------------------

. display "COUNT_NB_OK"
COUNT_NB_OK

. 
. gen byte structural_zero = runiform() < invlogit(-.7 + .6*z)

. gen y_zero = cond(structural_zero, 0, y_over)

. zip y_zero c.x, inflate(z) exposure(exposure) vce(cluster id)

Fitting constant-only model:

Iteration 0:  Log pseudolikelihood =  -1236.258  
Iteration 1:  Log pseudolikelihood = -1213.2368  
Iteration 2:  Log pseudolikelihood = -1213.2344  
Iteration 3:  Log pseudolikelihood = -1213.2344  

Fitting full model:

Iteration 0:  Log pseudolikelihood = -1213.2344  
Iteration 1:  Log pseudolikelihood = -1135.6563  
Iteration 2:  Log pseudolikelihood = -1132.0568  
Iteration 3:  Log pseudolikelihood = -1132.0472  
Iteration 4:  Log pseudolikelihood = -1132.0472  

Zero-inflated Poisson regression                        Number of obs =    600
Inflation model: logit                                  Nonzero obs   =    319
                                                        Zero obs      =    281
                                                        Wald chi2(1)  =  63.88
Log pseudolikelihood = -1132.047                        Prob > chi2   = 0.0000

                                   (Std. err. adjusted for 100 clusters in id)
------------------------------------------------------------------------------
             |               Robust
      y_zero | Coefficient  std. err.      z    P>|z|     [95% conf. interval]
-------------+----------------------------------------------------------------
y_zero       |
           x |   .4054819    .050733     7.99   0.000      .306047    .5049168
       _cons |   .3646768   .0540553     6.75   0.000     .2587304    .4706232
ln(exposure) |          1  (exposure)
-------------+----------------------------------------------------------------
inflate      |
           z |   .3901161   .0918155     4.25   0.000     .2101609    .5700712
       _cons |    -.39902   .0952924    -4.19   0.000    -.5857896   -.2122503
------------------------------------------------------------------------------

. estimates store zip_model

. assert e(converged) == 1

. predict double zip_p0, pr(0)

. assert inrange(zip_p0, 0, 1)

. margins, dydx(x) predict(n)

Average marginal effects                                   Number of obs = 600
Model VCE: Robust

Expression: Predicted number of events, predict(n)
dy/dx wrt:  x

------------------------------------------------------------------------------
             |            Delta-method
             |      dy/dx   std. err.      z    P>|z|     [95% conf. interval]
-------------+----------------------------------------------------------------
           x |    .747006   .1064503     7.02   0.000     .5383672    .9556448
------------------------------------------------------------------------------

. zinb y_zero c.x, inflate(z) exposure(exposure) vce(cluster id)

Fitting constant-only model:

Iteration 0:  Log pseudolikelihood = -1137.0916  
Iteration 1:  Log pseudolikelihood = -1076.6747  
Iteration 2:  Log pseudolikelihood = -1069.6795  
Iteration 3:  Log pseudolikelihood = -1068.1182  
Iteration 4:  Log pseudolikelihood = -1068.0032  
Iteration 5:  Log pseudolikelihood = -1068.0019  
Iteration 6:  Log pseudolikelihood = -1068.0019  

Fitting full model:

Iteration 0:  Log pseudolikelihood = -1068.0019  
Iteration 1:  Log pseudolikelihood = -1039.5972  
Iteration 2:  Log pseudolikelihood = -1035.9603  
Iteration 3:  Log pseudolikelihood = -1035.7212  
Iteration 4:  Log pseudolikelihood = -1035.7126  
Iteration 5:  Log pseudolikelihood = -1035.7126  

Zero-inflated negative binomial regression              Number of obs =    600
Inflation model: logit                                  Nonzero obs   =    319
                                                        Zero obs      =    281
                                                        Wald chi2(1)  =  67.25
Log pseudolikelihood = -1035.713                        Prob > chi2   = 0.0000

                                   (Std. err. adjusted for 100 clusters in id)
------------------------------------------------------------------------------
             |               Robust
      y_zero | Coefficient  std. err.      z    P>|z|     [95% conf. interval]
-------------+----------------------------------------------------------------
y_zero       |
           x |   .4616601   .0562959     8.20   0.000     .3513222    .5719981
       _cons |    .122737    .097086     1.26   0.206     -.067548    .3130221
ln(exposure) |          1  (exposure)
-------------+----------------------------------------------------------------
inflate      |
           z |   .7250342   .2572852     2.82   0.005     .2207645    1.229304
       _cons |   -1.29843   .4201765    -3.09   0.002    -2.121961   -.4748993
-------------+----------------------------------------------------------------
    /lnalpha |  -.2443242    .232838    -1.05   0.294    -.7006783    .2120299
-------------+----------------------------------------------------------------
       alpha |   .7832336   .1823666                      .4962486    1.236185
------------------------------------------------------------------------------

. estimates store zinb_model

. assert e(converged) == 1

. predict double zinb_p0, pr(0)

. assert inrange(zinb_p0, 0, 1)

. estat ic

Akaike's information criterion and Bayesian information criterion

-----------------------------------------------------------------------------
       Model |          N   ll(null)  ll(model)      df        AIC        BIC
-------------+---------------------------------------------------------------
  zinb_model |        600  -1068.002  -1035.713       5   2081.425    2103.41
-----------------------------------------------------------------------------
Note: BIC uses N = number of observations. See [R] IC note.

. display "COUNT_ZERO_MODELS_OK"
COUNT_ZERO_MODELS_OK

. 
. * PPML is also a conditional-mean estimator for noninteger nonnegative y.
. gen double value = y*exp(.15*z)

. poisson value c.x i.id i.t, vce(cluster id)
note: noncount dependent variable encountered; results correspond to an
      exponential-mean model rather than a poisson model.

Iteration 0:  Log pseudolikelihood = -1118.3972  
Iteration 1:  Log pseudolikelihood = -1118.3446  
Iteration 2:  Log pseudolikelihood = -1118.3446  

Poisson regression                                      Number of obs =    600
                                                        Wald chi2(6)  =      .
                                                        Prob > chi2   =      .
Log pseudolikelihood = -1118.3446                       Pseudo R2     = 0.1679

                                   (Std. err. adjusted for 100 clusters in id)
------------------------------------------------------------------------------
             |               Robust
       value | Coefficient  std. err.      z    P>|z|     [95% conf. interval]
-------------+----------------------------------------------------------------
           x |   .4134802   .0265458    15.58   0.000     .3614514    .4655091
             |
          id |
          2  |   .2620951    .019546    13.41   0.000     .2237856    .3004046
          3  |   -.097176   .0203733    -4.77   0.000     -.137107    -.057245
          4  |   .1742011    .010875    16.02   0.000     .1528866    .1955157
          5  |  -.5005731   .0239173   -20.93   0.000    -.5474501    -.453696
          6  |  -.1151855   .0127467    -9.04   0.000    -.1401686   -.0902023
          7  |  -.2459415   .0268736    -9.15   0.000    -.2986128   -.1932702
          8  |   .4987574   .0129728    38.45   0.000     .4733311    .5241836
          9  |  -.0089689   .0217511    -0.41   0.680    -.0516004    .0336626
         10  |  -.7801158    .007855   -99.31   0.000    -.7955113   -.7647203
         11  |   .2719767   .0190609    14.27   0.000      .234618    .3093354
         12  |   .0585334   .0152891     3.83   0.000     .0285674    .0884995
         13  |   .4603868    .022841    20.16   0.000     .4156193    .5051543
         14  |   .5374144    .016109    33.36   0.000     .5058413    .5689875
         15  |  -.3173521   .0275748   -11.51   0.000    -.3713978   -.2633064
         16  |   .4459781   .0305869    14.58   0.000     .3860288    .5059274
         17  |  -.0337338   .0174777    -1.93   0.054    -.0679895    .0005218
         18  |  -.2608271   .0228726   -11.40   0.000    -.3056566   -.2159975
         19  |  -.1061725   .0227678    -4.66   0.000    -.1507966   -.0615485
         20  |  -.2282233   .0180462   -12.65   0.000    -.2635932   -.1928533
         21  |   .0281366    .011657     2.41   0.016     .0052893    .0509839
         22  |  -.4112774   .0120102   -34.24   0.000     -.434817   -.3877378
         23  |   .1549869   .0215296     7.20   0.000     .1127896    .1971842
         24  |   .2423619   .0172231    14.07   0.000     .2086053    .2761185
         25  |    .595962   .0242934    24.53   0.000     .5483478    .6435762
         26  |   .4609037   .0239379    19.25   0.000     .4139864     .507821
         27  |  -.0056631   .0196193    -0.29   0.773    -.0441163    .0327901
         28  |   .1057062   .0228133     4.63   0.000     .0609929    .1504196
         29  |    .232632   .0123011    18.91   0.000     .2085223    .2567416
         30  |   .1059825   .0101814    10.41   0.000     .0860274    .1259376
         31  |   .1644172   .0217677     7.55   0.000     .1217534    .2070811
         32  |  -.3746204   .0172334   -21.74   0.000    -.4083973   -.3408435
         33  |   .1461986   .0086189    16.96   0.000     .1293059    .1630913
         34  |   .2221635   .0193963    11.45   0.000     .1841474    .2601796
         35  |   .0648424   .0144804     4.48   0.000     .0364614    .0932233
         36  |   .2095099   .0265873     7.88   0.000     .1573997    .2616201
         37  |  -.1281334   .0290574    -4.41   0.000    -.1850849   -.0711819
         38  |  -.2413346   .0181259   -13.31   0.000    -.2768608   -.2058084
         39  |   .5061286   .0136511    37.08   0.000     .4793729    .5328843
         40  |  -.3412671   .0227209   -15.02   0.000    -.3857992   -.2967349
         41  |   .4934334   .0167602    29.44   0.000     .4605841    .5262827
         42  |    .453527    .015354    29.54   0.000     .4234336    .4836203
         43  |  -.0554987   .0138717    -4.00   0.000    -.0826868   -.0283107
         44  |   .0171779    .011385     1.51   0.131    -.0051363    .0394921
         45  |   .0975808   .0140737     6.93   0.000     .0699968    .1251648
         46  |   .1149039   .0197937     5.81   0.000      .076109    .1536988
         47  |  -.1673804   .0082101   -20.39   0.000    -.1834719   -.1512889
         48  |  -.2732229   .0119927   -22.78   0.000    -.2967282   -.2497177
         49  |    .238031   .0136002    17.50   0.000     .2113751    .2646869
         50  |   .2666324   .0156113    17.08   0.000     .2360348      .29723
         51  |   .3469255   .0262451    13.22   0.000      .295486    .3983651
         52  |  -.0912069    .012852    -7.10   0.000    -.1163964   -.0660174
         53  |  -.1527241   .0124691   -12.25   0.000    -.1771631   -.1282852
         54  |  -.0263084   .0258527    -1.02   0.309    -.0769787    .0243619
         55  |   .3130116   .0179717    17.42   0.000     .2777878    .3482355
         56  |   .2747127    .014043    19.56   0.000     .2471889    .3022365
         57  |   .2181239   .0100726    21.66   0.000     .1983819    .2378658
         58  |   .1528489    .014008    10.91   0.000     .1253937    .1803041
         59  |   -.478996   .0293747   -16.31   0.000    -.5365694   -.4214226
         60  |   -.041173   .0067249    -6.12   0.000    -.0543535   -.0279924
         61  |  -.1601525    .035554    -4.50   0.000     -.229837   -.0904679
         62  |   .2137169   .0154308    13.85   0.000     .1834731    .2439608
         63  |  -.3020118   .0180091   -16.77   0.000     -.337309   -.2667145
         64  |   .0225767   .0131323     1.72   0.086    -.0031622    .0483156
         65  |   .0597104   .0123732     4.83   0.000     .0354594    .0839614
         66  |  -.2793008   .0158896   -17.58   0.000    -.3104438   -.2481577
         67  |   .1987092     .02998     6.63   0.000     .1399494    .2574689
         68  |   .0654326   .0237503     2.76   0.006     .0188829    .1119823
         69  |   .7009108   .0116583    60.12   0.000      .678061    .7237606
         70  |   .0576272   .0121052     4.76   0.000     .0339014     .081353
         71  |   .0305808    .009966     3.07   0.002     .0110479    .0501138
         72  |    .115548   .0075888    15.23   0.000     .1006743    .1304218
         73  |  -.0003778   .0105296    -0.04   0.971    -.0210153    .0202598
         74  |  -.3095249   .0250815   -12.34   0.000    -.3586838   -.2603661
         75  |  -.1861825   .0167409   -11.12   0.000     -.218994   -.1533709
         76  |  -.4584327   .0204349   -22.43   0.000    -.4984844   -.4183811
         77  |   .1651127   .0192976     8.56   0.000     .1272902    .2029353
         78  |   .0505953   .0192935     2.62   0.009     .0127808    .0884098
         79  |  -.9042369   .0141482   -63.91   0.000    -.9319669   -.8765068
         80  |   .3531574   .0118085    29.91   0.000     .3300132    .3763016
         81  |  -.2544564   .0443319    -5.74   0.000    -.3413454   -.1675673
         82  |   .4725733   .0134446    35.15   0.000     .4462223    .4989243
         83  |  -.0753473   .0172426    -4.37   0.000    -.1091422   -.0415525
         84  |   .1817467    .017751    10.24   0.000     .1469554     .216538
         85  |  -.2857624   .0168482   -16.96   0.000    -.3187842   -.2527405
         86  |  -.1505227   .0341492    -4.41   0.000    -.2174539   -.0835915
         87  |  -.0712078   .0164118    -4.34   0.000    -.1033743   -.0390413
         88  |  -.9531179   .0190173   -50.12   0.000     -.990391   -.9158447
         89  |   .3548307   .0152088    23.33   0.000      .325022    .3846393
         90  |  -.0715646   .0206709    -3.46   0.001    -.1120789   -.0310503
         91  |  -.3174121   .0282983   -11.22   0.000    -.3728759   -.2619484
         92  |   .1038636   .0236088     4.40   0.000     .0575913    .1501359
         93  |   .5714706   .0251156    22.75   0.000      .522245    .6206962
         94  |   .4018237   .0091188    44.07   0.000     .3839511    .4196963
         95  |  -.7137406   .0167717   -42.56   0.000    -.7466124   -.6808688
         96  |   .1065588   .0236539     4.50   0.000     .0601981    .1529196
         97  |   .0353769   .0364831     0.97   0.332    -.0361287    .1068824
         98  |   .5253119   .0141808    37.04   0.000      .497518    .5531057
         99  |   .0604605    .014825     4.08   0.000     .0314041    .0895169
        100  |   .6759004   .0145899    46.33   0.000     .6473047    .7044961
             |
           t |
          2  |   .1319455   .0855576     1.54   0.123    -.0357444    .2996353
          3  |   .1883195   .1009173     1.87   0.062    -.0094747    .3861137
          4  |   .1893015   .1105924     1.71   0.087    -.0274556    .4060586
          5  |   .1165083   .0962561     1.21   0.226    -.0721501    .3051668
          6  |   .2531582   .0904616     2.80   0.005     .0758568    .4304596
             |
       _cons |   .7918714   .0638229    12.41   0.000     .6667808    .9169619
------------------------------------------------------------------------------

. scalar b_dummy = _b[x]

. assert e(converged) == 1

. cap which ftools

. local has_ftools = (_rc == 0)

. if !`has_ftools' {
.     display "__COMMUNITY_PACKAGE_OPTIONAL_MISSING__ftools__"
. }

. cap which reghdfe

. local has_reghdfe = (_rc == 0)

. if !`has_reghdfe' {
.     display "__COMMUNITY_PACKAGE_OPTIONAL_MISSING__reghdfe__"
. }

. cap which ppmlhdfe

. local has_ppmlhdfe = (_rc == 0)

. if !`has_ppmlhdfe' {
.     display "__COMMUNITY_PACKAGE_OPTIONAL_MISSING__ppmlhdfe__"
. }

. if `has_ftools' & `has_reghdfe' & `has_ppmlhdfe' {
.     ppmlhdfe value c.x, absorb(id t) vce(cluster id) d(fe_sum)
Iteration 1:   deviance = 6.9915e+02  eps = .         iters = 3    tol = 1.0e-0
> 4                                                                            
>    min(eta) =  -1.39  P   
Iteration 2:   deviance = 6.8793e+02  eps = 1.63e-02  iters = 3    tol = 1.0e-0
> 4                                                                            
>    min(eta) =  -1.55      
Iteration 3:   deviance = 6.8789e+02  eps = 5.03e-05  iters = 3    tol = 1.0e-0
> 4                                                                            
>    min(eta) =  -1.57      
Iteration 4:   deviance = 6.8789e+02  eps = 2.56e-09  iters = 2    tol = 1.0e-0
> 5                                                                            
>    min(eta) =  -1.57      
Iteration 5:   deviance = 6.8789e+02  eps = 0.00e+00  iters = 2    tol = 1.0e-0
> 6                                                                            
>    min(eta) =  -1.57   S  
Iteration 6:   deviance = 6.8789e+02  eps = 0.00e+00  iters = 1    tol = 1.0e-0
> 9                                                                            
>    min(eta) =  -1.57   S O
-------------------------------------------------------------------------------
> -----------------------------
(legend: p: exact partial-out   s: exact solver   h: step-halving   o: epsilon 
> below tolerance)
Converged in 6 iterations and 14 HDFE sub-iterations (tol = 1.0e-08)

HDFE PPML regression                              No. of obs      =        600
Absorbing 2 HDFE groups                           Residual df     =         99
Statistics robust to heteroskedasticity           Wald chi2(1)    =     242.61
Deviance             =  687.8942748               Prob > chi2     =     0.0000
Log pseudolikelihood = -1118.344609               Pseudo R2       =     0.1679

Number of clusters (id)     =        100
                                   (Std. err. adjusted for 100 clusters in id)
------------------------------------------------------------------------------
             |               Robust
       value | Coefficient  std. err.      z    P>|z|     [95% conf. interval]
-------------+----------------------------------------------------------------
           x |   .4134802   .0265458    15.58   0.000     .3614514    .4655091
       _cons |   1.067887   .0097774   109.22   0.000     1.048724     1.08705
------------------------------------------------------------------------------

Absorbed degrees of freedom:
-----------------------------------------------------+
 Absorbed FE | Categories  - Redundant  = Num. Coefs |
-------------+---------------------------------------|
          id |       100         100           0    *|
           t |         6           1           5     |
-----------------------------------------------------+
* = FE nested within cluster; treated as redundant for DoF computation
.     assert e(converged) == 1
.     assert abs(_b[x] - b_dummy) < 1e-5
.     predict double ppml_mu if e(sample), mu
.     assert ppml_mu > 0 & ppml_mu < . if e(sample)
.     display "COUNT_PPML_EQUIVALENCE_OK"
COUNT_PPML_EQUIVALENCE_OK
.     preserve
.     replace value = 0 if id == 100
(6 real changes made)
.     ppmlhdfe value c.x, absorb(id t) vce(cluster id) d(sep_fe)
(dropped 6 observations that are either singletons or separated by a fixed effe
> ct)
Iteration 1:   deviance = 6.9406e+02  eps = .         iters = 3    tol = 1.0e-0
> 4                                                                            
>    min(eta) =  -1.37  P   
Iteration 2:   deviance = 6.8307e+02  eps = 1.61e-02  iters = 3    tol = 1.0e-0
> 4                                                                            
>    min(eta) =  -1.53      
Iteration 3:   deviance = 6.8304e+02  eps = 4.86e-05  iters = 3    tol = 1.0e-0
> 4                                                                            
>    min(eta) =  -1.54      
Iteration 4:   deviance = 6.8304e+02  eps = 2.30e-09  iters = 2    tol = 1.0e-0
> 5                                                                            
>    min(eta) =  -1.54      
Iteration 5:   deviance = 6.8304e+02  eps = 0.00e+00  iters = 2    tol = 1.0e-0
> 6                                                                            
>    min(eta) =  -1.54   S  
Iteration 6:   deviance = 6.8304e+02  eps = 0.00e+00  iters = 1    tol = 1.0e-0
> 9                                                                            
>    min(eta) =  -1.54   S O
-------------------------------------------------------------------------------
> -----------------------------
(legend: p: exact partial-out   s: exact solver   h: step-halving   o: epsilon 
> below tolerance)
Converged in 6 iterations and 14 HDFE sub-iterations (tol = 1.0e-08)

HDFE PPML regression                              No. of obs      =        594
Absorbing 2 HDFE groups                           Residual df     =         98
Statistics robust to heteroskedasticity           Wald chi2(1)    =     232.23
Deviance             =  683.0369757               Prob > chi2     =     0.0000
Log pseudolikelihood = -1106.339981               Pseudo R2       =     0.1653

Number of clusters (id)     =         99
                                    (Std. err. adjusted for 99 clusters in id)
------------------------------------------------------------------------------
             |               Robust
       value | Coefficient  std. err.      z    P>|z|     [95% conf. interval]
-------------+----------------------------------------------------------------
           x |   .4109817   .0269688    15.24   0.000     .3581238    .4638396
       _cons |   1.060118   .0100058   105.95   0.000     1.040507    1.079729
------------------------------------------------------------------------------

Absorbed degrees of freedom:
-----------------------------------------------------+
 Absorbed FE | Categories  - Redundant  = Num. Coefs |
-------------+---------------------------------------|
          id |        99          99           0    *|
           t |         6           1           5     |
-----------------------------------------------------+
* = FE nested within cluster; treated as redundant for DoF computation
.     assert e(converged) == 1
.     assert e(N) < 600
.     assert !e(sample) if id == 100
.     predict double sep_mu if e(sample), mu
(6 missing values generated)
.     assert missing(sep_mu) if id == 100
.     display "COUNT_PPML_SEPARATION_OK"
COUNT_PPML_SEPARATION_OK
.     restore
. }

. 
end of do-file
