
  ___  ____  ____  ____  ____ ®
 /__    /   ____/   /   ____/      StataNow 19.5
___/   /   /___/   /   /___/       MP—Parallel Edition

 Statistics and Data Science       Copyright 1985-2025 StataCorp LLC
                                   StataCorp
                                   4905 Lakeway Drive
                                   College Station, Texas 77845 USA
                                   800-782-8272        https://www.stata.com
                                   979-696-4600        service@stata.com

Stata license: 114514-student 64-core lab perpetual
Serial number: 9223372036854775807
  Licensed to: zhangjian
               sicau

Notes:
      1. Stata is running in batch mode.
      2. Unicode is supported; see help unicode_advice.
      3. More than 2 billion observations are allowed; see help obs_advice.
      4. Maximum number of variables is set to 5,000 but can be increased;
          see help set_maxvar.

. do C:/Users/jefeer/Downloads/stataskills/verify/verify-regression.do 

. version 19.5

. * ==== VERIFY CONTRACT ====
. * skill:    stata-regression
. * chapter:  ch9
. * data:     partyid.dta;gss2006_chapter9.dta;gss2006_chapter9_2way.dta;ops200
> 4.dta;c10interaction.dta;nlsy97_chapter11.dta;environ.dta;sim:100x10
. * checks:   anova+regress+ivregress+ivreg2+ivreghdfe+weakivtest
. * ============================
. * ---- ch9 ANOVA ----
. use partyid, clear

. oneway stemcell partyid, bonferroni tabulate

      party |  Summary of support for stem cell
identificat |              research
        ion |        Mean   Std. dev.       Freq.
------------+------------------------------------
   democrat |           8   1.2060454          12
  republica |   4.6666667   2.6053558          12
  independe |           7   .78446454          14
  noninvolv |        4.75   .88640526           8
------------+------------------------------------
      Total |   6.2608696   2.0916212          46

                        Analysis of variance
    Source              SS         df      MS            F     Prob > F
------------------------------------------------------------------------
Between groups      92.7028986      3   30.9009662     12.46     0.0000
 Within groups      104.166667     42   2.48015873
------------------------------------------------------------------------
    Total           196.869565     45   4.37487923

Bartlett's equal-variances test: chi2(3) =  20.1167    Prob>chi2 = 0.000

     Comparison of support for stem cell research by party identification
                                (Bonferroni)
Row Mean-|
Col Mean |   democrat   republic   independ
---------+---------------------------------
republic |   -3.33333
         |      0.000
         |
independ |         -1    2.33333
         |      0.684      0.003
         |
noninvol |      -3.25    .083333      -2.25
         |      0.000      1.000      0.015

. kwallis stemcell, by(partyid)

Kruskal–Wallis equality-of-populations rank test

  +------------------------------+
  |     partyid | Obs | Rank sum |
  |-------------+-----+----------|
  |    democrat |  12 |   422.00 |
  |  republican |  12 |   174.00 |
  | independent |  14 |   391.00 |
  | noninvolved |   8 |    94.00 |
  +------------------------------+

  chi2(3) = 22.115
     Prob = 0.0001

  chi2(3) with ties = 22.696
               Prob = 0.0001

. use gss2006_chapter9, clear
(General Social Surveys, 1972-2006 [Cumulative File], Dataset 0001)

. anova prestg80 mobile16 c.age if age > 29 & age < 60 & wrkstat==1

                         Number of obs =      1,090    R-squared     =  0.0183
                         Root MSE      =    13.6511    Adj R-squared =  0.0156

                  Source | Partial SS         df         MS        F    Prob>F
              -----------+----------------------------------------------------
                   Model |  3777.3325          3   1259.1108      6.76  0.0002
                         |
                mobile16 |  3750.7312          2   1875.3656     10.06  0.0000
                     age |  61.258461          1   61.258461      0.33  0.5665
                         |
                Residual |  202378.93      1,086    186.3526  
              -----------+----------------------------------------------------
                   Total |  206156.26      1,089   189.30786  

. margins mobile16, atmeans

Adjusted predictions                                     Number of obs = 1,090

Expression: Linear prediction, predict()
At: age        = 43.82294 (mean)

------------------------------------------------------------------------------
             |            Delta-method
             |     Margin   std. err.      t    P>|t|     [95% conf. interval]
-------------+----------------------------------------------------------------
    mobile16 |
  SAME CITY  |   44.10402   .6863205    64.26   0.000     42.75736    45.45068
SAME ST,D..  |   48.68809    .832746    58.47   0.000     47.05412    50.32206
DIFFERENT..  |   47.18756   .6621822    71.26   0.000     45.88826    48.48686
------------------------------------------------------------------------------

. use gss2006_chapter9_2way, clear
(General Social Surveys, 1972-2006 [Cumulative File], Dataset 0001)

. anova tvhours workfull married workfull#married

                         Number of obs =      1,986    R-squared     =  0.0719
                         Root MSE      =    2.20434    Adj R-squared =  0.0705

                  Source | Partial SS         df         MS        F    Prob>F
        -----------------+----------------------------------------------------
                   Model |   746.1336          3    248.7112     51.18  0.0000
                         |
                workfull |  525.37818          1   525.37818    108.12  0.0000
                 married |  169.42138          1   169.42138     34.87  0.0000
        workfull#married |  18.535767          1   18.535767      3.81  0.0509
                         |
                Residual |   9630.745      1,982   4.8591045  
        -----------------+----------------------------------------------------
                   Total |  10376.879      1,985   5.2276467  

. 
. * ---- ch10 多元回归 ----
. use ops2004, clear

. regress env_con educat inc com3 hlthprob epht3, beta

      Source |       SS           df       MS      Number of obs   =     3,769
-------------+----------------------------------   F(5, 3763)      =    320.15
       Model |   647.67793         5  129.535586   Prob > F        =    0.0000
    Residual |   1522.5587     3,763  .404612995   R-squared       =    0.2984
-------------+----------------------------------   Adj R-squared   =    0.2975
       Total |  2170.23663     3,768  .575965136   Root MSE        =    .63609

------------------------------------------------------------------------------
     env_con | Coefficient  Std. err.      t    P>|t|                     Beta
-------------+----------------------------------------------------------------
      educat |   .0011841    .004077     0.29   0.772                 .0044584
         inc |   5.51e-08   3.62e-07     0.15   0.879                 .0023317
        com3 |  -.0503162   .0092717    -5.43   0.000                 -.074352
    hlthprob |   .2974034   .0248129    11.99   0.000                  .172927
       epht3 |   .4020741    .012687    31.69   0.000                 .4575999
       _cons |   1.273655   .0651735    19.54   0.000                        .
------------------------------------------------------------------------------

. pcorr env_con educat inc com3 hlthprob epht3
(obs=3769)

Partial and semipartial correlations of env_con with

               Partial   Semipartial      Partial   Semipartial   Significance
   Variable |    corr.         corr.      corr.^2       corr.^2          value
------------+-----------------------------------------------------------------
     educat |   0.0047        0.0040       0.0000        0.0000         0.7715
        inc |   0.0025        0.0021       0.0000        0.0000         0.8788
       com3 |  -0.0881       -0.0741       0.0078        0.0055         0.0000
   hlthprob |   0.1918        0.1637       0.0368        0.0268         0.0000
      epht3 |   0.4590        0.4327       0.2107        0.1873         0.0000

. estat vif

    Variable |       VIF       1/VIF  
-------------+----------------------
      educat |      1.26    0.791143
         inc |      1.25    0.797304
       epht3 |      1.12    0.894240
    hlthprob |      1.12    0.895659
        com3 |      1.01    0.993215
-------------+----------------------
    Mean VIF |      1.15

. regress env_con educat inc com3 hlthprob epht3, vce(robust)

Linear regression                               Number of obs     =      3,769
                                                F(5, 3763)        =     364.77
                                                Prob > F          =     0.0000
                                                R-squared         =     0.2984
                                                Root MSE          =     .63609

------------------------------------------------------------------------------
             |               Robust
     env_con | Coefficient  std. err.      t    P>|t|     [95% conf. interval]
-------------+----------------------------------------------------------------
      educat |   .0011841   .0040566     0.29   0.770    -.0067693    .0091374
         inc |   5.51e-08   3.53e-07     0.16   0.876    -6.37e-07    7.47e-07
        com3 |  -.0503162   .0097376    -5.17   0.000    -.0694077   -.0312247
    hlthprob |   .2974034    .025649    11.60   0.000     .2471162    .3476907
       epht3 |   .4020741   .0132853    30.26   0.000     .3760269    .4281212
       _cons |   1.273655   .0664517    19.17   0.000      1.14337     1.40394
------------------------------------------------------------------------------

. use c10interaction, clear

. regress inc i.male##c.educ, beta

      Source |       SS           df       MS      Number of obs   =       120
-------------+----------------------------------   F(3, 116)       =     34.89
       Model |  122604.719         3  40868.2397   Prob > F        =    0.0000
    Residual |  135875.281       116  1171.33863   R-squared       =    0.4743
-------------+----------------------------------   Adj R-squared   =    0.4607
       Total |      258480       119  2172.10084   Root MSE        =    34.225

------------------------------------------------------------------------------
         inc | Coefficient  Std. err.      t    P>|t|                     Beta
-------------+----------------------------------------------------------------
      1.male |  -91.88539   26.27242    -3.50   0.001                -.9899052
        educ |   3.602369   1.388076     2.60   0.011                 .2585699
             |
 male#c.educ |
          1  |   8.196446   1.885263     4.35   0.000                 1.287508
             |
       _cons |   16.84834   19.07279     0.88   0.379                        .
------------------------------------------------------------------------------

. 
. * ---- ch11 逻辑回归 ----
. use nlsy97_chapter11, clear
(National Survey of Youth, 1997, selected variables from first wave)

. logistic drank30 age97 male pdrink97 dinner97

Logistic regression                                     Number of obs =  1,654
                                                        LR chi2(4)    =  78.01
                                                        Prob > chi2   = 0.0000
Log likelihood = -1061.0474                             Pseudo R2     = 0.0355

------------------------------------------------------------------------------
     drank30 | Odds ratio   Std. err.      z    P>|z|     [95% conf. interval]
-------------+----------------------------------------------------------------
       age97 |   1.169241   .0684191     2.67   0.008     1.042546    1.311332
        male |   .9794922   .1046935    -0.19   0.846     .7943646    1.207764
    pdrink97 |   1.329275   .0598174     6.33   0.000     1.217056    1.451841
    dinner97 |    .942086   .0208682    -2.69   0.007     .9020603    .9838878
       _cons |   .0524677   .0415938    -3.72   0.000     .0110944    .2481314
------------------------------------------------------------------------------
Note: _cons estimates baseline odds.

. logit drank30 age97 male pdrink97 dinner97

Iteration 0:  Log likelihood = -1100.0502  
Iteration 1:  Log likelihood =  -1061.142  
Iteration 2:  Log likelihood = -1061.0474  
Iteration 3:  Log likelihood = -1061.0474  

Logistic regression                                     Number of obs =  1,654
                                                        LR chi2(4)    =  78.01
                                                        Prob > chi2   = 0.0000
Log likelihood = -1061.0474                             Pseudo R2     = 0.0355

------------------------------------------------------------------------------
     drank30 | Coefficient  Std. err.      z    P>|z|     [95% conf. interval]
-------------+----------------------------------------------------------------
       age97 |   .1563548   .0585158     2.67   0.008     .0416659    .2710437
        male |   -.020721   .1068855    -0.19   0.846    -.2302128    .1887708
    pdrink97 |   .2846336   .0450001     6.33   0.000     .1964351    .3728321
    dinner97 |  -.0596587    .022151    -2.69   0.007    -.1030739   -.0162434
       _cons |  -2.947557   .7927494    -3.72   0.000    -4.501317   -1.393797
------------------------------------------------------------------------------

. generate black = race97 - 1
(80 missing values generated)

. replace black = . if race97 > 2
(1,284 real changes made, 1,284 to missing)

. logit drank30 age97 i.black pdrink97 dinner97

Iteration 0:  Log likelihood = -935.86755  
Iteration 1:  Log likelihood = -901.48553  
Iteration 2:  Log likelihood = -901.37312  
Iteration 3:  Log likelihood = -901.37311  

Logistic regression                                     Number of obs =  1,413
                                                        LR chi2(4)    =  68.99
                                                        Prob > chi2   = 0.0000
Log likelihood = -901.37311                             Pseudo R2     = 0.0369

------------------------------------------------------------------------------
     drank30 | Coefficient  Std. err.      z    P>|z|     [95% conf. interval]
-------------+----------------------------------------------------------------
       age97 |    .138153   .0635579     2.17   0.030     .0135818    .2627241
     1.black |  -.3804608   .1352133    -2.81   0.005     -.645474   -.1154476
    pdrink97 |   .2822417    .048233     5.85   0.000     .1877067    .3767767
    dinner97 |   -.069024   .0246204    -2.80   0.005    -.1172791   -.0207689
       _cons |  -2.590308   .8609411    -3.01   0.003    -4.277722   -.9028946
------------------------------------------------------------------------------

. margins, dydx(black) atmeans

Conditional marginal effects                             Number of obs = 1,413
Model VCE: OIM

Expression: Pr(drank30), predict()
dy/dx wrt:  1.black
At: age97    = 13.67445 (mean)
    0.black  = .7523001 (mean)
    1.black  = .2476999 (mean)
    pdrink97 = 2.112527 (mean)
    dinner97 = 4.760793 (mean)

------------------------------------------------------------------------------
             |            Delta-method
             |      dy/dx   std. err.      z    P>|z|     [95% conf. interval]
-------------+----------------------------------------------------------------
     1.black |  -.0862436   .0296054    -2.91   0.004     -.144269   -.0282181
------------------------------------------------------------------------------
Note: dy/dx for factor levels is the discrete change from the base level.

. margins, at(pdrink97=(1 2 3 4 5)) atmeans

Adjusted predictions                                     Number of obs = 1,413
Model VCE: OIM

Expression: Pr(drank30), predict()
1._at: age97    = 13.67445 (mean)
       0.black  = .7523001 (mean)
       1.black  = .2476999 (mean)
       pdrink97 =        1
       dinner97 = 4.760793 (mean)
2._at: age97    = 13.67445 (mean)
       0.black  = .7523001 (mean)
       1.black  = .2476999 (mean)
       pdrink97 =        2
       dinner97 = 4.760793 (mean)
3._at: age97    = 13.67445 (mean)
       0.black  = .7523001 (mean)
       1.black  = .2476999 (mean)
       pdrink97 =        3
       dinner97 = 4.760793 (mean)
4._at: age97    = 13.67445 (mean)
       0.black  = .7523001 (mean)
       1.black  = .2476999 (mean)
       pdrink97 =        4
       dinner97 = 4.760793 (mean)
5._at: age97    = 13.67445 (mean)
       0.black  = .7523001 (mean)
       1.black  = .2476999 (mean)
       pdrink97 =        5
       dinner97 = 4.760793 (mean)

------------------------------------------------------------------------------
             |            Delta-method
             |     Margin   std. err.      z    P>|z|     [95% conf. interval]
-------------+----------------------------------------------------------------
         _at |
          1  |   .3011665   .0168523    17.87   0.000     .2681367    .3341963
          2  |   .3636614   .0132156    27.52   0.000     .3377592    .3895636
          3  |   .4311242   .0169284    25.47   0.000     .3979451    .4643033
          4  |    .501244   .0261244    19.19   0.000      .450041    .5524469
          5  |   .5713148   .0361017    15.83   0.000     .5005567    .6420729
------------------------------------------------------------------------------

. use environ, clear

. tab2 environ libcand, row

-> tabulation of environ by libcand  

+----------------+
| Key            |
|----------------|
|   frequency    |
| row percentage |
+----------------+

Environmen |
       tal |    support liberal
concern: 1 |  candidate: 1 yes, 0
   high, 0 |          no
       low |         0          1 |     Total
-----------+----------------------+----------
         0 |         6          4 |        10 
           |     60.00      40.00 |    100.00 
-----------+----------------------+----------
         1 |         3          7 |        10 
           |     30.00      70.00 |    100.00 
-----------+----------------------+----------
     Total |         9         11 |        20 
           |     45.00      55.00 |    100.00 

. 
. * ---- ch10.5 高维固定效应 reghdfe ----
. * 检测 reghdfe 及当前依赖；缺任一项则发 sentinel 并跳过该段
. cap which reghdfe

. local has_reghdfe = (_rc == 0)

. if !`has_reghdfe' {
.     display "__COMMUNITY_PACKAGE_MISSING__reghdfe__"
. }

. cap which require

. local has_require = (_rc == 0)

. if !`has_require' {
.     display "__COMMUNITY_PACKAGE_MISSING__require__"
. }

. cap which ftools

. local has_ftools = (_rc == 0)

. if !`has_ftools' {
.     display "__COMMUNITY_PACKAGE_MISSING__ftools__"
. }

. local can_reghdfe = (`has_reghdfe' & `has_require' & `has_ftools')

. if `can_reghdfe' {
.     use gss2006_chapter9_2way, clear
(General Social Surveys, 1972-2006 [Cumulative File], Dataset 0001)
.     * 多维 FE：workfull × married
.     reghdfe tvhours age, absorb(workfull married)
(MWFE estimator converged in 3 iterations)

HDFE Linear regression                            Number of obs   =      1,981
Absorbing 2 HDFE groups                           F(   1,   1977) =      11.56
                                                  Prob > F        =     0.0007
                                                  R-squared       =     0.0764
                                                  Adj R-squared   =     0.0750
                                                  Within R-sq.    =     0.0058
                                                  Root MSE        =     2.2002

------------------------------------------------------------------------------
     tvhours | Coefficient  Std. err.      t    P>|t|     [95% conf. interval]
-------------+----------------------------------------------------------------
         age |   .0104351   .0030694     3.40   0.001     .0044156    .0164546
       _cons |   2.444765   .1532447    15.95   0.000     2.144226    2.745303
------------------------------------------------------------------------------

Absorbed degrees of freedom:
-----------------------------------------------------+
 Absorbed FE | Categories  - Redundant  = Num. Coefs |
-------------+---------------------------------------|
    workfull |         2           0           2     |
     married |         2           1           1     |
-----------------------------------------------------+
.     * 多向聚类稳健 SE
.     reghdfe tvhours age, absorb(workfull married) vce(cluster workfull marrie
> d)
(MWFE estimator converged in 3 iterations)
Warning: VCV matrix was non-positive semi-definite; adjustment from Cameron, Ge
> lbach & Miller applied.
warning: variance matrix is nonsymmetric or highly singular.

HDFE Linear regression                            Number of obs   =      1,981
Absorbing 2 HDFE groups                           F(   1,      1) =       3.82
Statistics robust to heteroskedasticity           Prob > F        =     0.3010
                                                  R-squared       =     0.0764
                                                  Adj R-squared   =     0.0745
Number of clusters (workfull) =          2        Within R-sq.    =     0.0058
Number of clusters (married) =          2         Root MSE        =     2.2007

                       (Std. err. adjusted for 2 clusters in workfull married)
------------------------------------------------------------------------------
             |               Robust
     tvhours | Coefficient  std. err.      t    P>|t|     [95% conf. interval]
-------------+----------------------------------------------------------------
         age |   .0104351          .        .       .            .           .
       _cons |   2.444765          .        .       .            .           .
------------------------------------------------------------------------------

Absorbed degrees of freedom:
-----------------------------------------------------+
 Absorbed FE | Categories  - Redundant  = Num. Coefs |
-------------+---------------------------------------|
    workfull |         2           2           0    *|
     married |         2           2           0    *|
-----------------------------------------------------+
* = FE nested within cluster; treated as redundant for DoF computation
.     * 报告 Within R² + 吸收 DoF 表（reghdfe 默认行为）
.     reghdfe tvhours age, absorb(workfull married) residuals
(MWFE estimator converged in 3 iterations)

HDFE Linear regression                            Number of obs   =      1,981
Absorbing 2 HDFE groups                           F(   1,   1977) =      11.56
                                                  Prob > F        =     0.0007
                                                  R-squared       =     0.0764
                                                  Adj R-squared   =     0.0750
                                                  Within R-sq.    =     0.0058
                                                  Root MSE        =     2.2002

------------------------------------------------------------------------------
     tvhours | Coefficient  Std. err.      t    P>|t|     [95% conf. interval]
-------------+----------------------------------------------------------------
         age |   .0104351   .0030694     3.40   0.001     .0044156    .0164546
       _cons |   2.444765   .1532447    15.95   0.000     2.144226    2.745303
------------------------------------------------------------------------------

Absorbed degrees of freedom:
-----------------------------------------------------+
 Absorbed FE | Categories  - Redundant  = Num. Coefs |
-------------+---------------------------------------|
    workfull |         2           0           2     |
     married |         2           1           1     |
-----------------------------------------------------+
. }

. 
. * ---- ch10.6 IV + 多维固定效应 ivreghdfe ----
. * 检测 ivreghdfe + ivreg2 依赖；未装则发 sentinel 并跳过该段
. * ivreghdfe 要求工具变量/FE/cluster 变量互不重叠
. cap which ivreghdfe

. local has_ivreghdfe = (_rc == 0)

. if !`has_ivreghdfe' {
.     display "__COMMUNITY_PACKAGE_MISSING__ivreghdfe__"
. }

. cap which ivreg2

. local has_ivreg2 = (_rc == 0)

. if !`has_ivreg2' {
.     display "__COMMUNITY_PACKAGE_MISSING__ivreg2__"
. }

. cap which ranktest

. local has_ranktest = (_rc == 0)

. if !`has_ranktest' {
.     display "__COMMUNITY_PACKAGE_MISSING__ranktest__"
. }

. local can_ivreghdfe = (`has_ivreghdfe' & `can_reghdfe' & `has_ivreg2' & `has_
> ranktest')

. if `can_ivreghdfe' {
.     use gss2006_chapter9_2way, clear
(General Social Surveys, 1972-2006 [Cumulative File], Dataset 0001)
.     * IV + 单层 FE：prestg80 当内生变量（prestige 可能有反向因果），
.     * age 当工具变量，marital 当 FE。变量互不重叠。
.     ivreghdfe tvhours sex (prestg80 = age), absorb(marital)
(MWFE estimator converged in 1 iterations)

IV (2SLS) estimation
--------------------

Estimates efficient for homoskedasticity only
Statistics consistent for homoskedasticity only

                                                      Number of obs =     1882
                                                      F(  2,  1875) =     2.85
                                                      Prob > F      =   0.0583
Total (centered) SS     =  9223.609028                Centered R2   =  -4.0417
Total (uncentered) SS   =  9223.609028                Uncentered R2 =  -4.0417
Residual SS             =  46502.85884                Root MSE      =     4.98

------------------------------------------------------------------------------
     tvhours | Coefficient  Std. err.      t    P>|t|     [95% conf. interval]
-------------+----------------------------------------------------------------
    prestg80 |   .2937345    .123242     2.38   0.017     .0520286    .5354404
         sex |   .0597844    .236214     0.25   0.800    -.4034855    .5230543
------------------------------------------------------------------------------
Underidentification test (Anderson canon. corr. LM statistic):           8.474
                                                   Chi-sq(1) P-val =    0.0036
------------------------------------------------------------------------------
Weak identification test (Cragg-Donald Wald F statistic):                8.481
Stock-Yogo weak ID test critical values: 10% maximal IV size             16.38
                                         15% maximal IV size              8.96
                                         20% maximal IV size              6.66
                                         25% maximal IV size              5.53
Source: Stock-Yogo (2005).  Reproduced by permission.
------------------------------------------------------------------------------
Sargan statistic (overidentification test of all instruments):           0.000
                                                 (equation exactly identified)
------------------------------------------------------------------------------
Instrumented:         prestg80
Included instruments: sex
Excluded instruments: age
Partialled-out:       _cons
                      nb: total SS, model F and R2s are after partialling-out;
                          any small-sample adjustments include partialled-out
                          variables in regressor count K
------------------------------------------------------------------------------

Absorbed degrees of freedom:
-----------------------------------------------------+
 Absorbed FE | Categories  - Redundant  = Num. Coefs |
-------------+---------------------------------------|
     marital |         5           0           5     |
-----------------------------------------------------+
. 
.     * IV + 异方差稳健 SE（ivreghdfe 用 ivreg2 语法：`robust` 直接选项；
.     * 注意：选项之间是空格分隔（不是逗号），否则 ivreghdfe 解析器拒为 invalid
>  syntax）
.     ivreghdfe tvhours sex (prestg80 = age), absorb(marital) robust
(MWFE estimator converged in 1 iterations)

IV (2SLS) estimation
--------------------

Estimates efficient for homoskedasticity only
Statistics robust to heteroskedasticity

                                                      Number of obs =     1882
                                                      F(  2,  1875) =     2.66
                                                      Prob > F      =   0.0703
Total (centered) SS     =  9223.609028                Centered R2   =  -4.0417
Total (uncentered) SS   =  9223.609028                Uncentered R2 =  -4.0417
Residual SS             =  46502.85884                Root MSE      =     4.98

------------------------------------------------------------------------------
             |               Robust
     tvhours | Coefficient  std. err.      t    P>|t|     [95% conf. interval]
-------------+----------------------------------------------------------------
    prestg80 |   .2937345   .1274095     2.31   0.021     .0438551    .5436139
         sex |   .0597844   .2344447     0.26   0.799    -.4000155    .5195843
------------------------------------------------------------------------------
Underidentification test (Kleibergen-Paap rk LM statistic):              8.275
                                                   Chi-sq(1) P-val =    0.0040
------------------------------------------------------------------------------
Weak identification test (Cragg-Donald Wald F statistic):                8.481
                         (Kleibergen-Paap rk Wald F statistic):          8.347
Stock-Yogo weak ID test critical values: 10% maximal IV size             16.38
                                         15% maximal IV size              8.96
                                         20% maximal IV size              6.66
                                         25% maximal IV size              5.53
Source: Stock-Yogo (2005).  Reproduced by permission.
NB: Critical values are for Cragg-Donald F statistic and i.i.d. errors.
------------------------------------------------------------------------------
Hansen J statistic (overidentification test of all instruments):         0.000
                                                 (equation exactly identified)
------------------------------------------------------------------------------
Instrumented:         prestg80
Included instruments: sex
Excluded instruments: age
Partialled-out:       _cons
                      nb: total SS, model F and R2s are after partialling-out;
                          any small-sample adjustments include partialled-out
                          variables in regressor count K
------------------------------------------------------------------------------

Absorbed degrees of freedom:
-----------------------------------------------------+
 Absorbed FE | Categories  - Redundant  = Num. Coefs |
-------------+---------------------------------------|
     marital |         5           0           5     |
-----------------------------------------------------+
. }

. 
. * ---- ch10.6a 官方 ivregress（内置，无需外部包）----
. * 验证官方 IV 栈（ivregress + estat firststage/endogenous/overid）能跑通
. * 两段：
. *   1. 恰好识别（1 内生 + 1 工具）— `estat overid` 会用 `capture` 兜住 r(498)
> ，
. *      这不是失败，是 Stata 表达"无过度识别可做"的合法退出码
. *      （详见 SKILL.md「错误码速查」r(498)）。
. *   2. 过度识别（1 内生 + 2 工具）— `estat overid` 正常输出 Score chi2 与 p。
. use gss2006_chapter9_2way, clear
(General Social Surveys, 1972-2006 [Cumulative File], Dataset 0001)

. ivregress 2sls tvhours sex (prestg80 = age), vce(robust) first

First-stage regressions
-----------------------

                                                       Number of obs =   1,882
                                                       F(2, 1879)    =    3.76
                                                       Prob > F      =  0.0234
                                                       R-squared     =  0.0042
                                                       Adj R-squared =  0.0031
                                                       Root MSE      = 13.9893

------------------------------------------------------------------------------
             |               Robust
    prestg80 | Coefficient  std. err.      t    P>|t|     [95% conf. interval]
-------------+----------------------------------------------------------------
         sex |  -.5763729   .6497829    -0.89   0.375    -1.850745    .6979991
         age |   .0509466   .0195224     2.61   0.009     .0126586    .0892345
       _cons |   42.89716   1.393984    30.77   0.000     40.16324    45.63108
------------------------------------------------------------------------------


Instrumental-variables 2SLS regression            Number of obs   =      1,882
                                                  Wald chi2(2)    =       5.14
                                                  Prob > chi2     =     0.0767
                                                  Root MSE        =      5.918

------------------------------------------------------------------------------
             |               Robust
     tvhours | Coefficient  std. err.      z    P>|z|     [95% conf. interval]
-------------+----------------------------------------------------------------
    prestg80 |   .3607654   .1617209     2.23   0.026     .0437981    .6777326
         sex |    .308865   .2882825     1.07   0.284    -.2561582    .8738882
       _cons |  -13.61079   7.329682    -1.86   0.063     -27.9767    .7551274
------------------------------------------------------------------------------
Endogenous: prestg80
Exogenous:  sex age

. estat firststage

  First-stage regression summary statistics
  --------------------------------------------------------------------------
               |            Adjusted      Partial       Robust
      Variable |   R-sq.       R-sq.        R-sq.     F(1,1879)   Prob > F
  -------------+------------------------------------------------------------
      prestg80 |  0.0042      0.0031       0.0037       6.81023    0.0091
  --------------------------------------------------------------------------


. estat endogenous

  Tests of endogeneity
  H0: Variables are exogenous

  Robust score chi2(1)            =  36.9297  (p = 0.0000)
  Robust regression F(1,1878)     =  38.2476  (p = 0.0000)

. capture noisily estat overid
no overidentifying restrictions

. display "overid_exact_rc=" _rc
overid_exact_rc=498

. 
. ivregress 2sls tvhours sex (prestg80 = age marital), vce(robust)

Instrumental-variables 2SLS regression            Number of obs   =      1,882
                                                  Wald chi2(2)    =       3.12
                                                  Prob > chi2     =     0.2106
                                                  R-squared       =     0.0173
                                                  Root MSE        =     2.2348

------------------------------------------------------------------------------
             |               Robust
     tvhours | Coefficient  std. err.      z    P>|z|     [95% conf. interval]
-------------+----------------------------------------------------------------
    prestg80 |  -.0543793   .0347726    -1.56   0.118    -.1225324    .0137737
         sex |   .0544945   .1051453     0.52   0.604    -.1515865    .2605755
       _cons |   5.223288   1.595154     3.27   0.001     2.096843    8.349733
------------------------------------------------------------------------------
Endogenous: prestg80
Exogenous:  sex age marital

. estat overid

  Test of overidentifying restrictions:

  Score chi2(1)          =  57.8535  (p = 0.0000)

. 
. * ---- ch10.8-10.9 外部 IV 栈：非线性内生项 + weakivtest ----
. * weakivtest help：只支持一个内生变量，并要求 avar；先用双内生模型验证
. * x1_sq/z1_sq 括号语法，再用单内生模型验证 effective F。
. cap which weakivtest

. local has_weakivtest = (_rc == 0)

. if !`has_weakivtest' {
.     display "__COMMUNITY_PACKAGE_MISSING__weakivtest__"
. }

. cap which avar

. local has_avar = (_rc == 0)

. if !`has_avar' {
.     display "__COMMUNITY_PACKAGE_MISSING__avar__"
. }

. local can_ivreg2_sim = (`has_ivreg2' & `has_ranktest')

. if `can_ivreg2_sim' {
.     clear
.     set seed 20260825
.     set obs 1000
Number of observations (_N) was 0, now 1,000.
.     generate long id = ceil(_n / 10)
.     bysort id: generate int year = 2000 + _n - 1
.     generate double z1 = rnormal()
.     generate double z1_sq = z1^2
.     generate double x2 = rnormal()
.     generate double x3 = rnormal()
.     generate double u = rnormal()
.     generate double x1 = 0.8*z1 + 0.3*x2 + 0.4*u + rnormal()
.     generate double x1_sq = x1^2
.     generate double y = 1.2*x1 - 0.2*x1_sq + 0.4*x2 - 0.1*x3 + u + rnormal()
.     xtset id year

Panel variable: id (strongly balanced)
 Time variable: year, 2000 to 2009
         Delta: 1 unit
. 
.     ivreg2 y x2 x3 i.year (x1 x1_sq = z1 z1_sq), ///
>         cluster(id) first ffirst endog(x1)

First-stage regressions
-----------------------


First-stage regression of x1:

Statistics robust to heteroskedasticity and clustering on id
Number of obs =                   1000
Number of clusters (id) =          100
------------------------------------------------------------------------------
             |               Robust
          x1 | Coefficient  std. err.      t    P>|t|     [95% conf. interval]
-------------+----------------------------------------------------------------
          z1 |    .855053   .0327554    26.10   0.000     .7907748    .9193312
       z1_sq |   .0494372    .025337     1.95   0.051    -.0002835    .0991579
          x2 |   .3018846   .0288776    10.45   0.000     .2452159    .3585532
          x3 |  -.0487384   .0316055    -1.54   0.123    -.1107601    .0132834
             |
        year |
       2001  |  -.0985155   .1455212    -0.68   0.499    -.3840823    .1870513
       2002  |  -.2405521   .1265268    -1.90   0.058    -.4888448    .0077406
       2003  |   .1411366   .1454782     0.97   0.332    -.1443459    .4266191
       2004  |    .008114   .1585005     0.05   0.959    -.3029231    .3191512
       2005  |  -.0040947   .1578926    -0.03   0.979    -.3139389    .3057495
       2006  |   .2575499   .1387287     1.86   0.064    -.0146874    .5297873
       2007  |  -.0156835   .1546004    -0.10   0.919    -.3190672    .2877002
       2008  |  -.0930704   .1480707    -0.63   0.530    -.3836403    .1974994
       2009  |   .2193925   .1326722     1.65   0.099    -.0409599    .4797448
             |
       _cons |  -.1045336   .1087859    -0.96   0.337    -.3180121     .108945
------------------------------------------------------------------------------
F test of excluded instruments:
  F(  2,    99) =   349.36
  Prob > F      =   0.0000
Sanderson-Windmeijer multivariate F test of excluded instruments:
  F(  1,    99) =   794.83
  Prob > F      =   0.0000


First-stage regression of x1_sq:

Statistics robust to heteroskedasticity and clustering on id
Number of obs =                   1000
Number of clusters (id) =          100
------------------------------------------------------------------------------
             |               Robust
       x1_sq | Coefficient  std. err.      t    P>|t|     [95% conf. interval]
-------------+----------------------------------------------------------------
          z1 |    .134649   .1439986     0.94   0.350    -.1479299    .4172278
       z1_sq |   .7184045   .0999104     7.19   0.000      .522343     .914466
          x2 |  -.1063952   .0737559    -1.44   0.149    -.2511318    .0383414
          x3 |   .0401472   .0891004     0.45   0.652    -.1347009    .2149954
             |
        year |
       2001  |  -.3559176    .341768    -1.04   0.298    -1.026594    .3147586
       2002  |   .3147943   .3228449     0.98   0.330    -.3187478    .9483364
       2003  |   .2062808   .3295205     0.63   0.531    -.4403612    .8529229
       2004  |   .5799181   .4208906     1.38   0.169    -.2460263    1.405862
       2005  |   .0491356   .3565434     0.14   0.890    -.6505355    .7488068
       2006  |     .20061   .3458451     0.58   0.562    -.4780671     .879287
       2007  |   -.115253   .2838017    -0.41   0.685    -.6721777    .4416717
       2008  |  -.0541753   .3132362    -0.17   0.863    -.6688615    .5605109
       2009  |   .0328296    .305824     0.11   0.915    -.5673111    .6329703
             |
       _cons |   1.093674   .2532218     4.32   0.000     .5967588     1.59059
------------------------------------------------------------------------------
F test of excluded instruments:
  F(  2,    99) =    26.78
  Prob > F      =   0.0000
Sanderson-Windmeijer multivariate F test of excluded instruments:
  F(  1,    99) =    49.26
  Prob > F      =   0.0000



Summary results for first-stage regressions
-------------------------------------------

                                           (Underid)            (Weak id)
Variable     | F(  2,    99)  P-val | SW Chi-sq(  1) P-val | SW F(  1,    99)
x1           |     349.36    0.0000 |      813.45   0.0000 |      794.83
x1_sq        |      26.78    0.0000 |       50.42   0.0000 |       49.26

NB: first-stage test statistics cluster-robust

Stock-Yogo weak ID F test critical values for single endogenous regressor:
                                   10% maximal IV size             19.93
                                   15% maximal IV size             11.59
                                   20% maximal IV size              8.75
                                   25% maximal IV size              7.25
Source: Stock-Yogo (2005).  Reproduced by permission.
NB: Critical values are for i.i.d. errors only.

Underidentification test
Ho: matrix of reduced form coefficients has rank=K1-1 (underidentified)
Ha: matrix has rank=K1 (identified)
Kleibergen-Paap rk LM statistic          Chi-sq(1)=26.93    P-val=0.0000

Weak identification test
Ho: equation is weakly identified
Cragg-Donald Wald F statistic                                      95.30
Kleibergen-Paap Wald rk F statistic                                23.20

Stock-Yogo weak ID test critical values for K1=2 and L1=2:
                                   10% maximal IV size              7.03
                                   15% maximal IV size              4.58
                                   20% maximal IV size              3.95
                                   25% maximal IV size              3.63
Source: Stock-Yogo (2005).  Reproduced by permission.
NB: Critical values are for Cragg-Donald F statistic and i.i.d. errors.

Weak-instrument-robust inference
Tests of joint significance of endogenous regressors B1 in main equation
Ho: B1=0 and orthogonality conditions are valid
Anderson-Rubin Wald test           F(2,99)=      129.53     P-val=0.0000
Anderson-Rubin Wald test           Chi-sq(2)=    265.12     P-val=0.0000
Stock-Wright LM S statistic        Chi-sq(2)=     66.42     P-val=0.0000

NB: Underidentification, weak identification and weak-identification-robust
    test statistics cluster-robust

Number of clusters             N_clust  =        100
Number of observations               N  =       1000
Number of regressors                 K  =         14
Number of endogenous regressors      K1 =          2
Number of instruments                L  =         14
Number of excluded instruments       L1 =          2

IV (2SLS) estimation
--------------------

Estimates efficient for homoskedasticity only
Statistics robust to heteroskedasticity and clustering on id

Number of clusters (id) =          100                Number of obs =     1000
                                                      F( 13,    99) =    85.01
                                                      Prob > F      =   0.0000
Total (centered) SS     =  6127.740829                Centered R2   =   0.7257
Total (uncentered) SS   =  6281.737306                Uncentered R2 =   0.7325
Residual SS             =  1680.634611                Root MSE      =    1.296

------------------------------------------------------------------------------
             |               Robust
           y | Coefficient  std. err.      z    P>|z|     [95% conf. interval]
-------------+----------------------------------------------------------------
          x1 |   1.326533   .0539015    24.61   0.000     1.220888    1.432178
       x1_sq |  -.2053108    .032993    -6.22   0.000    -.2699759   -.1406456
          x2 |   .3154551   .0420579     7.50   0.000     .2330232     .397887
          x3 |  -.0960942   .0453899    -2.12   0.034    -.1850568   -.0071315
             |
        year |
       2001  |   .0471436   .1907732     0.25   0.805    -.3267649    .4210522
       2002  |    .133987   .1844899     0.73   0.468    -.2276066    .4955806
       2003  |  -.0910747   .1786957    -0.51   0.610    -.4413119    .2591625
       2004  |  -.1404194   .1925977    -0.73   0.466     -.517904    .2370652
       2005  |  -.1000834    .197413    -0.51   0.612    -.4870059     .286839
       2006  |   .0743329   .1854689     0.40   0.689    -.2891795    .4378452
       2007  |   -.065946   .1907732    -0.35   0.730    -.4398547    .3079626
       2008  |   .1125252   .1812217     0.62   0.535    -.2426628    .4677133
       2009  |   .0117415    .175456     0.07   0.947    -.3321459    .3556289
             |
       _cons |   .0299625   .1378982     0.22   0.828    -.2403131    .3002381
------------------------------------------------------------------------------
Underidentification test (Kleibergen-Paap rk LM statistic):             26.933
                                                   Chi-sq(1) P-val =    0.0000
------------------------------------------------------------------------------
Weak identification test (Cragg-Donald Wald F statistic):               95.297
                         (Kleibergen-Paap rk Wald F statistic):         23.196
Stock-Yogo weak ID test critical values: 10% maximal IV size              7.03
                                         15% maximal IV size              4.58
                                         20% maximal IV size              3.95
                                         25% maximal IV size              3.63
Source: Stock-Yogo (2005).  Reproduced by permission.
NB: Critical values are for Cragg-Donald F statistic and i.i.d. errors.
------------------------------------------------------------------------------
Hansen J statistic (overidentification test of all instruments):         0.000
                                                 (equation exactly identified)
-endog- option:
Endogeneity test of endogenous regressors:                               5.294
                                                   Chi-sq(1) P-val =    0.0214
Regressors tested:    x1
------------------------------------------------------------------------------
Instrumented:         x1 x1_sq
Included instruments: x2 x3 2001.year 2002.year 2003.year 2004.year 2005.year
                      2006.year 2007.year 2008.year 2009.year
Excluded instruments: z1 z1_sq
------------------------------------------------------------------------------
. 
.     local can_weakivtest = (`has_weakivtest' & `has_avar')
.     if `can_weakivtest' {
.         ivreg2 y x2 x3 i.year (x1 = z1), cluster(id)

IV (2SLS) estimation
--------------------

Estimates efficient for homoskedasticity only
Statistics robust to heteroskedasticity and clustering on id

Number of clusters (id) =          100                Number of obs =     1000
                                                      F( 12,    99) =    70.92
                                                      Prob > F      =   0.0000
Total (centered) SS     =  6127.740829                Centered R2   =   0.6773
Total (uncentered) SS   =  6281.737306                Uncentered R2 =   0.6852
Residual SS             =  1977.345238                Root MSE      =    1.406

------------------------------------------------------------------------------
             |               Robust
           y | Coefficient  std. err.      z    P>|z|     [95% conf. interval]
-------------+----------------------------------------------------------------
          x1 |   1.299927   .0647579    20.07   0.000     1.173003     1.42685
          x2 |   .3504829   .0448713     7.81   0.000     .2625367    .4384291
          x3 |  -.1031582   .0499111    -2.07   0.039    -.2009822   -.0053343
             |
        year |
       2001  |   .0951494   .1961455     0.49   0.628    -.2892887    .4795874
       2002  |   .0898474   .2037719     0.44   0.659    -.3095382     .489233
       2003  |  -.1271913   .1981999    -0.64   0.521    -.5156559    .2612733
       2004  |  -.2658708    .209172    -1.27   0.204    -.6758403    .1440987
       2005  |  -.1269564   .2117745    -0.60   0.549    -.5420268     .288114
       2006  |   .0384674   .1924844     0.20   0.842    -.3387951    .4157299
       2007  |  -.0578431   .1944856    -0.30   0.766    -.4390278    .3233416
       2008  |   .1164417   .2016418     0.58   0.564     -.278769    .5116524
       2009  |  -.0086051   .1943303    -0.04   0.965    -.3894854    .3722752
             |
       _cons |  -.3488903   .1350125    -2.58   0.010    -.6135099   -.0842708
------------------------------------------------------------------------------
Underidentification test (Kleibergen-Paap rk LM statistic):             72.372
                                                   Chi-sq(1) P-val =    0.0000
------------------------------------------------------------------------------
Weak identification test (Cragg-Donald Wald F statistic):              708.187
                         (Kleibergen-Paap rk Wald F statistic):        672.145
Stock-Yogo weak ID test critical values: 10% maximal IV size             16.38
                                         15% maximal IV size              8.96
                                         20% maximal IV size              6.66
                                         25% maximal IV size              5.53
Source: Stock-Yogo (2005).  Reproduced by permission.
NB: Critical values are for Cragg-Donald F statistic and i.i.d. errors.
------------------------------------------------------------------------------
Hansen J statistic (overidentification test of all instruments):         0.000
                                                 (equation exactly identified)
------------------------------------------------------------------------------
Instrumented:         x1
Included instruments: x2 x3 2001.year 2002.year 2003.year 2004.year 2005.year
                      2006.year 2007.year 2008.year 2009.year
Excluded instruments: z1
------------------------------------------------------------------------------
.         weakivtest
(obs=1,000)

Montiel-Pflueger robust weak instrument test
--------------------------------------------
Effective F statistic:      672.145
Confidence level alpha:          5%
--------------------------------------------

--------------------------------------------
Critical Values             TSLS      LIML
--------------------------------------------
% of Worst Case Bias
tau=5%                    37.418    37.418
tau=10%                   23.109    23.109
tau=20%                   15.062    15.062
tau=30%                   12.039    12.039
--------------------------------------------
.         display "weakivtest_F_eff=" r(F_eff)
weakivtest_F_eff=672.14541
.     }
. }

. 
end of do-file
