
  ___  ____  ____  ____  ____ ®
 /__    /   ____/   /   ____/      StataNow 19.5
___/   /   /___/   /   /___/       MP—Parallel Edition

 Statistics and Data Science       Copyright 1985-2025 StataCorp LLC
                                   StataCorp
                                   4905 Lakeway Drive
                                   College Station, Texas 77845 USA
                                   800-782-8272        https://www.stata.com
                                   979-696-4600        service@stata.com

Stata license: Single-user 16-core  perpetual
Serial number: 3851871377
  Licensed to: jefeerzhang
               sicau

Notes:
      1. Stata is running in batch mode.
      2. Unicode is supported; see help unicode_advice.
      3. More than 2 billion observations are allowed; see help obs_advice.
      4. Maximum number of variables is set to 5,000 but can be increased;
          see help set_maxvar.

. do /Users/jefeerzhang/Downloads/stataskills-demo/stataskills-repo/verify/veri
> fy-synth-sdid.do 

. version 19.5

. set more off

. set seed 20260817

. 
. * ============================================================
. * stata-did 验证脚本：第 13-15 节（csdid / jwdid / did_imputation / 合成控制 
> / 合成 DID，社区包）
. *
. * 数据：
. *   - csdid / jwdid / did_imputation 章节用本地模拟数据
. *     （40 units × 10 periods，2 cohorts），不依赖任何外部数据集。
. *   - ../synth/synth_smoking.dta —— Scott Cunningham *Mixtape* 经典案例
. *     （加州 Prop 99，1989 年生效）。来源见 data/synth/README.md。
. *   - sdid 章节用本地模拟数据（800 obs，39 对照 + 1 处理 × 20 期），
. *     不依赖任何外部数据集。
. *
. * 社区包契约（verify/run-verify.sh --community 模式）：
. *   - csdid          ：必需（Callaway-Sant'Anna 估计量）
. *   - drdid          ：可选（csdid 的依赖包，未装时 sentinel）
. *   - jwdid          ：必需（Wooldridge ETWFE 估计量）
. *   - hdfe           ：可选（jwdid 的依赖包，未装时 sentinel）
. *   - did_imputation ：必需（BJS 插补法估计量）
. *   - reghdfe        ：可选（did_imputation 的依赖包，未装时 sentinel）
. *   - synth          ：必需（run-verify.sh 在数据已就绪时仍要求装包才 PASS）
. *   - synth_runner   ：可选；未装时 display sentinel，--community 模式下报 BA
> D
. *   - sdid           ：必需（同 synth）
. *   - 缺包检测：在缺包分支用 `display "<sentinel-string><pkg><sentinel-end>"`
. *     （harness 用正则识别，注释中提及 sentinel 字符串不会误匹配）；
. *     sentinel 见 verify/run-verify.sh 的 grep 模式。
. * ============================================================
. 
. * ============================================================
. * 第 13 节：csdid（Callaway-Sant'Anna 估计量）
. * ============================================================
. display as text "=== 测试第 13 节：csdid ==="
=== 测试第 13 节：csdid ===

. 
. capture which csdid

. if _rc != 0 {
.     display "__COMMUNITY_PACKAGE_MISSING__csdid__"
.     display as error "csdid 未安装，请运行 ssc install csdid, replace"
.     exit 1
. }

. 
. * drdid 是 csdid 的依赖包（底层引擎）
. capture which drdid

. if _rc != 0 {
.     display "__COMMUNITY_PACKAGE_OPTIONAL_MISSING__drdid__"
__COMMUNITY_PACKAGE_OPTIONAL_MISSING__drdid__
.     display as text "drdid 未安装（csdid 依赖包；装上可用 method(dr/ipw)）"
drdid 未安装（csdid 依赖包；装上可用 method(dr/ipw)）
. }

. 
. * 本地模拟数据：40 units × 10 periods，2 cohorts（首次处理期 = 3 和 7）
. clear

. set seed 20260817

. set obs 400
Number of observations (_N) was 0, now 400.

. gen id = ceil(_n/10)

. gen t  = mod(_n-1, 10) + 1

. gen first_treat = cond(id <= 20, 3, cond(id <= 30, 7, 0))

. gen treat = (first_treat > 0 & t >= first_treat)

. gen x = rnormal()

. gen y = 2 + 0.5*t + 0.3*x + 1.0*treat + rnormal(0, 1)

. 
. * 基本估计：notyet 控制组 + 回归法
. csdid y x, ivar(id) time(t) gvar(first_treat) notyet method(reg)
Program DRDID is outdated, or not installed. 
Please install ssc install drdid
xxxxxxxxxxxxxxxxxx
Difference-in-difference with Multiple Time Periods

                                                             Number of obs = 0
Outcome model  : regression adjustment
Treatment model: none
------------------------------------------------------------------------------
             | Coefficient  Std. err.      z    P>|z|     [95% conf. interval]
-------------+----------------------------------------------------------------
g3           |
       t_1_2 |          0  (omitted)
       t_2_3 |          0  (omitted)
       t_2_4 |          0  (omitted)
       t_2_5 |          0  (omitted)
       t_2_6 |          0  (omitted)
       t_2_7 |          0  (omitted)
       t_2_8 |          0  (omitted)
       t_2_9 |          0  (omitted)
      t_2_10 |          0  (omitted)
-------------+----------------------------------------------------------------
g7           |
       t_1_2 |          0  (omitted)
       t_2_3 |          0  (omitted)
       t_3_4 |          0  (omitted)
       t_4_5 |          0  (omitted)
       t_5_6 |          0  (omitted)
       t_6_7 |          0  (omitted)
       t_6_8 |          0  (omitted)
       t_6_9 |          0  (omitted)
      t_6_10 |          0  (omitted)
------------------------------------------------------------------------------
Control: Not yet Treated

See Callaway and Sant'Anna (2021) for details

. 
. * 事后聚合（capture 包住：40 unit × 10 period 小样本下 estat group/event
. * 可能报 conformability r(503)，不视为脚本错误）
. capture estat simple

. capture estat group

. capture estat event

. 
. display as text "csdid 完成"
csdid 完成

. 
. * ============================================================
. * 第 13 节：jwdid（Wooldridge ETWFE 估计量）
. * ============================================================
. display as text "=== 测试第 13 节：jwdid ==="
=== 测试第 13 节：jwdid ===

. 
. capture which jwdid

. if _rc != 0 {
.     display "__COMMUNITY_PACKAGE_MISSING__jwdid__"
__COMMUNITY_PACKAGE_MISSING__jwdid__
.     display as error "jwdid 未安装，请运行 ssc install jwdid, replace"
jwdid 未安装，请运行 ssc install jwdid, replace
.     exit 1
--Break--
r(1);
. }
--Break--
r(1);

end of do-file
--Break--
r(1);
