
  ___  ____  ____  ____  ____ ®
 /__    /   ____/   /   ____/      StataNow 19.5
___/   /   /___/   /   /___/       MP—Parallel Edition

 Statistics and Data Science       Copyright 1985-2025 StataCorp LLC
                                   StataCorp
                                   4905 Lakeway Drive
                                   College Station, Texas 77845 USA
                                   800-782-8272        https://www.stata.com
                                   979-696-4600        service@stata.com

Stata license: 114514-student 64-core lab perpetual
Serial number: 9223372036854775807
  Licensed to: zhangjian
               sicau

Notes:
      1. Stata is running in batch mode.
      2. Unicode is supported; see help unicode_advice.
      3. More than 2 billion observations are allowed; see help obs_advice.
      4. Maximum number of variables is set to 5,000 but can be increased;
          see help set_maxvar.

. do _powerreg_check.do 

. version 15

. set more off

. * 书 powerreg r2f(.2): 全模型 R2=.2, 检验 3 个新系数 -> delta=.2/.8=.25
. power rsquared 0.25, ntested(3) power(0.90) alpha(0.05)

Performing iteration ...

Estimated sample size for multiple linear regression
F test for R2 testing all coefficients
H0: R2_T = 0  versus  Ha: R2_T != 0

Study parameters:

        alpha =    0.0500
        power =    0.9000
        delta =    0.3333
         R2_T =    0.2500
      ntested =         3

Estimated sample size:

            N =        47

. exit, clear

end of do-file
