
  ___  ____  ____  ____  ____ ®
 /__    /   ____/   /   ____/      StataNow 19.5
___/   /   /___/   /   /___/       MP—Parallel Edition

 Statistics and Data Science       Copyright 1985-2025 StataCorp LLC
                                   StataCorp
                                   4905 Lakeway Drive
                                   College Station, Texas 77845 USA
                                   800-782-8272        https://www.stata.com
                                   979-696-4600        service@stata.com

Stata license: 114514-student 64-core lab perpetual
Serial number: 9223372036854775807
  Licensed to: zhangjian
               sicau

Notes:
      1. Stata is running in batch mode.
      2. Unicode is supported; see help unicode_advice.
      3. More than 2 billion observations are allowed; see help obs_advice.
      4. Maximum number of variables is set to 5,000 but can be increased;
          see help set_maxvar.

. do _search.do 

. version 15

. set more off

. ssc describe s
-------------------------------------------------------------------------------
http://fmwww.bc.edu/repec/bocode/s/
(no title)
-------------------------------------------------------------------------------

PACKAGES you could -net describe-:
    s2s               module to provide survey to survey imputation tool
    sadi              Sequence analysis distance measures
    sae               module to provide commands and mata functions devoted
                        to unit level small area estimation
    safedrop          module to drop variables if and only if varnames
                        specified in full
    sampicc           module to compute sample size for an intra-class
                        correlation (ICC)
    samplepps         module to draw a random sample with probabilities
                        proportional to size
    samplesize        module to execute sampsi multiple times and produce a
                        graph
    sampsi_fleming    module to compute exact sample size calculation for
                        single-stage designs
    sampsi_gehan      module to give the parameters of the single stage Gehan
                        design
    sampsi_mcc        module to calculate Sample Size or Power for Matched
                        Case-Control Studies
    sampsi_reg        module to calculate the sample size/power for linear
                        regression
    sampsi_rho        module to compute sample size for a Pearson correlation
    sampsi_sccs       module to calculate the sample size for self controlled
                        case series study designs
    samregc           module to perform Sensitivity Analysis of Main
                        Regression Coefficients
    sankey            module for Sankey diagrams
    sankey_plot       module to produce Sankey plots
    saswrapper        module to run a SAS program from within Stata
    savasas           module to save your dataset as a SAS dataset
    save12            module to save data in version 12 format
    save13            module to save data in version 13 format
    save9             module to save dataset in Stata 9 format
    saveascii         module to provide wrapper for saveold, incorporating
                        translation of unicode characters to extended ASCII
                        encodings
    saveresults       module to save output from a command in a file on disk
    savesome          module to save subset of data
    savespss          module to save data to SPSS (.sav) system file
    sbbq              module to implement the Harding and Pagan (2002)
                        business cycle dating algorithm
    sbldo             module to access Stata do-files of songbl command
    sblsf             module to easily browse and access the posts of The
                        Stata Forum
    sbmeff            module to estimate slack-based measure efficiency of
                        decision-making units
    sbplot            module to generate scatter plot with one y variable
                        shown by vertical bars
    sbplot5           module to generate scatter plot with one y variable
                        shown by vertical bars
    sbri              module to calculate the Spearman-Brown reliability
    sbrowni           module to calculate Spearman-Brown reliability
                        correction for test length
    scale_transformation
                        module to find a 6th-degree monotonic polynomial
                        transformation for a test score scale
    scandata          module to scan a dataset for specified characteristics
    scat3             module for crude three-dimensional graphics
    scatter3d         module to create 3D scatter plots for the web, using
                        HTML5 3D feature and java api developped by
                        CanvasXpress
    scatterfit        module to produce scatter plots with fit lines
    sccsdta           module to generate a dataset for the self-controlled
                        case series method (SCCS)
    scdensity         module to perform univariate self-consistent density
                        estimation
    scenreg           module for estimating effects in models for binary
                        variables given a scenario concerning unobserved
                        variables
    scenttest         module to compute scenario arithmetic means and their
                        difference
    scfcombo          module to estimate errors using the Survey of Consumer
                        Finances
    scheme-burd       module to provide a ColorBrewer-inspired graphics
                        scheme with qualitative and blue-to-red diverging
                        colors
    scheme-mrc        module to provide graphics scheme for UK Medical
                        Research Council
    scheme-tfl        module to provide graph scheme, based on Transport for
                        London's corporate colour pallette
    scheme_rbn1mono   module to provide minimal monochrome graphics schemes
    scheme_scientific module to provide a graphic scheme favored by many
                        scientific journals
    scheme_tufte      module to provide a Tufte-inspired graphics scheme
    scheme_ukri       module to provide graphics scheme for UK Research and
                        Innovation (UKRI) guidelines
    schemepack        module providing ready-to-use graph schemes
    scls              module to perform symmetrically censored least squares
    scm               module to process data for Social Cognitive Mapping
    scoregof          module to perform Score test of normality for probit
                        and bivariate probit
    scoregrp          module to perform a score test for equality of
                        parameters across groups of observations
    scores            module to creates scores (row-wise) of a set of
                        variables allowing the specification of the number of
                        valid values required and/or to produce various
                        transformations of scores
    scrash            module to calculate quarterly stock crash risk measures
                        (NCSKEW and DUVOL)
    screen            module to quickly identify possible outliers based on
                        the interquartile range, percentile or standard
                        deviation
    scsomersd         module to compute rank statistics for scenario
                        comparisons
    scto              module to provide utility functions for data collected
                        using SurveyCTO
    sctree            module to implement classification trees via optimal
                        pruning, bagging, random forests, and boosting
                        methods
    scul              module to implement regularized synthetic control
                        (using LASSO) estimators for single and
                        multiple-treated unit settings
    sdecode           module to decode a numeric variable into a string
                        variable
    sdid              module to perform synthetic difference-in-differences
                        estimation, inference, and visualization
    sdid_event        module providing Synthetic Difference-in-Differences
                        (SDID) event-study estimators
    sdist             module to simulate the Central Limit Theorem
    sdlim             module to rescale variables measured with a limited
                        rating scale
    sdline            module to plot SD line or reduced major axis
    sdmxuse           module to import data from statistical agencies using
                        the SDMX standard
    searchfor         module to search for texts in selected or all string
                        variables
    searchr           module to search for similar packages in R software
                        within Stata Command Window
    seast             module to calculate tests for seasonality with a
                        variable population at risk
    seg               module to compute multiple-group diversity and
                        segregation indices
    segmcoint         module to provide tests for segmented cointegration
                        (cointegration holding only over part of the sample)
    segregation       module to compute segregation indices
    seldum            module to transform indicator variables coefficients in
                        semilog model
    selectvars        module for selecting all possible n-tuples from a
                        varlist
    semean            module to compute standard error of mean (optionally
                        from transformed data)
    semipar           module to compute Robinson's (1988) semiparametric
                        regression estimator
    sencode           module to encode a string variable non-alphanumerically
                        into a numeric variable
    sendtoslack       module to send notifications from Stata to your
                        smartphone through Slack
    sensatt           module to compute sensitivity for matching estimators
    sensemakr         module to provide sensitivity tools for OLS
    sensimatch        module to provide data-driven sensitivity analysis for
                        Matching estimator
    senspec           module to compute sensitivity and specificity results
                        saved in generated variables
    sentinel          module for selecting sentinel variants from SNPs in a
                        case-control study
    sepscatter        module to draw scatter (or other twoway) plots
                        separated by a third variable
    seq               module to generate sequences of integers
    seqfind           module to find the sequence of a numeric character
                        within a variable list
    seqlogit          module to fit a sequential logit model
    sequences         module for generating versatile numeric sequences
    ses_forecast      module to compute simple exponential smoothing
                        forecasts with confidence intervals
    setpoisson        module to estimate a Selection Endogenous Treatment
                        Poisson model by MSL
    setrngseed        module to to set random-number seed using truly random
                        integer from random.org
    setroot           module to find the root path of a project and set it as
                        a global variable
    sf12              module to validate sf12 input and calculate sf12
                        version 2 t scores
    sf36              module to calculate summary statistics for the SF-36
                        Health Survey Instrument
    sf36fr            module to compute the scores of the French versions of
                        the SF36 questionnaire
    sf36v2            module to score Short-Form 36 version 2
    sfcross           module for cross-sectional stochastic frontier models
                        estimation
    sfkk              module to estimate endogenous stochastic frontier
                        models in the style of Karakaplan and Kutlu
    sfpanel           module for panel data stochastic frontier models
                        estimation
    sgini             module to compute Generalized Gini and Concentration
                        coefficients, Gini correlations and fractional ranks
    sgpv              module to calculate Second-Generation P-Value(s) (SGPV)
                        and their associated diagnosis
    sgtreg            module to perform Regression using the Skewed
                        Generalized T Distribution
    shakespeare       module to randomly generate quotes from the Bard of
                        Avon
    shapley           module to perform additive decomposition of sample
                        statistic
    shapley2          module to compute additive decomposition of estimation
                        statistics by regressors or groups of regressors
    shapowen          module to provide a generic Shapley-Owen value
                        calculator
    sheafcoef         module to compute sheaf coefficients
    shortdir          module to return the short Windows directory path name
    shorth            module for descriptive statistics based on shortest
                        halves
    showgph           module to to show graphs previously saved
    shownear          module to show nearby values of numeric variable
    shp2dta           module to converts shape boundary files to Stata
                        datasets
    shuffle           module to shuffle a list
    shuffle8          module to shuffle a list
    shufflevar        module to shuffle variables relative to the rest of the
                        dataset
    shwinters_forecast
                        module to compute Holt-Winters seasonal forecasts
                        with confidence intervals
    sic_to_ff         module to convert SIC codes to Fama-French industry
                        classifications
    sicff             module to create Fama French Industry Variable from SIC
                        Code
    side_histogram    module to plot side by side histograms
    sigcoef           module to count statistically significant coefficients
                        across models
    silhouette        module to calculate and graph silhouette width for
                        cluster analysis
    silvermtest       module to perform Silverman (1981) multimodality test
    sim_arma          module to simulate data for ARMA processes
    simarwilson       module to perform Simar & Wilson (2007) efficiency
                        analysis
    simirt            module to process data generated by IRT models
    simon2stage       module to to compute the design parameters for a Simon
                        two-stage design
    simpplot          module creating a plot describing p-values from a
                        simulation by comparing nominal significance levels
                        with the coverages
    simpute           module to evaluate the effect of missing data on a
                        published clinical trial
    simsum            module to perform analyses of simulation studies
                        including Monte Carlo error
    simufe            module to simulate panel data with fixed effects and
                        generate scatter plots with optional fitting lines
    simulate2         module enhancing and parallelising simulate
    simuped           module to simulate two- and three-generation family
                        data
    singlearm         module supporting design and analysis of single-arm
                        clinical trials
    singleb           module to compute Contingent Valuation using
                        Single-Bounded Dichotomous Choice
    sivqr             module to perform smoothed IV quantile regression
    sivreg            module to perform adaptive Lasso with some invalid
                        instruments
    sixplot           module to display six diagnostic and descriptive graphs
                        for a single variable
    sizefx            module to compute effect size correlations
    sj1               module providing Enhanced Stata Journal Navigator
    sjive             module providing Shrunken Jackknife instrumental
                        variables estimator (SJIVE)
    skbim             module to generate a sample from a bimodal distribution
                        using normal or skewed (skew-normal) unimodal
                        distributions, as defined by the user
    skdecomp          module to estimate Shapley value of growth, price, and
                        distribution components on changes in poverty
                        indicators
    skewplot          module to draw skewness plots
    skewreg           module to estimate skewness and kurtosis regressions
    skilmack          module to calculate Skillings-Mack statistic
    sknor             module to generate a sample from a normal or skewed
                        (skew-normal) distribution, as defined by the user
    skprobit          module to perform Lagrange Multiplier Test for
                        Normality for Probit model
    sliceplot         module for time series or other plot in slices
    slideplot         module for sliding bar plot for frequencies or percents
    slideviewer       module to navigate SMCL slides, presentations, and
                        tutorials in the Stata Viewer
    slist             module to "smart list" variables in compact format
    slopepower        module to compute sample size and power calculator for
                        rate outcomes
    sls               module to perform semiparametric least squares
    smcfcs            module to perform multiple imputation of covariates by
                        substantive model compatible fully conditional
                        specification
    smcl2do           module to convert log files to do-files in a robust
                        fashion
    smclpres          module to create a SMCL presentation from a do file
    smfit             module to fit a Singh-Maddala distribution by maximum
                        likelihood
    smgfit            module to fit a Singh-Maddala distribution to grouped
                        data via ML
    smhsiao           module to conduct Small-Hsiao test for IIA in
                        multinomial logit
    smileplot         module to create plots for use with multiple
                        significance tests
    smithwelch        module to compute trend decomposition of outcome
                        differentials
    smrtbl            module to produce various tables for putdocx
    smvcir            module to compute sliced mean variance-covariance
                        inverse regression
    smwoodbury        module to compute Sherman-Morrison-Woodbury rank-k
                        update to matrix inverse
    sob               module to perform second-order bootstrap standard error
                        correction
    socstrat          module to compute and analyze social stratification
                        variables
    soepdo            module to handle SOEP drop-outs
    soepren           module providing easy SOEP renames
    soepuse           module providing easy SOEP access
    solve             module to seek an approximate solution to an equation
                        of the form F(x) = y
    somersd           module to calculate Kendall's tau-a, Somers' D and
                        median differences
    songbl            module to search and share Stata resources and blogs
    soreg             module to implement the stereotype ordinal regression
                        model
    sortl             module to sort factor loadings or rotated matrix from
                        PCA or factor
    sortlistby        module to sort by random or by ancillary numlist
    sortobs           module to sort observations according to a specified
                        order
    sortrows          program to perform sort within observation
    sotable           module to produce tests and confidence bands for
                        multiple comparisons of two-sided or one-sided
                        hypotheses
    spaces            module to parse a file for delimiters
    spagg             module to create aggregate source or target contagion
                        spatial effect variable for directed dyadic data
    sparkline         module for sparkline-type plots
    sparkta           module to produce interactive self-contained HTML
                        charts
    spatial_hac_iv    module to estimate an instrumental variable regression,
                        adjusting standard errors for spatial correlation,
                        heteroskedasticity, and autocorrelation
    spautoc           modules to calculate spatial autocorrelation (Moran and
                        Geary measures)
    spautoreg         module to estimate Spatial
                        (Lag-Error-Durbin-SAC-SPGKS-SPGSAR-GS2SLS-GS3SLS-SPML
                        > -SPGS-SPIVREG-IVTobit)
    spcs2xt           module to Convert Cross Section to Panel Spatial Weight
                        Matrix
    spdir             module to create directed dyad contagion spatial effect
                        variable
    spearman2         module to calculate Spearman rank correlations,
                        extended
    spec_stand        module to create dataset of stratum-specific,
                        unadjusted and standardized rates
    specc             module to create specification curves
    speccheck         module to check model specification
    spechist          module to produce specific histograms for continuous
                        variables
    specialexp        module to obtain expression that evaluates to specified
                        string
    spectdens         module to compute sample spectral density
    speedergles       module to compute the GLES response speed index
    spell             module for identification of spells or runs of similar
                        values
    spellutil         module of utilities for the manipulation of timespan
                        data
    spgen             module to generate spatially lagged variables
    spglsxt           module to estimate Spatial Panel Autoregressive
                        Generalized Least Squares Regression
    spgmm             module to estimate Spatial Autoregressive Generalized
                        Method of Moments Cross Sections Regression
    spgmmxt           module to estimate Spatial Panel Autoregressive
                        Generalized Method of Moments Regression
    spgrid            module to generate two-dimensional grids for spatial
                        data analysis
    sphdist           module to compute spherical distances
    spider            module for spider plots
    spike             module to allow for a zero willingness to pay
    spikeplt          module to generate spike plot showing fine structure of
                        the data
    spineplot         module for spine plots for two-way categorical data
    spkde             module to perform kernel estimation of density and
                        intensity functions for two-dimensional spatial point
                        patterns
    splagvar          module to generate spatially lagged variables,
                        construct the Moran Scatter plot, and calculate
                        Moran's I statistics
    splinefit         module for smooth connected line plots
    split             modules for splitting string variables into parts
    splithalf         module to compute split-half reliability
    splitit           module to split chronological overlapping spells in
                        spell data
    splitvallabels    module to split up value labels for multi-line graph
                        labelling
    splitvarlabels    module to split variable labels for multiline graph
                        display
    spmap             module to visualize spatial data
    spmlreg           module to estimate the spatial lag, the spatial error,
                        the spatial durbin, and the general spatial models by
                        maximum likelihood
    spmon             module to create spatial effect variable for monadic
                        data
    spmstar           module to Estimate (m-STAR) Spatial Multiparametric
                        Spatio Temporal AutoRegressive Regression Models
    spmstard          module to estimate Multiparametric Spatio Temporal
                        AutoRegressive Regression Spatial Durbin Cross
                        Sections Models
    spmstardh         module to Estimate (m-STAR) Spatial Multiparametric
                        Spatio Temporal AutoRegressive Regression: Spatial
                        Durbin Multiplicative Heteroscedasticity Cross
                        Sections Models
    spmstardhxt       module to estimate (m-STAR) Spatial Multiparametric
                        Spatio Temporal AutoRegressive Regression: Spatial
                        Durbin Multiplicative Heteroscedasticity Panel Models
    spmstarh          Module to Estimate (m-STAR) Spatial Multiparametric
                        Spatio Temporal AutoRegressive Regression: Spatial
                        Lag Multiplicative Heteroscedasticity Cross Sections
                        Models
    spmstarhxt        module to Estimate (m-STAR) Spatial Multiparametric
                        Spatio Temporal AutoRegressive Regression: Spatial
                        Lag Multiplicative Heteroscedasticity Panel Models
    spmstarxt         module to Estimate (m-STAR) Spatial Panel
                        Multiparametric Spatio Temporal AutoRegressive
                        Regression Models
    spnorm            module to plot Shaded Percentiles of Normal
                        Distributions
    sppack            module for cross-section spatial-autoregressive models
    spregcs           Module Econometric Toolkit to Estimate Spatial Cross
                        Section Regression Models
    spregdpd          module to estimate Spatial Panel Arellano-Bond Linear
                        Dynamic Regression: Lag & Durbin Models
    spregfext         module to compute Spatial Panel Fixed Effects
                        Regression: Lag and Durbin Models
    spreghetxt        module to Estimate Spatial Panel Random-Effects
                        Multiplicative Heteroscedasticity Regression: Lag and
                        Durbin Models
    spregrext         module to compute Spatial Panel Random Effects
                        Regression: Lag and Durbin Models
    spregsac          module to estimate Maximum Likelihood Estimation
                        AutoCorrelation (SAC) Cross Section Regression
    spregsacxt        module to Estimate Maximum Likelihood Estimation
                        Spatial AutoCorrelation (SAC) Panel Regression
    spregsar          module to estimate Maximum Likelihood Estimation
                        Spatial Lag Cross Sections Regression
    spregsarxt        module to Estimate Maximum Likelihood Estimation
                        Spatial Lag Panel Regression
    spregsem          Module to Estimate Maximum Likelihood Estimation
                        Spatial Error Cross Sections Regression
    spregsemxt        Module to Estimate Maximum Likelihood Estimation
                        Spatial Error Panel Regression
    spregxt           Econometric Toolkit to Estimate Spatial Panel
                        Regression Models
    sproper           module to get proper case for foreign names in
                        variables
    spseudor2         module to calculate goodness-of-fit measures in spatial
                        autoregressive models
    spsfe             module for estimation of spatial stochastic frontier
                        models
    spsiv             module to generate Synthetic Instrumental Variables
                        (SIV) for spatial regression
    spspc             module to create specific source or target contagion
                        spatial effect variable for directed dyadic data
    spsurv            module to fit split population survival ('cure') model
    sptobitmstar      Module to Estimate Tobit (m-STAR) Spatial
                        Multiparametric Spatio Temporal AutoRegressive
                        Regression: Spatial Lag Cross Sections Models
    sptobitmstard     Module to Estimate Tobit (m-STAR) Spatial
                        Multiparametric Spatio Temporal AutoRegressive
                        Regression: Spatial Durbin Cross Sections Models
    sptobitmstardhxt  Module to Estimate Tobit (m-STAR) Spatial
                        Multiparametric Spatio Temporal AutoRegressive
                        Regression: Spatial Durbin Multiplicative
                        Heteroscedasticity Panel Models
    sptobitmstarh     Module to Estimate Tobit (m-STAR) Spatial
                        Multiparametric Spatio Temporal AutoRegressive
                        Regression: Spatial Lag Multiplicative
                        Heteroscedasticity Cross Sections Models
    sptobitmstarhxt   module to estimate Tobit (m-STAR) Spatial
                        Multiparametric Spatio Temporal AutoRegressive
                        Regression: Spatial Lag Multiplicative
                        Heteroscedasticity Panel Models
    sptobitmstarxt    module to estimate Tobit (m-STAR) Spatial
                        Multiparametric Spatio Temporal AutoRegressive
                        Regression: Spatial Lag Panel Models
    sptobitsac        module to Estimate Tobit MLE Spatial Autocorrelation
                        Cross Sections Regression
    sptobitsacxt      module to estimate Tobit MLE Spatial AutoCorrelation
                        (SAC) Panel Regression
    sptobitsar        module to Estimate Tobit MLE Spatial Lag Cross Sections
                        Regression
    sptobitsarxt      module to estimate Tobit MLE Spatial Lag Panel
                        Regression
    sptobitsdm        module to Estimate Tobit MLE Spatial Durbin Cross
                        Sections Regression
    sptobitsdmxt      module to estimate Tobit MLE Spatial Panel Durbin
                        Regression
    sptobitsem        module to Estimate Tobit MLE Spatial Error Cross
                        Sections Regression
    sptobitsemxt      module to estimate Tobit MLE Spatial Error Panel
                        Regression
    spundir           module to create directed dyad contagion spatial effect
                        variable
    spweight          module to compute Cross Section Spatial Weight Matrix
    spweightcs        module to compute Cross Section Spatial Weight Matrix
    spweightxt        module to compute Panel Spatial Weight Matrix
    spwmatfill        module to assign first nearest neighbors to
                        observations with no contiguous neighbors
    spwmatrix         module to generate, import, and export spatial weights
    spxttobit         module to estimate Tobit Spatial Panel Autoregressive
                        Generalized Least Squares Regression
    sq                module for sequence analysis
    sqmc              module to compute squared multiple correlation
    sqr               module to make graphs square, or any other shape
    sratio            module to calculate ratio study statistics
    sreweight         module for survey reweighting
    srh_test          module for computing the Scheirer-Ray-Hare
                        nonparametric two-way analysis of variance test
    sriinei           module to download microdata modules from Peru's INEI
                        official statistics portal
    srslogit          module to perform Logit regression with secondary ridit
                        splines
    srtree            module to implement regression trees via optimal
                        pruning, bagging, random forests, and boosting
                        methods
    ssaggregate       module to create shock-level aggregates for shift-share
                        IV
    ssccount          module to download ssc hits over time for user-written
                        packages
    ssci              module to compute Short and Simple Confidence Interval
    sscpax            module to describe, install, or uninstall a list of SSC
                        packages
    sscsubmit         module -- some notes on SSC Archive use for Stata users
    ssi               module to estimate sample size for randomized
                        controlled trials
    ssizebi           module to calculate sample size and power for the
                        comparison of two or more proportions
    sskapp            module to compute sample size for the kappa-statistic
                        measure of interrater agreement
    sslope            module to calculate slope coefficients for regression
                        interactions
    ssm               program to estimate endogenous switching and sample
                        selection models for binary, count, and ordinal
                        variables using ML
    sspecialreg       module to estimate binary choice model with discrete
                        endogenous regressor via special regressor method
    st2openbugs       module to implement an interface between Stata and
                        OpenBUGS on Linux
    stackbar          module to produce stacked bar charts
    stackdid          module to estimate Stacked Difference-in-Differences
                        Regression
    stackedcount      module to produce a stacked area graph
    stackedev         module to implement stacked event study estimator
    stackreg          module to perform stacked linear regression analysis to
                        facilitate testing of multiple hypotheses
    stackscpvals      module providing post-estimation handling of synthetic
                        controls
    staft             module to fit flexible parametric accelerated failure
                        time models
    staggered         module implementing R staggered package based on Roth
                        and Sant'Anna (2023)
    stak              module to do simple reshapes or stacks
    stan              module to use Stan software for Bayesian modeling
    standsurv         module to compute standardized (marginal) survival and
                        related functions
    stanrun           module to provide Modern interface to CmdStan for
                        Bayesian modeling
    starjas           module to produce Arjas plot to check proportional
                        hazards assumption
    stat2data         module to generate a Dataset of Descriptive Statistics
                        Calculated for a List of Variables
    stata2pajek       module to export data to Pajek .net format
    stata_linter      module providing a tool to detect and correct bad Stata
                        coding practices
    stata_sage        module to answer your research questions
    statacmds         module to produce list of all commands known to Stata,
                        including fuctions and built-ins
    stataid           module to obtain and display information about running
                        Stata instances under Microsoft Windows
    statajava         module to provide Java library of helper classes for
                        Stata plug-ins
    statapush         module to send push notifications to mobile device
    statashiny        module to build interactive HTML dashboards,
                        calculators, and data tables from Stata
    statastates       module to add US state identifiers to dataset
    statax            module to highlight Stata syntax
    statflow          module for dynamically updating flowcharts in Excel
    staticfc          module to compute static forecasts for a recursive
                        rolling regression
    statplot          module for plots of summary statistics, including by
                        category
    statsbyfast       module to efficiently compute statistics for by-group
    statsmat          module to place descriptive statistics in matrix
    stattotex         module to export values for inclusion in LaTeX
    stbget            module to get packages from Stata Technical Bulletin
    stbrier           module to compute Brier score for censored
                        time-to-event (survival) data
    stbtcalc          module to calculate time-varying regression
                        coefficients in Cox PH models
    stcapture         module to estimate survival functions and hazard ratios
    stcascoh          module to create dataset suitable for case-cohort
                        analysis
    stcband           module to compute Equal precision and Hall-Wellner
                        confidence band for survival function
    stckar            module to draw stacked area graphs
    stcmd             module to execute StatTransfer command from within
                        Stata
    stcomlist         module to list cumulative function in presence of
                        competing risks
    stcompadj         module to estimate the covariate-adjusted cumulative
                        incidence function in the presence of competing risks
    stcompet          module to generate cumulative incidence in presence of
                        competing events
    stcoxgof          module to produce goodness-of-fit test and plot after a
                        Cox model
    stcoxplt          module to plot predicted survival curves from Cox model
    stcrmix           module to estimate Mixtures of Generalized Gamma Models
                        for Competing Risks
    stcrprep          module to prepare data for competing risks analysis
                        using time-dependent weights
    stcstat           module to generate evaluation of fit for Cox regression
                        model
    stcstat2          module to compute Harrell's c-index for flexible
                        parametric models
    stcumh            module to check proportional hazards assumption
    std_beta          module to calculate centered and standardized
                        coefficients after estimation
    stddiff           module to compute Standardized differences for
                        continuous and categorical variables
    stdtable          module to standardize cross-tabulations to
                        pre-specified row and column totals
    step3             module to relate latent class membership to external
                        variables
    stexpect          module to compute expected survival
    stfform           module to provide Functional form test for Cox Models
    stgenreg          module to fit general parametric survival models
    stgit             module to retrieve information about a Git repository
    stgtcalc          module to calculate time-varying regression
                        coefficients in Cox PH models (variant)
    stipw             module to estimate inverse probability weighted
                        parametric survival models with variance obtained via
                        M-estimation
    stjm              module to fit shared parameter joint models of
                        longitudinal and survival data
    stjm11            module to fit shared parameter joint models of
                        longitudinal and survival data
    stjmgraph         module to create a joint longitudinal and survival
                        graph
    stkap             module to automatically center adjustment variables for
                        Kaplan-Meier plots
    stkerhaz          module to produce baseline hazard estimates via kernel
                        smoother and plots
    stlda             module for Limiting Dilution Analysis (LDA)
    stmd              module to convert dynamic Markdown to HTML format,
                        using Stata dyndoc
    stmix             module to fit two-component parametric mixture survival
                        models
    stmixed           module to fit multilevel mixed effects parametric
                        survival models
    stmt              module to model multiple timescales using flexible
                        parametric survival models on the log-hazard scale
    stndzxage         module to standardize by age
    stnet             module to calculate net survival
    stns              module for estimation of net survival
    sto               module to toggle trace switch
    stocdom           module to compute bounds assuming stochastic dominance
    stockcapit        module to calculate physical capital stock by the
                        perpetual-inventory method
    stockquote        module to retrieve stock quotes to a Stata-formatted
                        dataset
    stop              module to interrupt dofiles intelligently (closes
                        logfiles and optionally sends a message to your
                        smartphone)
    storecmd          modules to store and repeat commands using
                        characteristics
    stpepemori        module to test the equality of cumulative incidences
                        across two groups in the presence of competing risks
    stphcoxrcs        module to check proportional-hazards assumption using
                        restricted cubic splines
    stpiece           module to estimate piecewise-constant hazard rate
                        models
    stpm              module to fit flexible parametric models for
                        survival-time data
    stpm2             module to estimate flexible parametric survival models
    stpm2_standsurv   module to obtain standardized survival curves after
                        fitting an stpm2 survival model
    stpm2cif          module to estimate cumulative incidence function after
                        running stpm2
    stpm2cm           module for estimation of crude mortality after fitting
                        stpm2 relative survival model
    stpm2cr           module to estimate flexible parametric competing risks
                        regression models
    stpm2illd         module to estimate Flexible Parametric Illness-death
                        Models
    stpm3             module to fit flexible parametric survival models
    stpp              module to compute Pohar-Perme non-parametric estimate
                        of marginal relative (net) survival
    stquant           module to estimate quantiles for survival time
    str2d             module to compute explained variation for survival
                        models
    stratarand        module to perform stratified random assignment
    strbee            module to estimate a treatment effect adjusting for
                        treatment switches
    strcs             module to estimate flexible parametric survival models
                        on the log hazard scale
    strdate           module to replace string date variables with numeric
                        date variables with the same names
    strdist           module to calculate the Levenshtein distance, or edit
                        distance, between strings
    streamplot        module to produce streamplots
    strgen            module to generate string variables without knowing
                        string type
    strgroup          module to match strings based on their Levenshtein edit
                        distance
    stripplot         module for strip plots (one-way dot plots)
    strkeep           module to clean string variables by keeping only
                        whitelisted characters
    strmst2           module to compare restricted mean survival time
    strparse          module to parse string variables
    strrec            module to recode string variables according to rules
    stselpre          module to fit proportional hazards model to case-cohort
                        data
    stsurvdiff        module to compute difference in Kaplan-Meier survival
                        curves
    stsurvimpute      module for flexible imputation of censored survival
                        data
    sttex             module to integrate Stata results into a LaTeX document
    studysi           module to calculates sample size and power for
                        comparative studies
    stute_test        module to compute Stute (1997) linearity test
    stvarag           module to produce Aggregated Values of String
                        Variable(s)
    stvarcom          module to generate subset combinations of a string
                        variable
    stylerules        module -- suggestions on programming style
    styletextab       module to style LaTeX tables exported by collect suite
                        of commands
    subinfile         module to perform byte-based substitution for the
                        contents of a text-formatted file
    sublime           module to set up StataEditor (a package of Sublime
                        Text) automatically
    submatrix         module to perform advanced matrix subscripting
    subsave           module to save a subset of the dataset in memory to a
                        disk file
    subset            module to implement best covariates and stepwise subset
                        selection
    subsetbyvif       module to select a subset of covariates constrained by
                        VIF
    subsetplot        module for plots for each subset with rest of the data
                        as backdrop
    subsim            module providing subsidy simulation toolkit (SUBSIM)
    suchowtest        module to calculate successive Chow tests on cross
                        section and time series data
    sum2              module to store summary statistics
    sum2docx          module to report summary statistics to formatted table
                        in DOCX file
    sumbar            module to produce bar charts showing sums of multiple
                        numeric variables with proper labels
    sumdist           module to calculate summary statistics for income
                        distributions
    sumdocx           module to generate comprehensive summary statistics and
                        comparison tables
    summarizeby       module to use statsby functionality with summarize
    summclust         module to compute cluster level measures of leverage,
                        influence, and a cluster jackknife variance estimator
    summdate          module for summarizing date variable
    summout           module to produce comparative table of summary
                        statistics
    summtab           module to compute summary statistics overall and/or
                        across levels of a categorical variable
    sumscale          module to generate summated scales
    sumstats          module to produce tables of summary statistics
    sumtex            module to generate publication-ready descriptive
                        statistics tables in LaTeX format
    sumup             module to compute summary statistics by group
    sunburst          module for (half) sunburst plots
    sunflower         module to generate density distribution sunflower plots
    supclust          module to build superordinate categories
    supercompress     module to run compress on all datasets in a folder and
                        its subfolders
    supsmooth         module to perform Friedman's super smoother
    suregr            module to calculate robust, or cluster-robust variance
                        after sureg
    surface           module to draw a 3D wireform surface plot
    surloads          module to calculate simple scores
    surrog            module to compute surrogate variables after factor
                        analysis
    survcollapse      module to collapse surveillance data over a chosen time
                        unit and complete the series
    surveybias        module to compute the B and B_w multinomial accuracy
                        measures for polling bias
    surveycluster     module to calculate sample size for cluster-based
                        surveys to achieve desired precision
    surveye           module to create an interactive HTML dashboard from a
                        Survey Solutions or SurveyCTO questionnaire and the
                        corresponding Stata data
    surveyspan        module to analyze timestamp metadata from field surveys
                        to monitor data quality.
    survsim           module to simulate complex survival data
    survtime          module to compute survival time for use in stset
    survwgt           module to create and manipulate survey weights
    suso              module to provide client for the Survey Solutions
                        (SuSo) REST API
    susoapi           module to provide Survey Solutions API client class for
                        Stata
    sutex             module to LaTeX code for summary statistics tables
    sutex2            module to produce LaTeX tables for summary statistics
    svalue            module for computing and graphically displaying
                        S-values against their respective P-values
    svarsirf          module to compute structural impulse response function
                        after SVAR
    svcom             module to save calculations and estimations in parallel
                        log file
    svmachines        module providing Support Vector Machines for both
                        Classification and Regression
    svmatf            module to save a matrix to a file
    svr               module to compute estimates with survey replication
                        (SVR) based standard errors
    svret             module to save returned results to your dataset
    svtxt             module to store text in a parallel log file
    svvarlbl          module to save variable labels to a file
    svybsamp2         module to perform re-sampling for complex survey data
    svycanon          module to assess the statistical significance of the
                        canonical correlations incorporating complex survey
                        design factors
    svygei_svyatk     module to derive the sampling variances of Generalized
                        Entropy and Atkinson inequality indices when
                        estimated from complex survey data
    svylorenz         module to derive distribution-free variance estimates
                        from complex survey data, of quantile group shares of
                        a total, cumulative quantile group shares
    svypxcat          module to calculate predicted means or proportions for
                        nominal X's for survey data
    svypxcon          module to calculate predicted means or proportions for
                        a continuous X variable for survey data
    svysampsi         module to calculate sample size for a simple random
                        survey with a dichotomous outcome
    svysd             module to compute pooled standard deviation weighted by
                        within-group sample size
    svyselmlog        module to compute selectivity adjustment based on the
                        multinomial logit for survey design
    svytabs           module to Create Tables for export Combining Multiple
                        Survey Tabulations
    swain             module to correct the SEM chi-square overidentification
                        test in small sample sizes or complex models
    swapval           module for swapping values of two variables
    swblock           module to perform parsimonious model selection in
                        haplotype analysis
    swboot            module to bootstrap stepwise linear or logistic
                        regression models
    swindex           module to create a standardized weighted index of
                        multiple indicator variables
    switch            module to evaluate a given value against possible cases
                        and their corresponding values
    switchoprobit     module to estimate a switching regression for a binary
                        endogenous treatment and ordered outcome
    switchoprobitsim  module to estimate a switching regression for a binary
                        endogenous treatment and ordered outcome using a
                        latent factor structure
    switchr           module to estimate switching regression models
    swpermute         module to compute Permutation tests for Stepped-Wedge
                        Cluster-Randomised Trials
    sxpose            module to transpose string variable dataset
    sxpose2           module to transpose string and numeric variable dataset
                        including variable names and labels
    symbionet         module to build a symbiotic (or symmetric) correlation
                        network from a list of variables
    syncmrates        module to compute child mortality rates using synthetic
                        cohort probabilities
    syndatakit        module to generate synthetic econometric and financial
                        data
    synlight          module to highlight syntax in SMCL and translate to
                        HTML format
    synth             module to implement Synthetic Control Methods for
                        Comparative Case Studies
    synth2            module to implement synthetic control method (SCM) with
                        placebo tests, robustness test and visualization
    sysport           module to zip system directories for porting to another
                        machine
-------------------------------------------------------------------------------
(type ssc describe pkgname for more information on pkgname)

. * 或直接搜 listcoef
. findit listcoef
request ignored because of batch mode

. exit, clear

end of do-file
