
  ___  ____  ____  ____  ____ ®
 /__    /   ____/   /   ____/      StataNow 19.5
___/   /   /___/   /   /___/       MP—Parallel Edition

 Statistics and Data Science       Copyright 1985-2025 StataCorp LLC
                                   StataCorp
                                   4905 Lakeway Drive
                                   College Station, Texas 77845 USA
                                   800-782-8272        https://www.stata.com
                                   979-696-4600        service@stata.com

Stata license: 114514-student 64-core lab perpetual
Serial number: 9223372036854775807
  Licensed to: zhangjian
               sicau

Notes:
      1. Stata is running in batch mode.
      2. Unicode is supported; see help unicode_advice.
      3. More than 2 billion observations are allowed; see help obs_advice.
      4. Maximum number of variables is set to 5,000 but can be increased;
          see help set_maxvar.

. do _which.do 

. version 15

. set more off

. which fre
C:\Users\jefeer\ado\plus\f\fre.ado
*! version 1.2.5  Ben Jann  01jun2015

. which binscatter
C:\Users\jefeer\ado\plus\b\binscatter.ado
*! version 7.02  24nov2013  Michael Stepner, stepner@mit.edu

. which hangroot
C:\Users\jefeer\ado\plus\h\hangroot.ado
*! version 1.5.0 MLB 12Jul2011

. which lrdrop1
C:\Users\jefeer\ado\plus\l\lrdrop1.ado
*! version 1.0 Z.WANG  07Nov1999 

. which listcoef
C:\Users\jefeer\ado\plus\l\listcoef.ado
*! version 1.9.4 2012-07-25 bug in mprobit noted; format fix

. which mibeta
C:\Users\jefeer\ado\plus\m\mibeta.ado
*! version 1.0.0  07jan2010

. exit, clear

end of do-file
