
  ___  ____  ____  ____  ____ ®
 /__    /   ____/   /   ____/      StataNow 19.5
___/   /   /___/   /   /___/       MP—Parallel Edition

 Statistics and Data Science       Copyright 1985-2025 StataCorp LLC
                                   StataCorp
                                   4905 Lakeway Drive
                                   College Station, Texas 77845 USA
                                   800-782-8272        https://www.stata.com
                                   979-696-4600        service@stata.com

Stata license: 114514-student 64-core lab perpetual
Serial number: 9223372036854775807
  Licensed to: zhangjian
               sicau

Notes:
      1. Stata is running in batch mode.
      2. Unicode is supported; see help unicode_advice.
      3. More than 2 billion observations are allowed; see help obs_advice.
      4. Maximum number of variables is set to 5,000 but can be increased;
          see help set_maxvar.

. do chapter7.do 

. * chapter7.do
. * Two sample tests and
. * how to do randomization
. clear

. set obs 20
Number of observations (_N) was 0, now 20.

. gen id = _n

. list

     +----+
     | id |
     |----|
  1. |  1 |
  2. |  2 |
  3. |  3 |
  4. |  4 |
  5. |  5 |
     |----|
  6. |  6 |
  7. |  7 |
  8. |  8 |
  9. |  9 |
 10. | 10 |
     |----|
 11. | 11 |
 12. | 12 |
 13. | 13 |
 14. | 14 |
 15. | 15 |
     |----|
 16. | 16 |
 17. | 17 |
 18. | 18 |
 19. | 19 |
 20. | 20 |
     +----+

. set seed 220

. sample 10, count
(10 observations deleted)

. list

     +----+
     | id |
     |----|
  1. |  2 |
  2. |  8 |
  3. | 13 |
  4. |  7 |
  5. | 16 |
     |----|
  6. | 14 |
  7. | 18 |
  8. | 17 |
  9. |  3 |
 10. | 15 |
     +----+

. use "gss2002_chapter7.dta", clear

. recode prayer (1 = 1 Approve) (2 = 0 Disapprove), gen(schpray)
(518 differences between prayer and schpray)

. tabulate schpray prayer, missing

 RECODE of |
    prayer |
    (bible |
 prayer in |
    public |  bible prayer in public schools
  schools) |   approve  disapprov          . |     Total
-----------+---------------------------------+----------
Disapprove |         0        518          0 |       518 
   Approve |       341          0          0 |       341 
         . |         0          0      1,906 |     1,906 
-----------+---------------------------------+----------
     Total |       341        518      1,906 |     2,765 

. prtest schpray == 0.5

One-sample test of proportion                   Number of obs      =       859

------------------------------------------------------------------------------
    Variable |       Mean   Std. err.                     [95% conf. interval]
-------------+----------------------------------------------------------------
     schpray |   .3969732   .0166937                      .3642542    .4296923
------------------------------------------------------------------------------
    p = proportion(schpray)                                       z =  -6.0392
H0: p = 0.5

     Ha: p < 0.5                 Ha: p != 0.5                   Ha: p > 0.5
 Pr(Z < z) = 0.0000         Pr(|Z| > |z|) = 0.0000          Pr(Z > z) = 1.0000

. 
. * twosample proportion test
. use wide, clear

. list

     +-----------------+
     | treat   control |
     |-----------------|
  1. |     1         1 |
  2. |     0         0 |
  3. |     1         0 |
  4. |     1         0 |
  5. |     1         0 |
     |-----------------|
  6. |     1         1 |
  7. |     1         1 |
  8. |     0         0 |
  9. |     1         0 |
 10. |     1         0 |
     |-----------------|
 11. |     1         0 |
 12. |     1         1 |
 13. |     1         1 |
 14. |     0         1 |
 15. |     1         1 |
     |-----------------|
 16. |     1         0 |
 17. |     0         0 |
 18. |     1         0 |
 19. |     0         0 |
 20. |     1         0 |
     +-----------------+

. prtest treat == control

Two-sample test of proportions                 treat: Number of obs =       20
                                             control: Number of obs =       20
------------------------------------------------------------------------------
    Variable |       Mean   Std. err.      z    P>|z|     [95% conf. interval]
-------------+----------------------------------------------------------------
       treat |        .75   .0968246                      .5602273    .9397727
     control |        .35   .1066536                      .1409627    .5590373
-------------+----------------------------------------------------------------
        diff |         .4   .1440486                      .1176699    .6823301
             |  under H0:   .1573213     2.54   0.011
------------------------------------------------------------------------------
        diff = prop(treat) - prop(control)                        z =   2.5426
    H0: diff = 0

    Ha: diff < 0                 Ha: diff != 0                 Ha: diff > 0
 Pr(Z < z) = 0.9945         Pr(|Z| > |z|) = 0.0110          Pr(Z > z) = 0.0055

. 
. use long, clear

. list

     +--------------+
     | group   cure |
     |--------------|
  1. |     1      1 |
  2. |     1      0 |
  3. |     1      1 |
  4. |     1      1 |
  5. |     1      1 |
     |--------------|
  6. |     1      1 |
  7. |     1      1 |
  8. |     1      0 |
  9. |     1      1 |
 10. |     1      1 |
     |--------------|
 11. |     1      1 |
 12. |     1      1 |
 13. |     1      1 |
 14. |     1      0 |
 15. |     1      1 |
     |--------------|
 16. |     1      1 |
 17. |     1      0 |
 18. |     1      1 |
 19. |     1      0 |
 20. |     1      1 |
     |--------------|
 21. |     0      1 |
 22. |     0      0 |
 23. |     0      0 |
 24. |     0      0 |
 25. |     0      0 |
     |--------------|
 26. |     0      1 |
 27. |     0      1 |
 28. |     0      0 |
 29. |     0      0 |
 30. |     0      0 |
     |--------------|
 31. |     0      0 |
 32. |     0      1 |
 33. |     0      1 |
 34. |     0      1 |
 35. |     0      1 |
     |--------------|
 36. |     0      0 |
 37. |     0      0 |
 38. |     0      0 |
 39. |     0      0 |
 40. |     0      0 |
     +--------------+

. prtest cure, by(group)

Two-sample test of proportions                     0: Number of obs =       20
                                                   1: Number of obs =       20
------------------------------------------------------------------------------
       Group |       Mean   Std. err.      z    P>|z|     [95% conf. interval]
-------------+----------------------------------------------------------------
           0 |        .35   .1066536                      .1409627    .5590373
           1 |        .75   .0968246                      .5602273    .9397727
-------------+----------------------------------------------------------------
        diff |        -.4   .1440486                     -.6823301   -.1176699
             |  under H0:   .1573213    -2.54   0.011
------------------------------------------------------------------------------
        diff = prop(0) - prop(1)                                  z =  -2.5426
    H0: diff = 0

    Ha: diff < 0                 Ha: diff != 0                 Ha: diff > 0
 Pr(Z < z) = 0.0055         Pr(|Z| > |z|) = 0.0110          Pr(Z > z) = 0.9945

. 
. * one smaple t-test for a mean
. use gss2002_chapter7, clear

. ttest hrs1 == 40 if wrkstat==1

One-sample t test
------------------------------------------------------------------------------
Variable |     Obs        Mean    Std. err.   Std. dev.   [95% conf. interval]
---------+--------------------------------------------------------------------
    hrs1 |   1,419    45.97111    .3156328    11.88977    45.35195    46.59026
------------------------------------------------------------------------------
    mean = mean(hrs1)                                             t =  18.9179
H0: mean = 40                                    Degrees of freedom =     1418

    Ha: mean < 40               Ha: mean != 40                 Ha: mean > 40
 Pr(T < t) = 1.0000         Pr(|T| > |t|) = 0.0000          Pr(T > t) = 0.0000

. 
. * recode income.do (sample do-file)
. * This is a short do-file that recodes income. It does a 
. * tabulation to see how income is coded (tab rincom98). People
. * given a value of 24 are recoded as missing (mvdecode rincom98,
. * mv(24)). We generate a new variable called inc that is equal to the 
. * old variable, rincom98. We recode each interval with its
. * midpoint. We do a cross-tabulation of the new and old income
. * variables as a check.
. tabulate rincom98, missing

    respondents |
         income |      Freq.     Percent        Cum.
----------------+-----------------------------------
   under $1 000 |         44        1.59        1.59
$1 000 to 2 999 |         69        2.50        4.09
$3 000 to 3 999 |         37        1.34        5.42
$4 000 to 4 999 |         24        0.87        6.29
$5 000 to 5 999 |         37        1.34        7.63
$6 000 to 6 999 |         20        0.72        8.35
$7 000 to 7 999 |         26        0.94        9.29
$8 000 to 9 999 |         60        2.17       11.46
$10000 to 12499 |         78        2.82       14.29
$12500 to 14999 |         85        3.07       17.36
$15000 to 17499 |         69        2.50       19.86
$17500 to 19999 |         86        3.11       22.97
$20000 to 22499 |        100        3.62       26.58
$22500 to 24999 |         81        2.93       29.51
$25000 to 29999 |        140        5.06       34.58
$30000 to 34999 |        166        6.00       40.58
$35000 to 39999 |        123        4.45       45.03
$40000 to 49999 |        170        6.15       51.18
$50000 to 59999 |        136        4.92       56.09
$60000 to 74999 |         95        3.44       59.53
$75000 - $89999 |         41        1.48       61.01
$90000- $109999 |         23        0.83       61.84
  $110 000 over |         70        2.53       64.38
        refused |        985       35.62      100.00
----------------+-----------------------------------
          Total |      2,765      100.00

. mvdecode rincom98, mv(24)
    rincom98: 985 missing values generated

. generate inc = rincom98
(985 missing values generated)

. replace inc = 500   if rincom98 == 1
(44 real changes made)

. replace inc = 2500  if rincom98 == 2
(69 real changes made)

. replace inc = 3500  if rincom98 == 3
(37 real changes made)

. replace inc = 4500  if rincom98 == 4
(24 real changes made)

. replace inc = 5500  if rincom98 == 5
(37 real changes made)

. replace inc = 6500  if rincom98 == 6
(20 real changes made)

. replace inc = 7500  if rincom98 == 7
(26 real changes made)

. replace inc = 9000  if rincom98 == 8
(60 real changes made)

. replace inc = 11250 if rincom98 == 9
(78 real changes made)

. replace inc = 13250 if rincom98 == 10
(85 real changes made)

. replace inc = 16250 if rincom98 == 11
(69 real changes made)

. replace inc = 18750 if rincom98 == 12
(86 real changes made)

. replace inc = 21250 if rincom98 == 13
(100 real changes made)

. replace inc = 23750 if rincom98 == 14
(81 real changes made)

. replace inc = 27500 if rincom98 == 15
(140 real changes made)

. replace inc = 32500 if rincom98 == 16
(166 real changes made)

. replace inc = 37500 if rincom98 == 17
(123 real changes made)

. replace inc = 45000 if rincom98 == 18
(170 real changes made)

. replace inc = 55000 if rincom98 == 19
(136 real changes made)

. replace inc = 67500 if rincom98 == 20
(95 real changes made)

. replace inc = 82500 if rincom98 == 21
(41 real changes made)

. replace inc = 100000 if rincom98 == 22
(23 real changes made)

. replace inc = 110000 if rincom98 == 23
(70 real changes made)

. *tabulate inc rincom98, missing
. ttest inc if wrkstat == 1, by(sex)

Two-sample t test with equal variances
------------------------------------------------------------------------------
   Group |     Obs        Mean    Std. err.   Std. dev.   [95% conf. interval]
---------+--------------------------------------------------------------------
    male |     671    44567.81    1054.665     27319.7    42496.96    46638.66
  female |     589    33081.07    895.9353    21743.74    31321.45    34840.69
---------+--------------------------------------------------------------------
Combined |   1,260    39198.21    718.7267    25512.27    37788.18    40608.25
---------+--------------------------------------------------------------------
    diff |            11486.74    1404.217                8731.874    14241.61
------------------------------------------------------------------------------
    diff = mean(male) - mean(female)                              t =   8.1802
H0: diff = 0                                     Degrees of freedom =     1258

    Ha: diff < 0                 Ha: diff != 0                 Ha: diff > 0
 Pr(T < t) = 1.0000         Pr(|T| > |t|) = 0.0000          Pr(T > t) = 0.0000

. display "r-squared = " 8.1802^2/(8.1802^2 + 1258)
r-squared = .05050561

. display "r-squared = " (-4.0)^2/((-4.0)^2 + 100)
r-squared = .13793103

. esize twosample inc if wrkstat==1, by(sex) cohensd hedgesg pbcorr

Effect size based on mean comparison

                               Obs per group:
                                        male =        671
                                      female =        589
---------------------------------------------------------
        Effect size |   Estimate     [95% conf. interval]
--------------------+------------------------------------
          Cohen's d |   .4618797     .3496624    .5739179
         Hedges's g |   .4616043     .3494539    .5735757
   Point-biserial r |   .2247338     .1719972    .2754888
---------------------------------------------------------

. 
. esizei 200 50000 25000 250 45000 24000, cohensd hedgesg pbcorr

Effect size based on mean comparison

                               Obs per group:
                                     Group 1 =        200
                                     Group 2 =        250
---------------------------------------------------------
        Effect size |   Estimate     [95% conf. interval]
--------------------+------------------------------------
          Cohen's d |   .2045053      .017972    .3908115
         Hedges's g |   .2041627     .0179419    .3901569
   Point-biserial r |   .1013219     .0089499     .191044
---------------------------------------------------------

. 
. ttest inc if wrkstat==1 & paeduc<=12 & maeduc<=12, by(sex)

Two-sample t test with equal variances
------------------------------------------------------------------------------
   Group |     Obs        Mean    Std. err.   Std. dev.   [95% conf. interval]
---------+--------------------------------------------------------------------
    male |     281    43579.18    1454.339    24379.16    40716.36    46442.01
  female |     235    30192.55    1221.461    18724.64    27786.09    32599.02
---------+--------------------------------------------------------------------
Combined |     516    37482.56     1010.58    22955.96    35497.19    39467.92
---------+--------------------------------------------------------------------
    diff |            13386.63    1943.497                9568.453     17204.8
------------------------------------------------------------------------------
    diff = mean(male) - mean(female)                              t =   6.8879
H0: diff = 0                                     Degrees of freedom =      514

    Ha: diff < 0                 Ha: diff != 0                 Ha: diff > 0
 Pr(T < t) = 1.0000         Pr(|T| > |t|) = 0.0000          Pr(T > t) = 0.0000

. esize twosample inc if wrkstat==1 & paeduc<=12 & maeduc<=12, by(sex)  ///
> cohensd hedgesg pbcorr

Effect size based on mean comparison

                               Obs per group:
                                        male =        281
                                      female =        235
---------------------------------------------------------
        Effect size |   Estimate     [95% conf. interval]
--------------------+------------------------------------
          Cohen's d |   .6088707      .431381     .785793
         Hedges's g |   .6079817     .4307512    .7846457
   Point-biserial r |   .2906929     .2104296    .3650358
---------------------------------------------------------

. 
. histogram inc if wrkstat==1 & paeduc<=12 & maeduc<=12, by(sex) normal

. esize twosample inc if wrkstat==1, by(sex)

Effect size based on mean comparison

                               Obs per group:
                                        male =        671
                                      female =        589
---------------------------------------------------------
        Effect size |   Estimate     [95% conf. interval]
--------------------+------------------------------------
          Cohen's d |   .4618797     .3496624    .5739179
         Hedges's g |   .4616043     .3494539    .5735757
---------------------------------------------------------

. * test for equal variances
. sdtest inc if wrkstat == 1, by(sex)

Variance ratio test
------------------------------------------------------------------------------
   Group |     Obs        Mean    Std. err.   Std. dev.   [95% conf. interval]
---------+--------------------------------------------------------------------
    male |     671    44567.81    1054.665     27319.7    42496.96    46638.66
  female |     589    33081.07    895.9353    21743.74    31321.45    34840.69
---------+--------------------------------------------------------------------
Combined |   1,260    39198.21    718.7267    25512.27    37788.18    40608.25
------------------------------------------------------------------------------
    ratio = sd(male) / sd(female)                                 f =   1.5786
H0: ratio = 1                                    Degrees of freedom = 670, 588

    Ha: ratio < 1               Ha: ratio != 1                 Ha: ratio > 1
  Pr(F < f) = 1.0000         2*Pr(F > f) = 0.0000           Pr(F > f) = 0.0000

. 
. use chores, clear

. list

     +----------------+
     | husband   wife |
     |----------------|
  1. |      11     31 |
  2. |      10     40 |
  3. |      21     44 |
  4. |      15     36 |
  5. |      12     29 |
     +----------------+

. 
. * repeated measures ttest
. use gss2002_chapter7, clear

. ttest paeduc == maeduc

Paired t test
------------------------------------------------------------------------------
Variable |     Obs        Mean    Std. err.   Std. dev.   [95% conf. interval]
---------+--------------------------------------------------------------------
  paeduc |   1,903    11.42091    .0917118    4.000779    11.24105    11.60078
  maeduc |   1,903    11.58276    .0781763    3.410314    11.42944    11.73608
---------+--------------------------------------------------------------------
    diff |   1,903   -.1618497    .0729315    3.181518   -.3048838   -.0188156
------------------------------------------------------------------------------
     mean(diff) = mean(paeduc - maeduc)                           t =  -2.2192
 H0: mean(diff) = 0                              Degrees of freedom =     1902

 Ha: mean(diff) < 0           Ha: mean(diff) != 0           Ha: mean(diff) > 0
 Pr(T < t) = 0.0133         Pr(|T| > |t|) = 0.0266          Pr(T > t) = 0.9867

. 
. clear

. * power analysis
. power twomeans 35 37, sd(10) power(0.90)

Performing iteration ...

Estimated sample sizes for a two-sample means test
t test assuming sd1 = sd2 = sd
H0: m2 = m1  versus  Ha: m2 != m1

Study parameters:

        alpha =    0.0500
        power =    0.9000
        delta =    2.0000
           m1 =   35.0000
           m2 =   37.0000
           sd =   10.0000

Estimated sample sizes:

            N =     1,054
  N per group =       527

. 
. * nonparametric alternatives
. use nlsy97_chapter7
(National Survey of Youth, 1997, selected variables from first wave)

. ranksum psmoke97, by(gender97)

Two-sample Wilcoxon rank-sum (Mann–Whitney) test

    gender97 |      Obs    Rank sum    Expected
-------------+---------------------------------
           1 |     4540    19130393    20139440
           2 |     4331    20221363    19212316
-------------+---------------------------------
    Combined |     8871    39351756    39351756

Unadjusted variance   1.454e+10
Adjustment for ties  -7.360e+08
                     ----------
Adjusted variance     1.380e+10

H0: psmoke97(gender97==1) = psmoke97(gender97==2)
         z = -8.589
Prob > |z| = 0.0000

. median psmoke97, by(gender97) exact medianties(split)

Median test

   Greater |
  than the |   youth gender 1997
    median |         1          2 |     Total
-----------+----------------------+----------
        no |     2,904      2,470 |     5,374 
       yes |     1,636      1,861 |     3,497 
-----------+----------------------+----------
     Total |     4,540      4,331 |     8,871 

          Pearson chi2(1) =  44.6269   Pr = 0.000
           Fisher's exact =                 0.000
   1-sided Fisher's exact =                 0.000

   Continuity corrected:
          Pearson chi2(1) =  44.3371   Pr = 0.000

. 
end of do-file
