
  ___  ____  ____  ____  ____ ®
 /__    /   ____/   /   ____/      StataNow 19.5
___/   /   /___/   /   /___/       MP—Parallel Edition

 Statistics and Data Science       Copyright 1985-2025 StataCorp LLC
                                   StataCorp
                                   4905 Lakeway Drive
                                   College Station, Texas 77845 USA
                                   800-782-8272        https://www.stata.com
                                   979-696-4600        service@stata.com

Stata license: 114514-student 64-core lab perpetual
Serial number: 9223372036854775807
  Licensed to: zhangjian
               sicau

Notes:
      1. Stata is running in batch mode.
      2. Unicode is supported; see help unicode_advice.
      3. More than 2 billion observations are allowed; see help obs_advice.
      4. Maximum number of variables is set to 5,000 but can be increased;
          see help set_maxvar.

. do chapter6.do 

. * chapter6.do
. * gss2002_chapter6.dta
. * variables include
. *   sex
. *   sexfreq
. *   marital
. **************************************************************
. use gss2006_chapter6, clear
(General Social Surveys, 1972-2006 [Cumulative File], Dataset 0001)

. tabulate sex abany, row

+----------------+
| Key            |
|----------------|
|   frequency    |
| row percentage |
+----------------+

           |   ABORTION IF WOMAN
           | WANTS FOR ANY REASON
    Gender |       YES         NO |     Total
-----------+----------------------+----------
      MALE |       350        478 |       828 
           |     42.27      57.73 |    100.00 
-----------+----------------------+----------
    FEMALE |       434        677 |     1,111 
           |     39.06      60.94 |    100.00 
-----------+----------------------+----------
     Total |       784      1,155 |     1,939 
           |     40.43      59.57 |    100.00 

. tabulate sex abany, chi2 expected row

+--------------------+
| Key                |
|--------------------|
|     frequency      |
| expected frequency |
|   row percentage   |
+--------------------+

           |   ABORTION IF WOMAN
           | WANTS FOR ANY REASON
    Gender |       YES         NO |     Total
-----------+----------------------+----------
      MALE |       350        478 |       828 
           |     334.8      493.2 |     828.0 
           |     42.27      57.73 |    100.00 
-----------+----------------------+----------
    FEMALE |       434        677 |     1,111 
           |     449.2      661.8 |   1,111.0 
           |     39.06      60.94 |    100.00 
-----------+----------------------+----------
     Total |       784      1,155 |     1,939 
           |     784.0    1,155.0 |   1,939.0 
           |     40.43      59.57 |    100.00 

          Pearson chi2(1) =   2.0254   Pr = 0.155

. * Type -search chitable- to find and install the -chitable- command
. chitable
command chitable is unrecognized
r(199);

end of do-file
r(199);
