
  ___  ____  ____  ____  ____ ®
 /__    /   ____/   /   ____/      StataNow 19.5
___/   /   /___/   /   /___/       MP—Parallel Edition

 Statistics and Data Science       Copyright 1985-2025 StataCorp LLC
                                   StataCorp
                                   4905 Lakeway Drive
                                   College Station, Texas 77845 USA
                                   800-782-8272        https://www.stata.com
                                   979-696-4600        service@stata.com

Stata license: 114514-student 64-core lab perpetual
Serial number: 9223372036854775807
  Licensed to: zhangjian
               sicau

Notes:
      1. Stata is running in batch mode.
      2. Unicode is supported; see help unicode_advice.
      3. More than 2 billion observations are allowed; see help obs_advice.
      4. Maximum number of variables is set to 5,000 but can be increased;
          see help set_maxvar.

. do chapter8.do 

. * chapter8.do
. * Chapter 8: Correlation and Regression
. use gss2006_chapter8, clear
(General Social Surveys, 1972-2006 [Cumulative File], Dataset 0001)

. ****************************************************
. * SCATTERGRAMS  
. ****************************************************
. set seed 111

. sample 100, count
(10,079 observations deleted)

. twoway (scatter educ paeduc) if sex==1, ytitle(Son's education) ///
>   yscale(titlegap(5)) xtitle(Father's education) ///
>   title(Scattergram relating father's education to his son's education, ///
>   size(medium)) note(Data source: GSS 2006; random subsample of N = 100) lege
> nd(off)

. twoway (scatter educ paeduc, jitter(6) jitterseed(222)) if sex==1, ///
>   ytitle(Son's education) yscale(titlegap(5)) xtitle(Father's education) ///
>   title(Scattergram relating father's education to his son's education, ///
>   size(medium)) note(Data source: GSS 2006; random subsample of N = 100) lege
> nd(off)

. twoway (scatter educ paeduc, jitter(6) jitterseed(222)) (lfit educ paeduc) //
> /
>   if sex==1, ytitle(Son's education) yscale(titlegap(5)) ///
>   xtitle(Father's education) ///
>   title(Scattergram relating father's education to his son's education, ///
>   size(medium)) ///
>   note(Data source: GSS 2006; random sample of N = 100) legend(off)

. 
. sysuse nlsw88, clear
(NLSW, 1988 extract)

. keep if age > 34 & age < 45 & race < 3
(158 observations deleted)

. scatter wage tenure

. binscatter wage tenure

. binscatter wage tenure, rd(3.0)

. binscatter wage tenure, rd(3.0) by(race)

. 
. ****************************************************
. * CASEWISE AND PAIRWISE CORRELATION
. ****************************************************
. use https://stats.idre.ucla.edu/stat/data/hsb2, clear
(highschool and beyond (200 cases))

. correlate read write math science ses female
(obs=200)

             |     read    write     math  science      ses   female
-------------+------------------------------------------------------
        read |   1.0000
       write |   0.5968   1.0000
        math |   0.6623   0.6174   1.0000
     science |   0.6302   0.5704   0.6307   1.0000
         ses |   0.2933   0.2075   0.2725   0.2829   1.0000
      female |  -0.0531   0.2565  -0.0293  -0.1277  -0.1250   1.0000


. pwcorr read write math science socst ses female, listwise sig star(5)

             |     read    write     math  science    socst      ses   female
-------------+---------------------------------------------------------------
        read |   1.0000 
             |
             |
       write |   0.5968*  1.0000 
             |   0.0000
             |
        math |   0.6623*  0.6174*  1.0000 
             |   0.0000   0.0000
             |
     science |   0.6302*  0.5704*  0.6307*  1.0000 
             |   0.0000   0.0000   0.0000
             |
       socst |   0.6215*  0.6048*  0.5445*  0.4651*  1.0000 
             |   0.0000   0.0000   0.0000   0.0000
             |
         ses |   0.2933*  0.2075*  0.2725*  0.2829*  0.3319*  1.0000 
             |   0.0000   0.0032   0.0001   0.0000   0.0000
             |
      female |  -0.0531   0.2565* -0.0293  -0.1277   0.0524  -0.1250   1.0000 
             |   0.4553   0.0002   0.6801   0.0714   0.4614   0.0778
             |

. pwcorr read write math science socst ses female, sig obs star(5)

             |     read    write     math  science    socst      ses   female
-------------+---------------------------------------------------------------
        read |   1.0000 
             |
             |      200
             |
       write |   0.5968*  1.0000 
             |   0.0000
             |      200      200
             |
        math |   0.6623*  0.6174*  1.0000 
             |   0.0000   0.0000
             |      200      200      200
             |
     science |   0.6302*  0.5704*  0.6307*  1.0000 
             |   0.0000   0.0000   0.0000
             |      200      200      200      200
             |
       socst |   0.6215*  0.6048*  0.5445*  0.4651*  1.0000 
             |   0.0000   0.0000   0.0000   0.0000
             |      200      200      200      200      200
             |
         ses |   0.2933*  0.2075*  0.2725*  0.2829*  0.3319*  1.0000 
             |   0.0000   0.0032   0.0001   0.0000   0.0000
             |      200      200      200      200      200      200
             |
      female |  -0.0531   0.2565* -0.0293  -0.1277   0.0524  -0.1250   1.0000 
             |   0.4553   0.0002   0.6801   0.0714   0.4614   0.0778
             |      200      200      200      200      200      200      200
             |

. pwcorr read write math science socst ses female, bon sig obs star(5)

             |     read    write     math  science    socst      ses   female
-------------+---------------------------------------------------------------
        read |   1.0000 
             |
             |      200
             |
       write |   0.5968*  1.0000 
             |   0.0000
             |      200      200
             |
        math |   0.6623*  0.6174*  1.0000 
             |   0.0000   0.0000
             |      200      200      200
             |
     science |   0.6302*  0.5704*  0.6307*  1.0000 
             |   0.0000   0.0000   0.0000
             |      200      200      200      200
             |
       socst |   0.6215*  0.6048*  0.5445*  0.4651*  1.0000 
             |   0.0000   0.0000   0.0000   0.0000
             |      200      200      200      200      200
             |
         ses |   0.2933*  0.2075   0.2725*  0.2829*  0.3319*  1.0000 
             |   0.0005   0.0671   0.0020   0.0010   0.0000
             |      200      200      200      200      200      200
             |
      female |  -0.0531   0.2565* -0.0293  -0.1277   0.0524  -0.1250   1.0000 
             |   1.0000   0.0052   1.0000   1.0000   1.0000   1.0000
             |      200      200      200      200      200      200      200
             |

. 
. ****************************************************
. * REGRESSION AND CURVE FITTING
. ****************************************************
. use gss2006_chapter8_selected, clear
(General Social Surveys, 1972-2006 [Cumulative File], Dataset 0001)

. summarize prestg80 hrs1

    Variable |        Obs        Mean    Std. dev.       Min        Max
-------------+---------------------------------------------------------
    prestg80 |      4,270    44.16745    13.99946         17         86
        hrs1 |      2,739    42.07631    14.23166          1         89

. regress prestg80 hrs1, beta

      Source |       SS           df       MS      Number of obs   =     2,715
-------------+----------------------------------   F(1, 2713)      =     67.32
       Model |   13125.035         1   13125.035   Prob > F        =    0.0000
    Residual |  528901.224     2,713  194.950691   R-squared       =    0.0242
-------------+----------------------------------   Adj R-squared   =    0.0239
       Total |  542026.259     2,714  199.714908   Root MSE        =    13.962

------------------------------------------------------------------------------
    prestg80 | Coefficient  Std. err.      t    P>|t|                     Beta
-------------+----------------------------------------------------------------
        hrs1 |   .1546416   .0188468     8.21   0.000                 .1556109
       _cons |   38.14733   .8362129    45.62   0.000                        .
------------------------------------------------------------------------------

. regress prestg80 hrs1

      Source |       SS           df       MS      Number of obs   =     2,715
-------------+----------------------------------   F(1, 2713)      =     67.32
       Model |   13125.035         1   13125.035   Prob > F        =    0.0000
    Residual |  528901.224     2,713  194.950691   R-squared       =    0.0242
-------------+----------------------------------   Adj R-squared   =    0.0239
       Total |  542026.259     2,714  199.714908   Root MSE        =    13.962

------------------------------------------------------------------------------
    prestg80 | Coefficient  Std. err.      t    P>|t|     [95% conf. interval]
-------------+----------------------------------------------------------------
        hrs1 |   .1546416   .0188468     8.21   0.000      .117686    .1915972
       _cons |   38.14733   .8362129    45.62   0.000     36.50765    39.78701
------------------------------------------------------------------------------

. twoway (lfitci prestg80 hrs1), scheme(s2mono)

. 
. ****************************************************
. * Spearman's rho
. ****************************************************
. use spearman, clear

. list 

     +-----------------------------------+
     | age   liberal   rankage   ranklib |
     |-----------------------------------|
  1. |  18        90         1       4.5 |
  2. |  29        90         3       4.5 |
  3. |  35        80         4         2 |
  4. |  61        50         5         1 |
  5. |  20        89         2         3 |
     +-----------------------------------+

. power onecorrelation 0 0.20

Performing iteration ...

Estimated sample size for a one-sample correlation test
Fisher's z test
H0: r = r0  versus  Ha: r != r0

Study parameters:

        alpha =    0.0500
        power =    0.8000
        delta =    0.2000
           r0 =    0.0000
           ra =    0.2000

Estimated sample size:

            N =       194

. 
end of do-file
