
  ___  ____  ____  ____  ____ ®
 /__    /   ____/   /   ____/      StataNow 19.5
___/   /   /___/   /   /___/       MP—Parallel Edition

 Statistics and Data Science       Copyright 1985-2025 StataCorp LLC
                                   StataCorp
                                   4905 Lakeway Drive
                                   College Station, Texas 77845 USA
                                   800-782-8272        https://www.stata.com
                                   979-696-4600        service@stata.com

Stata license: 114514-student 64-core lab perpetual
Serial number: 9223372036854775807
  Licensed to: zhangjian
               sicau

Notes:
      1. Stata is running in batch mode.
      2. Unicode is supported; see help unicode_advice.
      3. More than 2 billion observations are allowed; see help obs_advice.
      4. Maximum number of variables is set to 5,000 but can be increased;
          see help set_maxvar.

. do chapter5.do 

. * chapter5.do
. * descriptive_gss.dta
. use "descriptive_gss.dta", clear

. histogram childs if childs>0, xlabel(1(1)9) discrete frequency ///
>    title(Number of Children in Families with at Least One Child) ///
>    note(descriptive_gss.dta) scheme(sj)
(start=1, width=1)

. * tabulate sex and marital with and without plot option
. tab1 sex marital polviews

-> tabulation of sex  

respondents |
        sex |      Freq.     Percent        Cum.
------------+-----------------------------------
       male |      1,228       44.41       44.41
     female |      1,537       55.59      100.00
------------+-----------------------------------
      Total |      2,765      100.00

-> tabulation of marital  

      marital |
       status |      Freq.     Percent        Cum.
--------------+-----------------------------------
      married |      1,269       45.90       45.90
      widowed |        247        8.93       54.83
     divorced |        445       16.09       70.92
    separated |         96        3.47       74.39
never married |        708       25.61      100.00
--------------+-----------------------------------
        Total |      2,765      100.00

-> tabulation of polviews  

    think of self as |
          liberal or |
        conservative |      Freq.     Percent        Cum.
---------------------+-----------------------------------
   extremely liberal |         47        3.53        3.53
             liberal |        143       10.74       14.27
    slightly liberal |        159       11.95       26.22
            moderate |        522       39.22       65.44
slghtly conservative |        209       15.70       81.14
        conservative |        210       15.78       96.92
extrmly conservative |         41        3.08      100.00
---------------------+-----------------------------------
               Total |      1,331      100.00

. fre sex marital polviews

sex -- respondents sex
--------------------------------------------------------------
                 |      Freq.    Percent      Valid       Cum.
-----------------+--------------------------------------------
Valid   1 male   |       1228      44.41      44.41      44.41
        2 female |       1537      55.59      55.59     100.00
        Total    |       2765     100.00     100.00           
--------------------------------------------------------------

marital -- marital status
---------------------------------------------------------------------
                        |      Freq.    Percent      Valid       Cum.
------------------------+--------------------------------------------
Valid   1 married       |       1269      45.90      45.90      45.90
        2 widowed       |        247       8.93       8.93      54.83
        3 divorced      |        445      16.09      16.09      70.92
        4 separated     |         96       3.47       3.47      74.39
        5 never married |        708      25.61      25.61     100.00
        Total           |       2765     100.00     100.00           
---------------------------------------------------------------------

polviews -- think of self as liberal or conservative
----------------------------------------------------------------------------
                               |      Freq.    Percent      Valid       Cum.
-------------------------------+--------------------------------------------
Valid   1 extremely liberal    |         47       1.70       3.53       3.53
        2 liberal              |        143       5.17      10.74      14.27
        3 slightly liberal     |        159       5.75      11.95      26.22
        4 moderate             |        522      18.88      39.22      65.44
        5 slghtly conservative |        209       7.56      15.70      81.14
        6 conservative         |        210       7.59      15.78      96.92
        7 extrmly conservative |         41       1.48       3.08     100.00
        Total                  |       1331      48.14     100.00           
Missing .                      |       1434      51.86                      
Total                          |       2765     100.00                      
----------------------------------------------------------------------------

. 
. 
. graph pie, over(marital) cw sort(marital) ///
>         title(Marital Status in the United States) note(descriptive_gss.dta) 
> ///
>         scheme(s2mono)

. histogram marital, discrete percent gap(10) addlabel xlabel(, valuelabel) ///
>         title(Marital Status in the United States) scheme(s1mono)
(start=1, width=1)

. numlabel _all, add

. tab1 polviews

-> tabulation of polviews  

       think of self as |
liberal or conservative |      Freq.     Percent        Cum.
------------------------+-----------------------------------
   1. extremely liberal |         47        3.53        3.53
             2. liberal |        143       10.74       14.27
    3. slightly liberal |        159       11.95       26.22
            4. moderate |        522       39.22       65.44
5. slghtly conservative |        209       15.70       81.14
        6. conservative |        210       15.78       96.92
7. extrmly conservative |         41        3.08      100.00
------------------------+-----------------------------------
                  Total |      1,331      100.00

. summarize polviews, detail

          think of self as liberal or conservative
-------------------------------------------------------------
      Percentiles      Smallest
 1%            1              1
 5%            2              1
10%            2              1       Obs               1,331
25%            3              1       Sum of wgt.       1,331

50%            4                      Mean           4.124718
                        Largest       Std. dev.      1.385016
75%            5              7
90%            6              7       Variance       1.918268
95%            6              7       Skewness      -.1509408
99%            7              7       Kurtosis       2.693351

. numlabel _all, remove

. histogram polviews, discrete percent start(1) ///
>    title(Political Views in the United States) subtitle(Adult Population) ///
>    note(General Social Survey 2002) xtitle(Political Conservatism) scheme(s1m
> ono)
(start=1, width=1)

. summarize wwwhr, detail

                     www hours per week
-------------------------------------------------------------
      Percentiles      Smallest
 1%            0              0
 5%            0              0
10%            0              0       Obs               1,574
25%            1              0       Sum of wgt.       1,574

50%            3                      Mean           5.907878
                        Largest       Std. dev.      8.866734
75%            7             60
90%           15             64       Variance       78.61897
95%           21            100       Skewness       3.997908
99%           40            112       Kurtosis       30.39248

. sktest wwwhr 

Skewness and kurtosis tests for normality
                                                         ----- Joint test -----
    Variable |       Obs   Pr(skewness)   Pr(kurtosis)   Adj chi2(2)  Prob>chi2
-------------+-----------------------------------------------------------------
       wwwhr |     1,574         0.0000         0.0000       1060.97     0.0000

. histogram wwwhr, frequency
(bin=31, start=0, width=3.6129032)

. histogram wwwhr if wwwhr < 25, freq by(sex)

. by sex, sort: summarize wwwhr

-------------------------------------------------------------------------------
-> sex = male

    Variable |        Obs        Mean    Std. dev.       Min        Max
-------------+---------------------------------------------------------
       wwwhr |        711    7.106892     9.98914          0        112

-------------------------------------------------------------------------------
-> sex = female

    Variable |        Obs        Mean    Std. dev.       Min        Max
-------------+---------------------------------------------------------
       wwwhr |        863    4.920046    7.688655          0        100


. tabstat wwwhr, statistics(mean median sd iqr skewness kurtosis cv) by(sex) //
> /
>   columns(statistics)

Summary for variables: wwwhr
Group variable: sex (respondents sex)

   sex |      Mean       p50        SD       IQR  Skewness  Kurtosis        CV
-------+----------------------------------------------------------------------
  male |  7.106892         4   9.98914         9  3.608189   25.2577  1.405557
female |  4.920046         2  7.688655         4  4.409274  36.78389   1.56272
-------+----------------------------------------------------------------------
 Total |  5.907878         3  8.866734         6  3.997908  30.39248  1.500832
------------------------------------------------------------------------------

. graph hbox wwwhr if wwwhr < 25, over(sex) title(Hours Spent on the Internet) 
> ///
>   subtitle(By Gender) note(descriptive_gss.dta)

. 
end of do-file
