
  ___  ____  ____  ____  ____ ®
 /__    /   ____/   /   ____/      StataNow 19.5
___/   /   /___/   /   /___/       MP—Parallel Edition

 Statistics and Data Science       Copyright 1985-2025 StataCorp LLC
                                   StataCorp
                                   4905 Lakeway Drive
                                   College Station, Texas 77845 USA
                                   800-782-8272        https://www.stata.com
                                   979-696-4600        service@stata.com

Stata license: 114514-student 64-core lab perpetual
Serial number: 9223372036854775807
  Licensed to: zhangjian
               sicau

Notes:
      1. Stata is running in batch mode.
      2. Unicode is supported; see help unicode_advice.
      3. More than 2 billion observations are allowed; see help obs_advice.
      4. Maximum number of variables is set to 5,000 but can be increased;
          see help set_maxvar.

. do chapter3.do 

. * c3.do
. * This do-file does the analysis for chapter 3
. use relate, clear

. 
. rename R0000100-R3828700, lower

. 
. 
. describe r3483600 r3483700 r3483800 r3483900

Variable      Storage   Display    Value
    name         type    format    label      Variable label
-------------------------------------------------------------------------------
r3483600        float   %9.0g                 MOTH PRAISES R DOING WELL 1999
r3483700        float   %9.0g                 MOTH CRITICIZE RS IDEAS 1999
r3483800        float   %9.0g                 MOTH HELPS R WITH WHAT IMPT TO R
                                                1999
r3483900        float   %9.0g                 MOTH BLAMES R FOR PROBS 1999

. codebook, compact

Variable    Obs Unique       Mean  Min   Max  Label
-------------------------------------------------------------------------------
r0000100   8984   8984   4504.302    1  9022  PUBID - YTH ID CODE 1997
r3483600   8984      9  -.5638914   -5     4  MOTH PRAISES R DOING WELL 1999
r3483700   8984      9  -1.425312   -5     4  MOTH CRITICIZE RS IDEAS 1999
r3483800   8984      9  -.5893811   -5     4  MOTH HELPS R WITH WHAT IMPT TO...
r3483900   8984      9  -1.769813   -5     4  MOTH BLAMES R FOR PROBS 1999
r3485200   8984      9  -1.535508   -5     4  FATH PRAISES R DO WELL 1999
r3485300   8984      9  -2.143143   -5     4  FATH CRITICIZE IDEAS 1999
r3485400   8984      9  -1.586487   -5     4  FATH HELP WITH WHAT IMPT TO R ...
r3485500   8984      9  -2.388023   -5     4  FATH BLAME R FOR PROBS 1999
r3828100   8984      8   15.02538   -5    20  SYMBOL!KEY!AGE 1999
r3828700   8984      3   .9319902   -5     2  SYMBOL!KEY!SEX 1999
-------------------------------------------------------------------------------

. 
. codebook r3483600

-------------------------------------------------------------------------------
r3483600                                         MOTH PRAISES R DOING WELL 1999
-------------------------------------------------------------------------------

                  Type: Numeric (float)

                 Range: [-5,4]                        Units: 1
         Unique values: 9                         Missing .: 0/8,984

            Tabulation: Freq.  Value
                          775  -5
                        3,669  -4
                            3  -2
                           20  -1
                          118  0
                          235  1
                          917  2
                        1,546  3
                        1,701  4

. mvdecode _all, mv(-5=.a\-4=.b\-3=.c\-2=.d\-1=.e)
    r3483600: 4467 missing values generated
    r3483700: 4469 missing values generated
    r3483800: 4468 missing values generated
    r3483900: 4470 missing values generated
    r3485200: 5608 missing values generated
    r3485300: 5611 missing values generated
    r3485400: 5610 missing values generated
    r3485500: 5611 missing values generated
    r3828100: 775 missing values generated
    r3828700: 775 missing values generated

. label define often  0 "Never" 1 "Rarely" 2 "Sometimes" 3 "Usually" 4 "Always"

. label define often .a "Noninterview" .b "Valid skip" .c "Invalid skip", add

. label define often .d "Don't know" .e "Refusal", add

. *label define often_r  4 "Never" 3 "Rarely" 2 "Sometimes" 1 "Usually" 0 "Alwa
> ys"
. *label define often_r .a "Noninterview" .b "Valid skip" .c "Invalid skip", ad
> d
. *label define often_r .d "Don't know" .e "Refusal", add
. label values r3483600 often

. label values r3483800 often

. label values r3485200 often

. label values r3485400 often

. 
. label variable r3483600 "Mother praises child for doing well"

. label variable r3483700 "Mother criticizes child's ideas"

. label variable r3483800 "Mother helps child with what is important to child"

. label variable r3483900 "Mother blames child for problems"

. label variable r3485200 "Father praises child for doing well"

. label variable r3485300 "Father criticizes child's ideas"

. label variable r3485400 "Father helps child with what is important to child"

. label variable r3485500 "Father blames child for problems"

. codebook r3483600

-------------------------------------------------------------------------------
r3483600                                    Mother praises child for doing well
-------------------------------------------------------------------------------

                  Type: Numeric (float)
                 Label: often

                 Range: [0,4]                         Units: 1
         Unique values: 5                         Missing .: 0/8,984
       Unique mv codes: 4                        Missing .*: 4,467/8,984

            Tabulation: Freq.   Numeric  Label
                          118         0  Never
                          235         1  Rarely
                          917         2  Sometimes
                        1,546         3  Usually
                        1,701         4  Always
                          775        .a  Noninterview
                        3,669        .b  Valid skip
                            3        .d  Don't know
                           20        .e  Refusal

. recode r3483700 r3483900 r3485300 r3485500 (0=4) (1=3) (2=2) (3=1) (4=0), ///
>         generate(momcritr momblamer dadcritr dadblamer)
(3,230 differences between r3483700 and momcritr)
(4,037 differences between r3483900 and momblamer)
(2,562 differences between r3485300 and dadcritr)
(3,070 differences between r3485500 and dadblamer)

. label variable momcritr "Mother criticizes child's ideas, reverses r3483700"

. label variable momblamer "Mother blames child for problems, reverses r3483900
> "

. label variable dadcritr "Father criticizes child's ideas, reverses r3485300"

. label variable dadblamer "Father blames child for problems, reverses r3485500
> "

. tabulate momcritr r3483700

    Mother |
criticizes |
   child's |
    ideas, |
  reverses |            Mother criticizes child's ideas
  r3483700 |         0          1          2          3          4 |     Total
-----------+-------------------------------------------------------+----------
         0 |         0          0          0          0        145 |       145 
         1 |         0          0          0        324          0 |       324 
         2 |         0          0      1,285          0          0 |     1,285 
         3 |         0      1,654          0          0          0 |     1,654 
         4 |     1,107          0          0          0          0 |     1,107 
-----------+-------------------------------------------------------+----------
     Total |     1,107      1,654      1,285        324        145 |     4,515 

. label define often_r 4 "Never" 3 "Rarely" 2 "Sometimes" 1 "Usually" 0 "Always
> " ///
>     .a "Noninterview" .b "Valid skip" .c "Invalid skip" .d "Don't know" ///
>     .e "Refusal"

. label values momcritr momblamer dadcritr dadblamer often_r

. clonevar mompraise = r3483600
(4,467 missing values generated)

. clonevar momhelp = r3483800
(4,468 missing values generated)

. clonevar dadpraise = r3485200
(5,608 missing values generated)

. clonevar dadhelp = r3485400
(5,610 missing values generated)

. clonevar id = r0000100

. clonevar sex = r3828700
(775 missing values generated)

. clonevar age = r3828100
(775 missing values generated)

. generate facritr = 4 - r3485300
(5,611 missing values generated)

. tabulate facritr r3485300, miss nolabel

           |            Father criticizes child's ideas
   facritr |         0          1          2          3          4 |     Total
-----------+-------------------------------------------------------+----------
         0 |         0          0          0          0        117 |       117 
         1 |         0          0          0        247          0 |       247 
         2 |         0          0        811          0          0 |       811 
         3 |         0      1,078          0          0          0 |     1,078 
         4 |     1,120          0          0          0          0 |     1,120 
         . |         0          0          0          0          0 |     5,611 
-----------+-------------------------------------------------------+----------
     Total |     1,120      1,078        811        247        117 |     8,984 


           |       Father criticizes child's ideas
   facritr |        .a         .b         .d         .e |     Total
-----------+--------------------------------------------+----------
         0 |         0          0          0          0 |       117 
         1 |         0          0          0          0 |       247 
         2 |         0          0          0          0 |       811 
         3 |         0          0          0          0 |     1,078 
         4 |         0          0          0          0 |     1,120 
         . |       775      4,816          4         16 |     5,611 
-----------+--------------------------------------------+----------
     Total |       775      4,816          4         16 |     8,984 

. generate ymomrelate = mompraise + momcritr + momhelp + momblamer
(4,474 missing values generated)

. generate ydadrelate = dadpraise + dadcritr + momhelp + momblamer
(5,805 missing values generated)

. egen float mommissing = rowmiss(mompraise momcritr momhelp momblamer)

. tabulate mommissing

 mommissing |      Freq.     Percent        Cum.
------------+-----------------------------------
          0 |      4,510       50.20       50.20
          1 |          6        0.07       50.27
          2 |          2        0.02       50.29
          4 |      4,466       49.71      100.00
------------+-----------------------------------
      Total |      8,984      100.00

. egen float mommeanb = rowmean(mompraise momcritr momhelp momblamer) ///
>   if mommissing < 2
(4,468 missing values generated)

. drop r0000100 r3483600 r3483700 r3483800 r3483900 r3485200 r3485300 r3485400 
> ///
>    r3485500 r3828100 r3828700

. 
end of do-file
