
  ___  ____  ____  ____  ____ ®
 /__    /   ____/   /   ____/      StataNow 19.5
___/   /   /___/   /   /___/       MP—Parallel Edition

 Statistics and Data Science       Copyright 1985-2025 StataCorp LLC
                                   StataCorp
                                   4905 Lakeway Drive
                                   College Station, Texas 77845 USA
                                   800-782-8272        https://www.stata.com
                                   979-696-4600        service@stata.com

Stata license: 114514-student 64-core lab perpetual
Serial number: 9223372036854775807
  Licensed to: zhangjian
               sicau

Notes:
      1. Stata is running in batch mode.
      2. Unicode is supported; see help unicode_advice.
      3. More than 2 billion observations are allowed; see help obs_advice.
      4. Maximum number of variables is set to 5,000 but can be increased;
          see help set_maxvar.

. do chapter1.do 

. * chapter1.do
. * You will learn how to create and use a *.do file in chapter 4.
. * This file reproduces all the results shown in Chapter 1
. sysuse cancer, clear
(Patient survival in drug trial)

. describe

Contains data from C:\Program Files\StataNow19\ado\base/c/cancer.dta
 Observations:            48                  Patient survival in drug trial
    Variables:             8                  3 Mar 2024 16:09
-------------------------------------------------------------------------------
Variable      Storage   Display    Value
    name         type    format    label      Variable label
-------------------------------------------------------------------------------
studytime       byte    %8.0g                 Months to death or end of exp.
died            byte    %8.0g      diedlbl    Patient died
drug            byte    %8.0g      type       Drug type
age             byte    %8.0g                 Patient's age at start of exp.
_st             byte    %8.0g                 1 if record is to be used; 0
                                                otherwise
_d              byte    %8.0g                 1 if failure; 0 if censored
_t              byte    %10.0g                Analysis time when record ends
_t0             byte    %10.0g                Analysis time when record begins
-------------------------------------------------------------------------------
Sorted by: 

. summarize

    Variable |        Obs        Mean    Std. dev.       Min        Max
-------------+---------------------------------------------------------
   studytime |         48        15.5    10.25629          1         39
        died |         48    .6458333    .4833211          0          1
        drug |         48       1.875    .8410986          1          3
         age |         48      55.875    5.659205         47         67
         _st |         48           1           0          1          1
-------------+---------------------------------------------------------
          _d |         48    .6458333    .4833211          0          1
          _t |         48        15.5    10.25629          1         39
         _t0 |         48           0           0          0          0

. histogram age
(bin=6, start=47, width=3.3333333)

. histogram age, width(2.5) start(45) frequency ///
>         title(Age Distribution of Participants in Cancer Study) ///
>         note(Data: Sample cancer dataset) legend(on) scheme(s1mono)
(bin=9, start=45, width=2.5)

. histogram age, width(5) start(45) frequency ///
>       title(Age Distribution of Participants in Cancer Study) ///
>       note(Data: Sample cancer dataset) legend(on) scheme(s1mono)
(bin=5, start=45, width=5)

. 
end of do-file
