
  ___  ____  ____  ____  ____ ®
 /__    /   ____/   /   ____/      StataNow 19.5
___/   /   /___/   /   /___/       MP—Parallel Edition

 Statistics and Data Science       Copyright 1985-2025 StataCorp LLC
                                   StataCorp
                                   4905 Lakeway Drive
                                   College Station, Texas 77845 USA
                                   800-782-8272        https://www.stata.com
                                   979-696-4600        service@stata.com

Stata license: 114514-student 64-core lab perpetual
Serial number: 9223372036854775807
  Licensed to: zhangjian
               sicau

Notes:
      1. Stata is running in batch mode.
      2. Unicode is supported; see help unicode_advice.
      3. More than 2 billion observations are allowed; see help obs_advice.
      4. Maximum number of variables is set to 5,000 but can be increased;
          see help set_maxvar.

. do chapter14.do 

. use flourishing_bmi, clear

. regress bmi age children income educ quickfood, beta

      Source |       SS           df       MS      Number of obs   =       448
-------------+----------------------------------   F(5, 442)       =     16.92
       Model |  2921.16092         5  584.232183   Prob > F        =    0.0000
    Residual |  15264.4284       442  34.5349059   R-squared       =    0.1606
-------------+----------------------------------   Adj R-squared   =    0.1511
       Total |  18185.5893       447   40.683645   Root MSE        =    5.8766

------------------------------------------------------------------------------
         bmi | Coefficient  Std. err.      t    P>|t|                     Beta
-------------+----------------------------------------------------------------
         age |   .0849882   .0471673     1.80   0.072                  .085525
    children |   .6167338   .2881417     2.14   0.033                 .0983799
    incomeln |  -1.750445   .4360436    -4.01   0.000                -.2080029
        educ |  -.6900809   .2208598    -3.12   0.002                -.1627779
   quickfood |   .9260216   .2496412     3.71   0.000                 .1716324
       _cons |   37.48497   3.890134     9.64   0.000                        .
------------------------------------------------------------------------------

. 
. use flourishing_bmi

. 
. sem bmi <- age children incomeln educ quickfood
(32 observations with missing values excluded)

Endogenous variables
  Observed: bmi

Exogenous variables
  Observed: age children incomeln educ quickfood

Fitting target model:
Iteration 0:  Log likelihood = -5442.1579  
Iteration 1:  Log likelihood = -5442.1579  

Structural equation model                                  Number of obs = 448
Estimation method: ml

Log likelihood = -5442.1579

------------------------------------------------------------------------------
             |                 OIM
             | Coefficient  std. err.      z    P>|z|     [95% conf. interval]
-------------+----------------------------------------------------------------
Structural   |
  bmi        |
         age |   .0849882   .0468503     1.81   0.070    -.0068368    .1768131
    children |   .6167338   .2862057     2.15   0.031      .055781    1.177687
    incomeln |  -1.750445   .4331138    -4.04   0.000    -2.599333   -.9015577
        educ |  -.6900809   .2193759    -3.15   0.002     -1.12005   -.2601121
   quickfood |   .9260216   .2479638     3.73   0.000     .4400215    1.412022
       _cons |   37.48497   3.863996     9.70   0.000     29.91168    45.05826
-------------+----------------------------------------------------------------
   var(e.bmi)|   34.07238   2.276557                      29.89023     38.8397
------------------------------------------------------------------------------
LR test of model vs. saturated: chi2(0) = 0.00                 Prob > chi2 = .

. 
. sem bmi <- age children incomeln educ quickfood, standardized
(32 observations with missing values excluded)

Endogenous variables
  Observed: bmi

Exogenous variables
  Observed: age children incomeln educ quickfood

Fitting target model:
Iteration 0:  Log likelihood = -5442.1579  
Iteration 1:  Log likelihood = -5442.1579  

Structural equation model                                  Number of obs = 448
Estimation method: ml

Log likelihood = -5442.1579

------------------------------------------------------------------------------
             |                 OIM
Standardized | Coefficient  std. err.      z    P>|z|     [95% conf. interval]
-------------+----------------------------------------------------------------
Structural   |
  bmi        |
         age |    .085525   .0469395     1.82   0.068    -.0064747    .1775247
    children |   .0983799    .045372     2.17   0.030     .0094524    .1873074
    incomeln |  -.2080029   .0503358    -4.13   0.000    -.3066593   -.1093464
        educ |  -.1627779   .0510614    -3.19   0.001    -.2628563   -.0626995
   quickfood |   .1716324   .0450981     3.81   0.000     .0832418     .260023
       _cons |   5.883455    .606841     9.70   0.000     4.694069    7.072842
-------------+----------------------------------------------------------------
   var(e.bmi)|   .8393695   .0304844                      .7816981    .9012957
------------------------------------------------------------------------------
LR test of model vs. saturated: chi2(0) = 0.00                 Prob > chi2 = .

. 
. sem bmi <- age children incomeln educ quickfood, method(mlmv) standardized
note: Missing values found in observed exogenous variables. Using the
      noxconditional behavior. Specify the forcexconditional option to
      override this behavior.
Endogenous variables
  Observed: bmi

Exogenous variables
  Observed: age children incomeln educ quickfood

Fitting saturated model:
Iteration 0:  Log likelihood = -5755.9852  
Iteration 1:  Log likelihood = -5755.3782  
Iteration 2:  Log likelihood = -5755.3751  
Iteration 3:  Log likelihood = -5755.3751  

Fitting baseline model:
Iteration 0:  Log likelihood = -5793.2531  
Iteration 1:  Log likelihood = -5793.2466  
Iteration 2:  Log likelihood = -5793.2466  

Fitting target model:
Iteration 0:  Log likelihood = -5755.3751  
Iteration 1:  Log likelihood = -5755.3751  

Structural equation model                                  Number of obs = 480
Estimation method: mlmv

Log likelihood = -5755.3751

------------------------------------------------------------------------------
             |                 OIM
Standardized | Coefficient  std. err.      z    P>|z|     [95% conf. interval]
-------------+----------------------------------------------------------------
Structural   |
  bmi        |
         age |   .1025498   .0464111     2.21   0.027     .0115857    .1935139
    children |   .0761626   .0449013     1.70   0.090    -.0118424    .1641676
    incomeln |  -.2031064   .0509003    -3.99   0.000    -.3028691   -.1033437
        educ |   -.174441   .0507598    -3.44   0.001    -.2739285   -.0749536
   quickfood |   .1560023   .0456212     3.42   0.001     .0665864    .2454182
       _cons |   5.819998   .6113505     9.52   0.000     4.621773    7.018223
-------------+----------------------------------------------------------------
    mean(age)|   6.689349   .2206699    30.31   0.000     6.256844    7.121854
mean(child~n)|   2.316993   .0876098    26.45   0.000     2.145281    2.488706
mean(incom~n)|   11.07493   .3621459    30.58   0.000     10.36514    11.78472
   mean(educ)|   2.944047   .1058155    27.82   0.000     2.736653    3.151442
mean(quick~d)|   1.727495   .0722062    23.92   0.000     1.585973    1.869016
-------------+----------------------------------------------------------------
   var(e.bmi)|   .8477139   .0308644                      .7893288    .9104177
     var(age)|          1          .                             .           .
var(children)|          1          .                             .           .
var(incomeln)|          1          .                             .           .
    var(educ)|          1          .                             .           .
var(quickf~d)|          1          .                             .           .
-------------+----------------------------------------------------------------
     cov(age,|
    children)|  -.2302454   .0432238    -5.33   0.000    -.3149625   -.1455282
     cov(age,|
    incomeln)|   .2463728    .043313     5.69   0.000      .161481    .3312647
cov(age,educ)|   .3231003   .0408804     7.90   0.000     .2429762    .4032243
     cov(age,|
   quickfood)|  -.1298331   .0451698    -2.87   0.004    -.2183644   -.0413019
cov(children,|
    incomeln)|   .0046738   .0460874     0.10   0.919    -.0856559    .0950035
cov(children,|
        educ)|  -.1980476    .043919    -4.51   0.000    -.2841273   -.1119679
cov(children,|
   quickfood)|  -.0633405   .0454746    -1.39   0.164    -.1524691     .025788
cov(incomeln,|
        educ)|   .4756463   .0356959    13.32   0.000     .4056837    .5456089
cov(incomeln,|
   quickfood)|  -.3270838   .0410795    -7.96   0.000    -.4075981   -.2465695
    cov(educ,|
   quickfood)|  -.2109199   .0438928    -4.81   0.000    -.2969482   -.1248916
------------------------------------------------------------------------------
LR test of model vs. saturated: chi2(0) = 0.00                 Prob > chi2 = .

. 
. estat eqgof

Equation-level goodness of fit

------------------------------------------------------------------------------
   Dependent |             Variance            |
   variables |    Fitted  Predicted   Residual | R-squared        mc       mc2
-------------+---------------------------------+------------------------------
Observed     |                                 |
         bmi |  40.71618   6.200509   34.51568 |  .1522861  .3902385  .1522861
-------------+---------------------------------+------------------------------
     Overall |                                 |  .1522861
------------------------------------------------------------------------------
mc  = Correlation between dependent variable and its prediction.
mc2 = mc^2 is the Bentler–Raykov squared multiple correlation coefficient.

. 
. misstable summarize bmi age children incomeln educ quickfood, generate(miss_)
                                                               Obs<.
                                                +------------------------------
               |                                | Unique
      Variable |     Obs=.     Obs>.     Obs<.  | values        Min         Max
  -------------+--------------------------------+------------------------------
           bmi |        23                 457  |    296   15.41407    59.72754
      incomeln |         5                 475  |    191   5.298317    11.15625
          educ |         1                 479  |      7          1           7
     quickfood |         3                 477  |     24         .5        11.5
  -----------------------------------------------------------------------------

. 
. sem bmi age children incomeln educ quickfood, method(mlmv)

Exogenous variables
  Observed: bmi age children incomeln educ quickfood

Fitting saturated model:
Iteration 0:  Log likelihood = -5755.9852  
Iteration 1:  Log likelihood = -5755.3782  
Iteration 2:  Log likelihood = -5755.3751  
Iteration 3:  Log likelihood = -5755.3751  

Fitting baseline model:
Iteration 0:  Log likelihood = -5935.1066  
Iteration 1:  Log likelihood =    -5935.1  
Iteration 2:  Log likelihood =    -5935.1  

Fitting target model:
Iteration 0:  Log likelihood = -5755.3751  
Iteration 1:  Log likelihood = -5755.3751  

Structural equation model                                  Number of obs = 480
Estimation method: mlmv

Log likelihood = -5755.3751

------------------------------------------------------------------------------
             |                 OIM
             | Coefficient  std. err.      z    P>|z|     [95% conf. interval]
-------------+----------------------------------------------------------------
    mean(bmi)|   26.72968   .2974166    89.87   0.000     26.14676    27.31261
    mean(age)|    43.1125   .2941702   146.56   0.000     42.53594    43.68906
mean(child~n)|   2.347917   .0462527    50.76   0.000     2.257263     2.43857
mean(incom~n)|   8.406287   .0347704   241.77   0.000     8.338138    8.474435
   mean(educ)|   4.407059   .0683762    64.45   0.000     4.273044    4.541073
mean(quick~d)|   2.061471   .0546166    37.74   0.000     1.954424    2.168517
-------------+----------------------------------------------------------------
     var(bmi)|   40.71618   2.688793                      35.77304    46.34237
     var(age)|   41.53734   2.681224                      36.60108    47.13935
var(children)|   1.026871   .0662842                      .9048382    1.165361
var(incomeln)|   .5761379   .0373685                      .5073611    .6542378
    var(educ)|   2.240826   .1451042                      1.973735    2.544061
var(quickf~d)|   1.424036   .0921676                      1.254379    1.616639
-------------+----------------------------------------------------------------
 cov(bmi,age)|  -1.712531   1.909087    -0.90   0.370    -5.454273    2.029211
     cov(bmi,|
    children)|   .4931557   .2995439     1.65   0.100    -.0939396    1.080251
     cov(bmi,|
    incomeln)|  -1.508624    .236891    -6.37   0.000    -1.972922   -1.044326
cov(bmi,educ)|  -2.730892   .4599296    -5.94   0.000    -3.632337   -1.829446
     cov(bmi,|
   quickfood)|   1.835788   .3661815     5.01   0.000     1.118086    2.553491
     cov(age,|
    children)|  -1.503724   .3058958    -4.92   0.000    -2.103269   -.9041793
     cov(age,|
    incomeln)|   1.205245   .2319235     5.20   0.000     .7506834    1.659807
cov(age,educ)|   3.117172   .4628029     6.74   0.000     2.210095    4.024249
     cov(age,|
   quickfood)|  -.9985398   .3561819    -2.80   0.005    -1.696643   -.3004361
cov(children,|
    incomeln)|   .0035949     .03545     0.10   0.919    -.0658857    .0730756
cov(children,|
        educ)|  -.3004219   .0707158    -4.25   0.000    -.4390222   -.1618215
cov(children,|
   quickfood)|  -.0765949   .0553231    -1.38   0.166    -.1850263    .0318364
cov(incomeln,|
        educ)|   .5404449   .0578896     9.34   0.000     .4269833    .6539065
cov(incomeln,|
   quickfood)|  -.2962666   .0437805    -6.77   0.000    -.3820748   -.2104584
    cov(educ,|
   quickfood)|   -.376775   .0838825    -4.49   0.000    -.5411818   -.2123682
------------------------------------------------------------------------------
LR test of model vs. saturated: chi2(0) = 0.00                 Prob > chi2 = .

. estat eqgof
(model has no endogenous variables)

. recode bmi (0/29.999=0) (30/60=1), gen(obese)
(457 differences between bmi and obese)

. logit obese age children incomeln educ quickfood

Iteration 0:  Log likelihood = -247.43569  
Iteration 1:  Log likelihood = -221.17297  
Iteration 2:  Log likelihood = -220.50785  
Iteration 3:  Log likelihood = -220.50712  
Iteration 4:  Log likelihood = -220.50712  

Logistic regression                                     Number of obs =    448
                                                        LR chi2(5)    =  53.86
                                                        Prob > chi2   = 0.0000
Log likelihood = -220.50712                             Pseudo R2     = 0.1088

------------------------------------------------------------------------------
       obese | Coefficient  Std. err.      z    P>|z|     [95% conf. interval]
-------------+----------------------------------------------------------------
         age |   .0288883   .0190012     1.52   0.128    -.0083534      .06613
    children |   .2782205   .1189227     2.34   0.019     .0451362    .5113047
    incomeln |  -.6097175   .1797268    -3.39   0.001    -.9619756   -.2574595
        educ |  -.2011274   .0917525    -2.19   0.028    -.3809591   -.0212957
   quickfood |   .2603238    .108617     2.40   0.017     .0474383    .4732093
       _cons |   2.301053   1.574824     1.46   0.144    -.7855441    5.387651
------------------------------------------------------------------------------

. listcoef

logit (N=448): Factor Change in Odds 

  Odds of: 1 vs 0

----------------------------------------------------------------------
       obese |      b         z     P>|z|    e^b    e^bStdX      SDofX
-------------+--------------------------------------------------------
         age |   0.02889    1.520   0.128   1.0293   1.2037     6.4187
    children |   0.27822    2.340   0.019   1.3208   1.3272     1.0175
    incomeln |  -0.60972   -3.392   0.001   0.5435   0.6299     0.7579
        educ |  -0.20113   -2.192   0.028   0.8178   0.7389     1.5045
   quickfood |   0.26032    2.397   0.017   1.2974   1.3604     1.1822
----------------------------------------------------------------------

. glm obese age children incomeln educ quickfood, family(binomial) link(logit)

Iteration 0:  Log likelihood = -220.76408  
Iteration 1:  Log likelihood = -220.50737  
Iteration 2:  Log likelihood = -220.50712  
Iteration 3:  Log likelihood = -220.50712  

Generalized linear models                         Number of obs   =        448
Optimization     : ML                             Residual df     =        442
                                                  Scale parameter =          1
Deviance         =  441.0142362                   (1/df) Deviance =   .9977698
Pearson          =  429.8899828                   (1/df) Pearson  =   .9726018

Variance function: V(u) = u*(1-u/1)               [Binomial]
Link function    : g(u) = ln(u/(1-u))             [Logit]

                                                  AIC             =   1.011192
Log likelihood   = -220.5071181                   BIC             =  -2257.304

------------------------------------------------------------------------------
             |                 OIM
       obese | Coefficient  std. err.      z    P>|z|     [95% conf. interval]
-------------+----------------------------------------------------------------
         age |   .0288883   .0190012     1.52   0.128    -.0083534      .06613
    children |   .2782205   .1189227     2.34   0.019     .0451362    .5113047
    incomeln |  -.6097175   .1797268    -3.39   0.001    -.9619756   -.2574595
        educ |  -.2011274   .0917525    -2.19   0.028    -.3809591   -.0212957
   quickfood |   .2603238    .108617     2.40   0.017     .0474383    .4732093
       _cons |   2.301053   1.574824     1.46   0.144    -.7855441    5.387651
------------------------------------------------------------------------------

. glm, eform

Generalized linear models                         Number of obs   =        448
Optimization     : ML                             Residual df     =        442
                                                  Scale parameter =          1
Deviance         =  441.0142362                   (1/df) Deviance =   .9977698
Pearson          =  429.8899828                   (1/df) Pearson  =   .9726018

Variance function: V(u) = u*(1-u/1)               [Binomial]
Link function    : g(u) = ln(u/(1-u))             [Logit]

                                                  AIC             =   1.011192
Log likelihood   = -220.5071181                   BIC             =  -2257.304

------------------------------------------------------------------------------
             |                 OIM
       obese | Odds ratio   std. err.      z    P>|z|     [95% conf. interval]
-------------+----------------------------------------------------------------
         age |    1.02931   .0195581     1.52   0.128     .9916814    1.068366
    children |   1.320777   .1570704     2.34   0.019      1.04617    1.667465
    incomeln |   .5435044   .0976823    -3.39   0.001     .3821372    .7730129
        educ |   .8178083    .075036    -2.19   0.028     .6832059    .9789295
   quickfood |    1.29735   .1409143     2.40   0.017     1.048582    1.605137
       _cons |   9.984695   15.72413     1.46   0.144     .4558716    218.6891
------------------------------------------------------------------------------
Note: _cons estimates baseline odds.

. summarize age incomeln educ quickfood if !missing(age,incomeln,educ,quickfood
> ,obese)

    Variable |        Obs        Mean    Std. dev.       Min        Max
-------------+---------------------------------------------------------
         age |        448    43.10491    6.418665         27         74
    incomeln |        448    8.403083    .7579329   5.298317   11.15625
        educ |        448    4.430804    1.504546          1          7
   quickfood |        448    2.064174    1.182192         .5       11.5

. display exp(.029*6.419)
1.2046041

. display exp(-.610*.758)
.62978298

. display exp(-.201*1.505)
.73896479

. display exp(.260*1.182)
1.359776

. 
end of do-file
