
  ___  ____  ____  ____  ____ ®
 /__    /   ____/   /   ____/      StataNow 19.5
___/   /   /___/   /   /___/       MP—Parallel Edition

 Statistics and Data Science       Copyright 1985-2025 StataCorp LLC
                                   StataCorp
                                   4905 Lakeway Drive
                                   College Station, Texas 77845 USA
                                   800-782-8272        https://www.stata.com
                                   979-696-4600        service@stata.com

Stata license: 114514-student 64-core lab perpetual
Serial number: 9223372036854775807
  Licensed to: zhangjian
               sicau

Notes:
      1. Stata is running in batch mode.
      2. Unicode is supported; see help unicode_advice.
      3. More than 2 billion observations are allowed; see help obs_advice.
      4. Maximum number of variables is set to 5,000 but can be increased;
          see help set_maxvar.

. do chapter16.do 

. clear

. use "attitude.dta"
(PREVENTING DEPRESSION IN COUPLES FACING JOB LOSS, 1996-1998: [BALTIMORE, MD])

. fre dn2 dn4 dn5 dn7 dn10

dn2 -- RECODE of n2 (INSECURE ABOUT ABILITIES)
-----------------------------------------------------------------------
                          |      Freq.    Percent      Valid       Cum.
--------------------------+--------------------------------------------
Valid   0 Low confidence  |        811      54.54      54.98      54.98
        1 High confidence |        664      44.65      45.02     100.00
        Total             |       1475      99.19     100.00           
Missing .                 |         12       0.81                      
Total                     |       1487     100.00                      
-----------------------------------------------------------------------

dn4 -- RECODE of n4 (UNCERTAIN ABOUT FUTURE)
-----------------------------------------------------------------------
                          |      Freq.    Percent      Valid       Cum.
--------------------------+--------------------------------------------
Valid   0 Low confidence  |       1219      81.98      82.70      82.70
        1 High confidence |        255      17.15      17.30     100.00
        Total             |       1474      99.13     100.00           
Missing .                 |         13       0.87                      
Total                     |       1487     100.00                      
-----------------------------------------------------------------------

dn5 -- RECODE of n5 (FEEL REJECTED)
-----------------------------------------------------------------------
                          |      Freq.    Percent      Valid       Cum.
--------------------------+--------------------------------------------
Valid   0 Low confidence  |        509      34.23      34.56      34.56
        1 High confidence |        964      64.83      65.44     100.00
        Total             |       1473      99.06     100.00           
Missing .                 |         14       0.94                      
Total                     |       1487     100.00                      
-----------------------------------------------------------------------

dn7 -- RECODE of n7 (CONFIDENT)
-----------------------------------------------------------------------
                          |      Freq.    Percent      Valid       Cum.
--------------------------+--------------------------------------------
Valid   0 Low confidence  |        635      42.70      43.11      43.11
        1 High confidence |        838      56.36      56.89     100.00
        Total             |       1473      99.06     100.00           
Missing .                 |         14       0.94                      
Total                     |       1487     100.00                      
-----------------------------------------------------------------------

dn10 -- RECODE of n10 (MOTIVATED)
-----------------------------------------------------------------------
                          |      Freq.    Percent      Valid       Cum.
--------------------------+--------------------------------------------
Valid   0 Low confidence  |        940      63.21      63.73      63.73
        1 High confidence |        535      35.98      36.27     100.00
        Total             |       1475      99.19     100.00           
Missing .                 |         12       0.81                      
Total                     |       1487     100.00                      
-----------------------------------------------------------------------

. 
. * Rasch Model with 1 parameter estimated (difficulty)
. irt 1pl dn2 dn4 dn5 dn7 dn10

Fitting fixed-effects model:

Iteration 0:  Log likelihood = -4621.5209  
Iteration 1:  Log likelihood =  -4616.607  
Iteration 2:  Log likelihood = -4616.6057  
Iteration 3:  Log likelihood = -4616.6057  

Fitting full model:

Iteration 0:  Log likelihood = -4196.8333  
Iteration 1:  Log likelihood = -3993.0408  
Iteration 2:  Log likelihood =  -3989.611  
Iteration 3:  Log likelihood = -3989.5915  
Iteration 4:  Log likelihood = -3989.5915  

One-parameter logistic model                             Number of obs = 1,479
Log likelihood = -3989.5915
------------------------------------------------------------------------------
             | Coefficient  Std. err.      z    P>|z|     [95% conf. interval]
-------------+----------------------------------------------------------------
     Discrim |   2.059114   .0765293    26.91   0.000     1.909119    2.209108
-------------+----------------------------------------------------------------
dn2          |
        Diff |   .1709084   .0425518     4.02   0.000     .0875085    .2543084
-------------+----------------------------------------------------------------
dn4          |
        Diff |   1.234974    .056633    21.81   0.000     1.123975    1.345972
-------------+----------------------------------------------------------------
dn5          |
        Diff |   -.512255   .0454498   -11.27   0.000    -.6013349    -.423175
-------------+----------------------------------------------------------------
dn7          |
        Diff |  -.2193236   .0430899    -5.09   0.000    -.3037781    -.134869
-------------+----------------------------------------------------------------
dn10         |
        Diff |   .4660937   .0442333    10.54   0.000     .3793981    .5527892
------------------------------------------------------------------------------

. estat report, byparm sort(b)

One-parameter logistic model                             Number of obs = 1,479
Log likelihood = -3989.5915
------------------------------------------------------------------------------
             | Coefficient  Std. err.      z    P>|z|     [95% conf. interval]
-------------+----------------------------------------------------------------
     Discrim |   2.059114   .0765293    26.91   0.000     1.909119    2.209108
-------------+----------------------------------------------------------------
Diff         |
         dn5 |   -.512255   .0454498   -11.27   0.000    -.6013349    -.423175
         dn7 |  -.2193236   .0430899    -5.09   0.000    -.3037781    -.134869
         dn2 |   .1709084   .0425518     4.02   0.000     .0875085    .2543084
        dn10 |   .4660937   .0442333    10.54   0.000     .3793981    .5527892
         dn4 |   1.234974    .056633    21.81   0.000     1.123975    1.345972
------------------------------------------------------------------------------

. irtgraph icc, blocation 

. 
. * each item gives most information around its difficulty score
. irtgraph iif

. irtgraph tif, se

. predict rasch_score, latent
(option ebmeans assumed)
(using 7 quadrature points)

. summarize rasch_score

    Variable |        Obs        Mean    Std. dev.       Min        Max
-------------+---------------------------------------------------------
 rasch_score |      1,487    .0007206    .8425341  -1.206341   1.504424

. 
. * testing whether a 1 or 2 parameter model is needed
. irt 1pl dn2 dn4 dn5 dn7 dn10 

Fitting fixed-effects model:

Iteration 0:  Log likelihood = -4621.5209  
Iteration 1:  Log likelihood =  -4616.607  
Iteration 2:  Log likelihood = -4616.6057  
Iteration 3:  Log likelihood = -4616.6057  

Fitting full model:

Iteration 0:  Log likelihood = -4196.8333  
Iteration 1:  Log likelihood = -3993.0408  
Iteration 2:  Log likelihood =  -3989.611  
Iteration 3:  Log likelihood = -3989.5915  
Iteration 4:  Log likelihood = -3989.5915  

One-parameter logistic model                             Number of obs = 1,479
Log likelihood = -3989.5915
------------------------------------------------------------------------------
             | Coefficient  Std. err.      z    P>|z|     [95% conf. interval]
-------------+----------------------------------------------------------------
     Discrim |   2.059114   .0765293    26.91   0.000     1.909119    2.209108
-------------+----------------------------------------------------------------
dn2          |
        Diff |   .1709084   .0425518     4.02   0.000     .0875085    .2543084
-------------+----------------------------------------------------------------
dn4          |
        Diff |   1.234974    .056633    21.81   0.000     1.123975    1.345972
-------------+----------------------------------------------------------------
dn5          |
        Diff |   -.512255   .0454498   -11.27   0.000    -.6013349    -.423175
-------------+----------------------------------------------------------------
dn7          |
        Diff |  -.2193236   .0430899    -5.09   0.000    -.3037781    -.134869
-------------+----------------------------------------------------------------
dn10         |
        Diff |   .4660937   .0442333    10.54   0.000     .3793981    .5527892
------------------------------------------------------------------------------

. estimates store rasch

. irt 2pl dn2 dn4 dn5 dn7 dn10 

Fitting fixed-effects model:

Iteration 0:  Log likelihood = -4621.5209  
Iteration 1:  Log likelihood =  -4616.607  
Iteration 2:  Log likelihood = -4616.6057  
Iteration 3:  Log likelihood = -4616.6057  

Fitting full model:

Iteration 0:  Log likelihood = -4199.6255  
Iteration 1:  Log likelihood = -3986.9392  
Iteration 2:  Log likelihood = -3978.2722  
Iteration 3:  Log likelihood = -3978.0158  
Iteration 4:  Log likelihood = -3978.0153  
Iteration 5:  Log likelihood = -3978.0153  

Two-parameter logistic model                             Number of obs = 1,479
Log likelihood = -3978.0153
------------------------------------------------------------------------------
             | Coefficient  Std. err.      z    P>|z|     [95% conf. interval]
-------------+----------------------------------------------------------------
dn2          |
     Discrim |   2.961973    .305367     9.70   0.000     2.363465    3.560482
        Diff |   .1506225    .037865     3.98   0.000     .0764085    .2248365
-------------+----------------------------------------------------------------
dn4          |
     Discrim |   1.641559   .1580974    10.38   0.000     1.331694    1.951424
        Diff |   1.367027   .0893992    15.29   0.000     1.191808    1.542246
-------------+----------------------------------------------------------------
dn5          |
     Discrim |   2.103759   .1797506    11.70   0.000     1.751454    2.456063
        Diff |  -.5095228   .0473406   -10.76   0.000    -.6023087   -.4167368
-------------+----------------------------------------------------------------
dn7          |
     Discrim |   2.104367   .1766265    11.91   0.000     1.758185    2.450548
        Diff |  -.2204127   .0430737    -5.12   0.000    -.3048356   -.1359898
-------------+----------------------------------------------------------------
dn10         |
     Discrim |   1.713951   .1422667    12.05   0.000     1.435113    1.992788
        Diff |   .4987321   .0510842     9.76   0.000      .398609    .5988553
------------------------------------------------------------------------------

. lrtest rasch

Likelihood-ratio test
Assumption: rasch nested within .

 LR chi2(4) =  23.15
Prob > chi2 = 0.0001

. 
. *IRT 2PL model
. irt 2pl dn2 dn4 dn5 dn7 dn10

Fitting fixed-effects model:

Iteration 0:  Log likelihood = -4621.5209  
Iteration 1:  Log likelihood =  -4616.607  
Iteration 2:  Log likelihood = -4616.6057  
Iteration 3:  Log likelihood = -4616.6057  

Fitting full model:

Iteration 0:  Log likelihood = -4199.6255  
Iteration 1:  Log likelihood = -3986.9392  
Iteration 2:  Log likelihood = -3978.2722  
Iteration 3:  Log likelihood = -3978.0158  
Iteration 4:  Log likelihood = -3978.0153  
Iteration 5:  Log likelihood = -3978.0153  

Two-parameter logistic model                             Number of obs = 1,479
Log likelihood = -3978.0153
------------------------------------------------------------------------------
             | Coefficient  Std. err.      z    P>|z|     [95% conf. interval]
-------------+----------------------------------------------------------------
dn2          |
     Discrim |   2.961973    .305367     9.70   0.000     2.363465    3.560482
        Diff |   .1506225    .037865     3.98   0.000     .0764085    .2248365
-------------+----------------------------------------------------------------
dn4          |
     Discrim |   1.641559   .1580974    10.38   0.000     1.331694    1.951424
        Diff |   1.367027   .0893992    15.29   0.000     1.191808    1.542246
-------------+----------------------------------------------------------------
dn5          |
     Discrim |   2.103759   .1797506    11.70   0.000     1.751454    2.456063
        Diff |  -.5095228   .0473406   -10.76   0.000    -.6023087   -.4167368
-------------+----------------------------------------------------------------
dn7          |
     Discrim |   2.104367   .1766265    11.91   0.000     1.758185    2.450548
        Diff |  -.2204127   .0430737    -5.12   0.000    -.3048356   -.1359898
-------------+----------------------------------------------------------------
dn10         |
     Discrim |   1.713951   .1422667    12.05   0.000     1.435113    1.992788
        Diff |   .4987321   .0510842     9.76   0.000      .398609    .5988553
------------------------------------------------------------------------------

. irtgraph icc, blocation 

. irtgraph iif

. irtgraph tif, se

. predict irt_score, latent
(option ebmeans assumed)
(using 7 quadrature points)

. summarize rasch_score irt_score

    Variable |        Obs        Mean    Std. dev.       Min        Max
-------------+---------------------------------------------------------
 rasch_score |      1,487    .0007206    .8425341  -1.206341   1.504424
   irt_score |      1,487    .0006717    .8443658  -1.202996   1.469786

. fre n2 n4 n5 n7 n10

n2 -- INSECURE ABOUT ABILITIES
------------------------------------------------------------------
                     |      Freq.    Percent      Valid       Cum.
---------------------+--------------------------------------------
Valid   1 A lot      |         75       5.04       5.08       5.08
        2 Somewhat   |        306      20.58      20.75      25.83
        3 A little   |        430      28.92      29.15      54.98
        4 Not at all |        664      44.65      45.02     100.00
        Total        |       1475      99.19     100.00           
Missing .            |         12       0.81                      
Total                |       1487     100.00                      
------------------------------------------------------------------

n4 -- UNCERTAIN ABOUT FUTURE
------------------------------------------------------------------
                     |      Freq.    Percent      Valid       Cum.
---------------------+--------------------------------------------
Valid   1 A lot      |        234      15.74      15.88      15.88
        2 Somewhat   |        501      33.69      33.99      49.86
        3 A little   |        484      32.55      32.84      82.70
        4 Not at all |        255      17.15      17.30     100.00
        Total        |       1474      99.13     100.00           
Missing .            |         13       0.87                      
Total                |       1487     100.00                      
------------------------------------------------------------------

n5 -- FEEL REJECTED
------------------------------------------------------------------
                     |      Freq.    Percent      Valid       Cum.
---------------------+--------------------------------------------
Valid   1 A lot      |         50       3.36       3.39       3.39
        2 Somewhat   |        148       9.95      10.05      13.44
        3 A little   |        311      20.91      21.11      34.56
        4 Not at all |        964      64.83      65.44     100.00
        Total        |       1473      99.06     100.00           
Missing .            |         14       0.94                      
Total                |       1487     100.00                      
------------------------------------------------------------------

n7 -- CONFIDENT
------------------------------------------------------------------
                     |      Freq.    Percent      Valid       Cum.
---------------------+--------------------------------------------
Valid   1 NOT AT ALL |         31       2.08       2.10       2.10
        2 A LITTLE   |        125       8.41       8.49      10.59
        3 SOMEWHAT   |        479      32.21      32.52      43.11
        4 A LOT      |        838      56.36      56.89     100.00
        Total        |       1473      99.06     100.00           
Missing .            |         14       0.94                      
Total                |       1487     100.00                      
------------------------------------------------------------------

n10 -- MOTIVATED
------------------------------------------------------------------
                     |      Freq.    Percent      Valid       Cum.
---------------------+--------------------------------------------
Valid   1 NOT AT ALL |         64       4.30       4.34       4.34
        2 A LITTLE   |        259      17.42      17.56      21.90
        3 SOMEWHAT   |        617      41.49      41.83      63.73
        4 A LOT      |        535      35.98      36.27     100.00
        Total        |       1475      99.19     100.00           
Missing .            |         12       0.81                      
Total                |       1487     100.00                      
------------------------------------------------------------------

. irt grm n2 n4 n5 n7 n10

Fitting fixed-effects model:

Iteration 0:  Log likelihood = -8421.8125  
Iteration 1:  Log likelihood = -8296.2754  
Iteration 2:  Log likelihood = -8294.4695  
Iteration 3:  Log likelihood = -8294.4665  
Iteration 4:  Log likelihood = -8294.4665  

Fitting full model:

Iteration 0:  Log likelihood = -7762.1567  
Iteration 1:  Log likelihood = -7481.5849  
Iteration 2:  Log likelihood = -7471.5834  
Iteration 3:  Log likelihood = -7471.3668  
Iteration 4:  Log likelihood = -7471.3661  
Iteration 5:  Log likelihood = -7471.3661  

Graded response model                                    Number of obs = 1,479
Log likelihood = -7471.3661
------------------------------------------------------------------------------
             | Coefficient  Std. err.      z    P>|z|     [95% conf. interval]
-------------+----------------------------------------------------------------
n2           |
     Discrim |   2.179148   .1362609    15.99   0.000     1.912082    2.446214
        Diff |
        >=2  |  -2.103581   .0972377                     -2.294164   -1.912999
        >=3  |   -.861577   .0497801                     -.9591442   -.7640098
         =4  |   .1356028   .0420148                      .0532553    .2179503
-------------+----------------------------------------------------------------
n4           |
     Discrim |   1.609505   .0986348    16.32   0.000     1.416184    1.802826
        Diff |
        >=2  |  -1.463049   .0791114                     -1.618104   -1.307993
        >=3  |  -.0121909   .0466419                     -.1036074    .0792256
         =4  |   1.368935   .0762028                       1.21958     1.51829
-------------+----------------------------------------------------------------
n5           |
     Discrim |   2.585076   .1924925    13.43   0.000     2.207798    2.962354
        Diff |
        >=2  |  -2.209929   .1028444                       -2.4115   -2.008357
        >=3  |  -1.342604   .0612457                     -1.462643   -1.222564
         =4  |  -.4911488   .0411847                     -.5718693   -.4104284
-------------+----------------------------------------------------------------
n7           |
     Discrim |   1.470344    .099162    14.83   0.000      1.27599    1.664698
        Diff |
        >=2  |  -3.262259   .2031714                     -3.660467    -2.86405
        >=3  |  -1.953588   .1079976                      -2.16526   -1.741917
         =4  |  -.2813937   .0502735                      -.379928   -.1828594
-------------+----------------------------------------------------------------
n10          |
     Discrim |   1.372692   .0879344    15.61   0.000     1.200344     1.54504
        Diff |
        >=2  |  -2.826451   .1638261                     -3.147544   -2.505357
        >=3  |  -1.259156    .077168                     -1.410402   -1.107909
         =4  |   .5437429   .0581496                      .4297719     .657714
------------------------------------------------------------------------------

. irtgraph icc n4, blocation

. irtgraph iif

. 
. use attitude, clear
(PREVENTING DEPRESSION IN COUPLES FACING JOB LOSS, 1996-1998: [BALTIMORE, MD])

. irt grm n2 n4 n5 n7 n10

Fitting fixed-effects model:

Iteration 0:  Log likelihood = -8421.8125  
Iteration 1:  Log likelihood = -8296.2754  
Iteration 2:  Log likelihood = -8294.4695  
Iteration 3:  Log likelihood = -8294.4665  
Iteration 4:  Log likelihood = -8294.4665  

Fitting full model:

Iteration 0:  Log likelihood = -7762.1567  
Iteration 1:  Log likelihood = -7481.5849  
Iteration 2:  Log likelihood = -7471.5834  
Iteration 3:  Log likelihood = -7471.3668  
Iteration 4:  Log likelihood = -7471.3661  
Iteration 5:  Log likelihood = -7471.3661  

Graded response model                                    Number of obs = 1,479
Log likelihood = -7471.3661
------------------------------------------------------------------------------
             | Coefficient  Std. err.      z    P>|z|     [95% conf. interval]
-------------+----------------------------------------------------------------
n2           |
     Discrim |   2.179148   .1362609    15.99   0.000     1.912082    2.446214
        Diff |
        >=2  |  -2.103581   .0972377                     -2.294164   -1.912999
        >=3  |   -.861577   .0497801                     -.9591442   -.7640098
         =4  |   .1356028   .0420148                      .0532553    .2179503
-------------+----------------------------------------------------------------
n4           |
     Discrim |   1.609505   .0986348    16.32   0.000     1.416184    1.802826
        Diff |
        >=2  |  -1.463049   .0791114                     -1.618104   -1.307993
        >=3  |  -.0121909   .0466419                     -.1036074    .0792256
         =4  |   1.368935   .0762028                       1.21958     1.51829
-------------+----------------------------------------------------------------
n5           |
     Discrim |   2.585076   .1924925    13.43   0.000     2.207798    2.962354
        Diff |
        >=2  |  -2.209929   .1028444                       -2.4115   -2.008357
        >=3  |  -1.342604   .0612457                     -1.462643   -1.222564
         =4  |  -.4911488   .0411847                     -.5718693   -.4104284
-------------+----------------------------------------------------------------
n7           |
     Discrim |   1.470344    .099162    14.83   0.000      1.27599    1.664698
        Diff |
        >=2  |  -3.262259   .2031714                     -3.660467    -2.86405
        >=3  |  -1.953588   .1079976                      -2.16526   -1.741917
         =4  |  -.2813937   .0502735                      -.379928   -.1828594
-------------+----------------------------------------------------------------
n10          |
     Discrim |   1.372692   .0879344    15.61   0.000     1.200344     1.54504
        Diff |
        >=2  |  -2.826451   .1638261                     -3.147544   -2.505357
        >=3  |  -1.259156    .077168                     -1.410402   -1.107909
         =4  |   .5437429   .0581496                      .4297719     .657714
------------------------------------------------------------------------------

. irtgraph tif, se

. 
. 
end of do-file
