
  ___  ____  ____  ____  ____ ®
 /__    /   ____/   /   ____/      StataNow 19.5
___/   /   /___/   /   /___/       MP—Parallel Edition

 Statistics and Data Science       Copyright 1985-2025 StataCorp LLC
                                   StataCorp
                                   4905 Lakeway Drive
                                   College Station, Texas 77845 USA
                                   800-782-8272        https://www.stata.com
                                   979-696-4600        service@stata.com

Stata license: 114514-student 64-core lab perpetual
Serial number: 9223372036854775807
  Licensed to: zhangjian
               sicau

Notes:
      1. Stata is running in batch mode.
      2. Unicode is supported; see help unicode_advice.
      3. More than 2 billion observations are allowed; see help obs_advice.
      4. Maximum number of variables is set to 5,000 but can be increased;
          see help set_maxvar.

. do chapter10.do 

. * chapter10.do
. set more off

. use "ops2004.dta", clear

. **************************************************
. * Increment to R-square
. **************************************************
. regress env_con educat inc com3 hlthprob epht3, beta

      Source |       SS           df       MS      Number of obs   =     3,769
-------------+----------------------------------   F(5, 3763)      =    320.15
       Model |   647.67793         5  129.535586   Prob > F        =    0.0000
    Residual |   1522.5587     3,763  .404612995   R-squared       =    0.2984
-------------+----------------------------------   Adj R-squared   =    0.2975
       Total |  2170.23663     3,768  .575965136   Root MSE        =    .63609

------------------------------------------------------------------------------
     env_con | Coefficient  Std. err.      t    P>|t|                     Beta
-------------+----------------------------------------------------------------
      educat |   .0011841    .004077     0.29   0.772                 .0044584
         inc |   5.51e-08   3.62e-07     0.15   0.879                 .0023317
        com3 |  -.0503162   .0092717    -5.43   0.000                 -.074352
    hlthprob |   .2974034   .0248129    11.99   0.000                  .172927
       epht3 |   .4020741    .012687    31.69   0.000                 .4575999
       _cons |   1.273655   .0651735    19.54   0.000                        .
------------------------------------------------------------------------------

. pcorr env_con educat inc com3 hlthprob epht3
(obs=3769)

Partial and semipartial correlations of env_con with

               Partial   Semipartial      Partial   Semipartial   Significance
   Variable |    corr.         corr.      corr.^2       corr.^2          value
------------+-----------------------------------------------------------------
     educat |   0.0047        0.0040       0.0000        0.0000         0.7715
        inc |   0.0025        0.0021       0.0000        0.0000         0.8788
       com3 |  -0.0881       -0.0741       0.0078        0.0055         0.0000
   hlthprob |   0.1918        0.1637       0.0368        0.0268         0.0000
      epht3 |   0.4590        0.4327       0.2107        0.1873         0.0000

. 
. **************************************************
. * Graphic Displays of normality assumption
. **************************************************
. histogram env_con, frequency normal kdensity
(bin=36, start=1, width=.08333333)

. hangroot env_con, bar
(bin=36, start=1, width=.08333333)

. summarize env_con, detail

                 mean(unstandardized items)
-------------------------------------------------------------
      Percentiles      Smallest
 1%            1              1
 5%            1              1
10%     1.181818              1       Obs               4,506
25%          1.5              1       Sum of wgt.       4,506

50%          2.1                      Mean           2.157595
                        Largest       Std. dev.      .7705153
75%     2.727273              4
90%          3.2              4       Variance       .5936939
95%     3.454545              4       Skewness       .2302043
99%     3.818182              4       Kurtosis       2.059664

. sktest env_con

Skewness and kurtosis tests for normality
                                                         ----- Joint test -----
    Variable |       Obs   Pr(skewness)   Pr(kurtosis)   Adj chi2(2)  Prob>chi2
-------------+-----------------------------------------------------------------
     env_con |     4,506         0.0000         0.0000        631.52     0.0000

. regress env_con educat inc com3 hlthprob epht3, beta

      Source |       SS           df       MS      Number of obs   =     3,769
-------------+----------------------------------   F(5, 3763)      =    320.15
       Model |   647.67793         5  129.535586   Prob > F        =    0.0000
    Residual |   1522.5587     3,763  .404612995   R-squared       =    0.2984
-------------+----------------------------------   Adj R-squared   =    0.2975
       Total |  2170.23663     3,768  .575965136   Root MSE        =    .63609

------------------------------------------------------------------------------
     env_con | Coefficient  Std. err.      t    P>|t|                     Beta
-------------+----------------------------------------------------------------
      educat |   .0011841    .004077     0.29   0.772                 .0044584
         inc |   5.51e-08   3.62e-07     0.15   0.879                 .0023317
        com3 |  -.0503162   .0092717    -5.43   0.000                 -.074352
    hlthprob |   .2974034   .0248129    11.99   0.000                  .172927
       epht3 |   .4020741    .012687    31.69   0.000                 .4575999
       _cons |   1.273655   .0651735    19.54   0.000                        .
------------------------------------------------------------------------------

. predict res, residual
(739 missing values generated)

. summarize res, detail

                          Residuals
-------------------------------------------------------------
      Percentiles      Smallest
 1%    -1.357709      -1.944407
 5%    -.9625443      -1.914089
10%    -.7994747      -1.852046       Obs               3,769
25%     -.483786      -1.849233       Sum of wgt.       3,769

50%    -.0352801                      Mean           3.51e-10
                        Largest       Std. dev.      .6356698
75%     .4719241       1.762432
90%     .8467105       1.940851       Variance       .4040761
95%      1.05727       1.951321       Skewness       .0997807
99%     1.425768       2.247876       Kurtosis       2.592773

. sktest res

Skewness and kurtosis tests for normality
                                                         ----- Joint test -----
    Variable |       Obs   Pr(skewness)   Pr(kurtosis)   Adj chi2(2)  Prob>chi2
-------------+-----------------------------------------------------------------
         res |     3,769         0.0124         0.0000         41.53     0.0000

. rvfplot

. regress env_con educat inc com3 hlthprob epht3, beta

      Source |       SS           df       MS      Number of obs   =     3,769
-------------+----------------------------------   F(5, 3763)      =    320.15
       Model |   647.67793         5  129.535586   Prob > F        =    0.0000
    Residual |   1522.5587     3,763  .404612995   R-squared       =    0.2984
-------------+----------------------------------   Adj R-squared   =    0.2975
       Total |  2170.23663     3,768  .575965136   Root MSE        =    .63609

------------------------------------------------------------------------------
     env_con | Coefficient  Std. err.      t    P>|t|                     Beta
-------------+----------------------------------------------------------------
      educat |   .0011841    .004077     0.29   0.772                 .0044584
         inc |   5.51e-08   3.62e-07     0.15   0.879                 .0023317
        com3 |  -.0503162   .0092717    -5.43   0.000                 -.074352
    hlthprob |   .2974034   .0248129    11.99   0.000                  .172927
       epht3 |   .4020741    .012687    31.69   0.000                 .4575999
       _cons |   1.273655   .0651735    19.54   0.000                        .
------------------------------------------------------------------------------

. predict envhat
(option xb assumed; fitted values)
(738 missing values generated)

. preserve

. set seed 515

. sample 100, count
(4,408 observations deleted)

. twoway (scatter env_con envhat) (lfit env_con envhat)

. restore

. 
. **************************************************
. * Regression diagnostics
. **************************************************
. use ops2004.dta, clear

. regress env_con educat inc com3 hlthprob epht3, beta

      Source |       SS           df       MS      Number of obs   =     3,769
-------------+----------------------------------   F(5, 3763)      =    320.15
       Model |   647.67793         5  129.535586   Prob > F        =    0.0000
    Residual |   1522.5587     3,763  .404612995   R-squared       =    0.2984
-------------+----------------------------------   Adj R-squared   =    0.2975
       Total |  2170.23663     3,768  .575965136   Root MSE        =    .63609

------------------------------------------------------------------------------
     env_con | Coefficient  Std. err.      t    P>|t|                     Beta
-------------+----------------------------------------------------------------
      educat |   .0011841    .004077     0.29   0.772                 .0044584
         inc |   5.51e-08   3.62e-07     0.15   0.879                 .0023317
        com3 |  -.0503162   .0092717    -5.43   0.000                 -.074352
    hlthprob |   .2974034   .0248129    11.99   0.000                  .172927
       epht3 |   .4020741    .012687    31.69   0.000                 .4575999
       _cons |   1.273655   .0651735    19.54   0.000                        .
------------------------------------------------------------------------------

. predict yhat
(option xb assumed; fitted values)
(738 missing values generated)

. predict residual, residual
(739 missing values generated)

. predict rstandard, rstandard
(739 missing values generated)

. list respnum env_con yhat residual rstandard if abs(rstandard) > 2.58 & rstan
> dard < .

      +-------------------------------------------------------+
      | respnum    env_con       yhat    residual   rstandard |
      |-------------------------------------------------------|
  65. |  100072          1   2.944407   -1.944407   -3.060185 |
 170. |  100189          1   2.660943   -1.660942   -2.616319 |
 323. |  100370          1   2.644924   -1.644924   -2.589258 |
 539. |  100626          1   2.646108   -1.646108   -2.591119 |
 800. |  100928          1   2.646784   -1.646784     -2.5918 |
      |-------------------------------------------------------|
 803. |  100931   3.545455   1.889344    1.656111    2.604731 |
1056. |  101237          1   2.849233   -1.849233   -2.911431 |
1657. |  101958          1   2.644717   -1.644717   -2.589034 |
1690. |  101996          1   2.650556   -1.650556   -2.598174 |
2017. |  102384        1.1   2.748519   -1.648519   -2.594183 |
      |-------------------------------------------------------|
2247. |  102656   3.727273   1.786421    1.940851    3.055561 |
2418. |  102866          1   2.802469   -1.802469   -2.836931 |
2608. |  103091   3.181818    1.49465    1.687168    2.654609 |
3386. |  200221   3.636364   1.941408    1.694955    2.665744 |
3463. |  200325          4   2.344102    1.655898    2.604345 |
      |-------------------------------------------------------|
3655. |  200587   3.888889   1.937568    1.951321    3.069876 |
3662. |  200595   1.181818   3.095907   -1.914089   -3.012149 |
3679. |  200621          1   2.646784   -1.646784     -2.5918 |
3736. |  200704          1   2.643878   -1.643878   -2.587669 |
3743. |  200712          1   2.852046   -1.852046   -2.918959 |
      |-------------------------------------------------------|
3745. |  200716        3.7   1.937568    1.762432    2.772711 |
3762. |  200743          4   2.333803    1.666197    2.624323 |
3795. |  200785          4   1.752124    2.247876    3.542243 |
4117. |  201350   3.636364   1.992138    1.644226    2.586329 |
4147. |  201423          4   2.290355    1.709645    2.690599 |
      |-------------------------------------------------------|
4172. |  201472          1   2.757992   -1.757992   -2.767844 |
4348. |  201767          1   2.652623   -1.652623   -2.600933 |
      +-------------------------------------------------------+

. dfbeta

Generating DFBETA variables ...

(739 missing values generated)
    _dfbeta_1: DFBETA educat
(739 missing values generated)
    _dfbeta_2: DFBETA inc
(739 missing values generated)
    _dfbeta_3: DFBETA com3
(739 missing values generated)
    _dfbeta_4: DFBETA hlthprob
(739 missing values generated)
    _dfbeta_5: DFBETA epht3

. list respnum rstandard _dfbeta_1 if abs(_dfbeta_1) > 2/sqrt(3769) & _dfbeta_1
>  < .

      +---------------------------------+
      | respnum   rstandard   _dfbeta_1 |
      |---------------------------------|
   9. |  100011     1.13443    .0409342 |
  14. |  100017   -1.175555    .0410933 |
  64. |  100071    2.284941    .0374148 |
  67. |  100074   -1.924904    .0501947 |
  85. |  100093   -1.636619   -.0755956 |
      |---------------------------------|
 143. |  100159    1.745513     -.03429 |
 170. |  100189   -2.616319    -.046648 |
 190. |  100217    1.867487    .0653364 |
 196. |  100224    1.092755    .0395591 |
 198. |  100226   -1.534297    .0407606 |
      |---------------------------------|
 210. |  100239   -1.784673    .0343876 |
 231. |  100262   -1.578622   -.0538371 |
 239. |  100270   -.8487579   -.0340009 |
 250. |  100281   -1.836379    .0630706 |
 258. |  100292   -1.006933    -.042628 |
      |---------------------------------|
 297. |  100340   -1.373462   -.0574036 |
 309. |  100354    1.830473    .0378472 |
 352. |  100406    .8102409    .0370663 |
 355. |  100409   -.7831753   -.0363056 |
 366. |  100422    .8187667    .0342694 |
      |---------------------------------|
 401. |  100461   -.7877595   -.0346135 |
 453. |  100520   -1.837876    .0513106 |
 466. |  100536   -2.039192    .0543044 |
 496. |  100570   -1.073897   -.0346073 |
 504. |  100581     2.16416   -.0351027 |
      |---------------------------------|
 530. |  100617    -2.13797    .0342468 |
 538. |  100625   -1.637252    .0436899 |
 583. |  100675    1.594378   -.0378357 |
 601. |  100694   -1.213372   -.0523897 |
 663. |  100768    2.174978    .0816395 |
      |---------------------------------|
 670. |  100776    .9495867    .0429533 |
 677. |  100784   -.7831753   -.0363056 |
 694. |  100806   -1.733705    .0364137 |
 721. |  100840    1.725384    .0647485 |
 732. |  100851   -1.975763   -.0704452 |
      |---------------------------------|
 755. |  100878    1.038212   -.0345021 |
 772. |  100898   -1.010333   -.0435338 |
 781. |  100908    1.173525    .0374057 |
 803. |  100931    2.604731   -.0412649 |
 811. |  100940    .7901156    .0372976 |
      |---------------------------------|
 821. |  100954   -1.416673    .0358253 |
 840. |  100978    1.173104    .0447976 |
 906. |  101053   -1.975044   -.0754469 |
 916. |  101064    1.312386    .0359371 |
 917. |  101065    1.877569   -.0400352 |
      |---------------------------------|
 960. |  101115    1.242906    .0454497 |
 985. |  101148    1.158753    .0593484 |
 999. |  101168     1.66637   -.0370058 |
1059. |  101241    1.597724   -.0364613 |
1081. |  101270    1.093702    .0423757 |
      |---------------------------------|
1149. |  101348   -2.126596   -.1068422 |
1162. |  101365    1.531574   -.0523083 |
1164. |  101368   -1.952407    .0327498 |
1178. |  101384    2.240421   -.0383816 |
1189. |  101400    2.368503    .0396577 |
      |---------------------------------|
1216. |  101429   -1.416505   -.0620048 |
1259. |  101481   -1.114161   -.0517742 |
1293. |  101529   -1.166912   -.0455302 |
1294. |  101530   -1.984818   -.0416809 |
1295. |  101531    1.929544    .0575709 |
      |---------------------------------|
1318. |  101558     -1.1979   -.0372769 |
1335. |  101578    1.412465    .0383697 |
1348. |  101594   -.7841209   -.0338521 |
1354. |  101602   -1.497294    -.059732 |
1430. |  101691   -1.197042   -.0402922 |
      |---------------------------------|
1431. |  101693    1.491346   -.0427058 |
1467. |  101733    1.891687    .0855184 |
1473. |  101742    1.438493     .033709 |
1477. |  101748    .9575455    .0374489 |
1504. |  101778    2.183634    .0425946 |
      |---------------------------------|
1523. |  101800    1.198669   -.0347282 |
1545. |  101823   -1.299367   -.0435817 |
1553. |  101832    1.303342   -.0385784 |
1566. |  101847     1.75208   -.0452256 |
1570. |  101852   -.9042796   -.0330638 |
      |---------------------------------|
1574. |  101856   -1.743767    .0411061 |
1610. |  101905   -1.165298    .0348079 |
1617. |  101913    1.092755    .0395591 |
1673. |  101977     1.07808   -.0609636 |
1690. |  101996   -2.598174   -.0472878 |
      |---------------------------------|
1701. |  102008    .9496944    .0343788 |
1709. |  102017   -2.309012    .0369349 |
1729. |  102042   -1.677966    .0477776 |
1744. |  102059    .7917703   -.0437606 |
1781. |  102101    -1.62909    .0872518 |
      |---------------------------------|
1851. |  102191    2.370455   -.0517822 |
1863. |  102205   -.7907507   -.0336897 |
1881. |  102226   -1.265907   -.0550412 |
1882. |  102227    1.716213     .035576 |
1892. |  102239   -.6856383    .0428044 |
      |---------------------------------|
1924. |  102277    1.657984   -.0356453 |
1931. |  102286   -.8678215   -.0403606 |
1961. |  102319    .9964258    .0396431 |
1966. |  102324   -1.393699    .0339613 |
1974. |  102334    2.401437   -.0494852 |
      |---------------------------------|
1978. |  102340   -1.514845     .041445 |
1979. |  102341    .9641775    .0370638 |
2017. |  102384   -2.594183    .0412244 |
2092. |  102473    1.655712     .034231 |
2106. |  102489   -1.414582   -.0581911 |
      |---------------------------------|
2117. |  102501   -1.848508   -.0632854 |
2121. |  102505    2.009048   -.0356822 |
2132. |  102518   -1.681205    .0450868 |
2172. |  102571    1.684231   -.0388353 |
2191. |  102594    1.741499   -.0342054 |
      |---------------------------------|
2213. |  102619    1.324707   -.0423429 |
2224. |  102631   -1.489285    -.034575 |
2233. |  102642    1.514335    .0357722 |
2256. |  102668   -.9503879    -.037811 |
2285. |  102702    1.425364    .0587396 |
      |---------------------------------|
2304. |  102724    2.040325   -.0626438 |
2305. |  102725    .9496944    .0343788 |
2313. |  102734    1.027871   -.0341416 |
2368. |  102805   -1.133261   -.0518962 |
2370. |  102807      -2.282   -.0497048 |
      |---------------------------------|
2418. |  102866   -2.836931   -.0438268 |
2455. |  102915   -1.114828   -.0489613 |
2482. |  102947   -1.962086    .0363336 |
2554. |  103031    1.737475     .079238 |
2586. |  103067   -1.520028    .0450096 |
      |---------------------------------|
2608. |  103091    2.654609    .0603098 |
2622. |  103107    1.280012    .0419685 |
2646. |  103138    .6948539    .0357248 |
2655. |  103152    1.584071    .0501993 |
2685. |  103187     1.62476   -.0412915 |
      |---------------------------------|
2703. |  103207   -2.136657   -.0609419 |
2722. |  103227    1.272635   -.0384294 |
2724. |  103229    1.139574    .0453401 |
2761. |  103277   -1.058341   -.0337331 |
2763. |  103280    2.291808   -.0389853 |
      |---------------------------------|
2796. |  103322    1.727131    .0547364 |
2803. |  103329    1.470641    .0361611 |
2815. |  103343   -.9705794   -.0466489 |
2829. |  103359   -.9272049   -.0400306 |
2833. |  103366    1.992593   -.0460071 |
      |---------------------------------|
2849. |  103382   -1.967742    .0634543 |
2858. |  103392   -1.426513   -.0532766 |
2862. |  103396    .9376869    .0327948 |
2864. |  103398    1.114099    .0439303 |
2929. |  103469   -1.647737   -.0464407 |
      |---------------------------------|
2973. |  103522    1.092196    .0480137 |
2993. |  103546    1.652103    .0789645 |
3093. |  103663     1.47222    .0659484 |
3254. |  200038   -1.686496   -.0810784 |
3295. |  200093    1.031453   -.0593727 |
      |---------------------------------|
3312. |  200115    1.107051   -.0329927 |
3342. |  200157    1.179654    .0454596 |
3351. |  200169    1.832027   -.0465935 |
3365. |  200189    2.534537   -.0707802 |
3380. |  200212   -1.779262    .0373253 |
      |---------------------------------|
3384. |  200218    2.174063     .052985 |
3393. |  200231   -1.759136    .0584757 |
3439. |  200294    1.331024   -.0328979 |
3493. |  200365    1.570222    -.043434 |
3501. |  200377    1.172389    .0386917 |
      |---------------------------------|
3515. |  200396    1.994544   -.0549664 |
3538. |  200423    1.672649   -.0542361 |
3597. |  200500   -1.976634    .0848653 |
3626. |  200540    1.699089    -.101173 |
3627. |  200541    1.601408    .0570876 |
      |---------------------------------|
3634. |  200553    1.158606    .0484977 |
3644. |  200567    1.347438   -.0380319 |
3655. |  200587    3.069876    -.090254 |
3664. |  200599   -2.269023    .0525647 |
3682. |  200627    1.241171   -.0635151 |
      |---------------------------------|
3685. |  200630   -1.334495   -.0566772 |
3695. |  200643    2.141593   -.0709219 |
3699. |  200648    1.329508    .0458809 |
3707. |  200661    .9130449    .0437593 |
3709. |  200663    2.003958      .03507 |
      |---------------------------------|
3710. |  200664   -1.478614    .0920327 |
3720. |  200676    1.416398   -.0399421 |
3743. |  200712   -2.918959    .0821958 |
3745. |  200716    2.772711   -.0814985 |
3747. |  200718   -1.103532    .0333213 |
      |---------------------------------|
3751. |  200723   -2.344803   -.0375557 |
3754. |  200731    1.261706   -.0378363 |
3760. |  200738   -1.972084    .0363509 |
3762. |  200743    2.624323   -.1347852 |
3780. |  200768     .920444   -.0518085 |
      |---------------------------------|
3784. |  200772    1.483023   -.0509826 |
3791. |  200779    2.039344   -.0423921 |
3794. |  200783    .8630873    .0411111 |
3795. |  200785    3.542243    .0697991 |
3810. |  200809    1.624598    .0471449 |
      |---------------------------------|
3815. |  200815    1.236392     .057508 |
3850. |  200863    1.748054   -.0524312 |
3853. |  200868    2.325092   -.0817498 |
3855. |  200871   -.9497288   -.0331514 |
3876. |  200900   -.6782089    .0381098 |
      |---------------------------------|
3886. |  200917    2.327913   -.0676576 |
3888. |  200919    .8625799    .0399872 |
3922. |  200976    2.372896    .0560784 |
3930. |  200987    1.237003    .0336514 |
3957. |  201048    1.584945    .0542555 |
      |---------------------------------|
3974. |  201075    1.094684    .0452004 |
3979. |  201085    1.434912    .0347018 |
3993. |  201112    .9355829    .0373167 |
4010. |  201135    -1.49954   -.0647522 |
4023. |  201159    1.317207    .0392719 |
      |---------------------------------|
4052. |  201207    2.246889   -.0381374 |
4054. |  201212    1.216182    .0432283 |
4089. |  201277    1.785041    .0441886 |
4091. |  201280   -.9063389   -.0344482 |
4101. |  201294   -1.437701    .0408336 |
      |---------------------------------|
4105. |  201310    1.439279    .0540054 |
4108. |  201326    -1.71508   -.0524199 |
4147. |  201423    2.690599   -.0502462 |
4172. |  201472   -2.767844   -.0982464 |
4176. |  201482    1.821539   -.0332345 |
      |---------------------------------|
4189. |  201503    1.457111   -.0425044 |
4196. |  201514   -1.652254   -.0354507 |
4222. |  201562   -1.833567   -.0810251 |
4223. |  201563    1.377077    .0428552 |
4226. |  201566     1.09143    .0458942 |
      |---------------------------------|
4249. |  201608     1.92812    .0477338 |
4253. |  201616    1.931548   -.0528495 |
4260. |  201626    1.641961     .040644 |
4299. |  201685   -1.677004   -.0412389 |
4302. |  201688    2.242818    .0410012 |
      |---------------------------------|
4337. |  201751   -2.234482   -.0975775 |
4339. |  201755    1.722224    .0623614 |
4384. |  201828   -2.046977   -.0409983 |
4398. |  201852   -1.895333   -.0418659 |
4400. |  201857    2.330559     -.03658 |
      |---------------------------------|
4450. |  201956   -2.529481   -.0445102 |
4482. |  202031    1.635543   -.0983373 |
4503. |  202081    2.098678   -.0540928 |
4507. |  202095   -1.870844    .0338666 |
      +---------------------------------+

. estat vif

    Variable |       VIF       1/VIF  
-------------+----------------------
      educat |      1.26    0.791143
         inc |      1.25    0.797304
       epht3 |      1.12    0.894240
    hlthprob |      1.12    0.895659
        com3 |      1.01    0.993215
-------------+----------------------
    Mean VIF |      1.15

. 
. **************************************************
. * Weighted data
. **************************************************
. list finalwt finalwt2 in 1/5

     +---------------------+
     |  finalwt   finalwt2 |
     |---------------------|
  1. | 969.7892   1.602893 |
  2. | 384.8077   .6360203 |
  3. | 91.07467   .1505306 |
  4. |     5000   8.264132 |
  5. |  27.0839    .044765 |
     +---------------------+

. regress env_con educat inc com3 hlthprob epht3 [pweight=finalwt], beta
(sum of wgt is 2,316,709.257443)

Linear regression                               Number of obs     =      3,769
                                                F(5, 3763)        =     120.73
                                                Prob > F          =     0.0000
                                                R-squared         =     0.3073
                                                Root MSE          =     .60771

------------------------------------------------------------------------------
             |               Robust
     env_con | Coefficient  std. err.      t    P>|t|                     Beta
-------------+----------------------------------------------------------------
      educat |   .0077949   .0071749     1.09   0.277                 .0303352
         inc |   1.64e-07   5.96e-07     0.28   0.783                 .0076229
        com3 |  -.0467495   .0181525    -2.58   0.010                -.0694139
    hlthprob |   .2687916   .0449038     5.99   0.000                 .1620468
       epht3 |   .4099326   .0226743    18.08   0.000                 .4702973
       _cons |   1.202771   .1182412    10.17   0.000                        .
------------------------------------------------------------------------------

. 
. **************************************************
. * Dummy variables, Hiearachical/Nested Regression
. **************************************************
. use nlsy97_selected_variables, clear
(National Survey of Youth, 1997, selected variables from first wave)

. recode gender97 (1 = 1 Male) (2 = 0 Female), generate(male)
(4,385 differences between gender97 and male)

. generate race=race97
(80 missing values generated)

. replace race=1 if race97==1 & ethnic97==0
(0 real changes made)

. replace race=2 if race97==2 & ethnic97==0
(0 real changes made)

. replace race=3 if ethnic97==1
(1,881 real changes made)

. replace race=4 if (race97==4 | race97==5) & ethnic97==0
(119 real changes made)

. tab2 race race97 ethnic97

-> tabulation of race by race97  

           |                    youth race 1997
      race |     White  African A  American   Asian or   Something |     Total
-----------+-------------------------------------------------------+----------
         1 |     4,413          0          0          0          0 |     4,413 
         2 |         0      2,334          0          0          0 |     2,334 
         3 |       819         54         61          4        944 |     1,882 
         4 |         0          0          0        156        119 |       275 
-----------+-------------------------------------------------------+----------
     Total |     5,232      2,388         61        160      1,063 |     8,904 

-> tabulation of race by ethnic97  

           | youth ethnicity 1997
      race | Non-Hispa   Hispanic |     Total
-----------+----------------------+----------
         1 |     4,406          0 |     4,406 
         2 |     2,333          0 |     2,333 
         3 |        43      1,899 |     1,942 
         4 |       275          0 |       275 
-----------+----------------------+----------
     Total |     7,057      1,899 |     8,956 

-> tabulation of race97 by ethnic97  

                      | youth ethnicity 1997
      youth race 1997 | Non-Hispa   Hispanic |     Total
----------------------+----------------------+----------
                White |     4,406        819 |     5,225 
African American, Bla |     2,333         54 |     2,387 
American Indian, Eski |        43         18 |        61 
Asian or Pacific Isla |       156          4 |       160 
Something else, combi |       119        944 |     1,063 
----------------------+----------------------+----------
                Total |     7,057      1,839 |     8,896 

. recode race (2 = 1 African_American) (1 3/4= 0 Other), generate(aa)
(8,964 differences between race and aa)

. recode race (3 = 1 Hispanic) (1/2 4 = 0 Other), generate(hispanic)
(8,964 differences between race and hispanic)

. recode race (4 = 1 Other_race ) (1/3 = 0 W_AA_H), generate(other)
(8,964 differences between race and other)

. tab1 aa hispanic other

-> tabulation of aa  

  RECODE of race |      Freq.     Percent        Cum.
-----------------+-----------------------------------
           Other |      6,630       73.96       73.96
African_American |      2,334       26.04      100.00
-----------------+-----------------------------------
           Total |      8,964      100.00

-> tabulation of hispanic  

  RECODE of |
       race |      Freq.     Percent        Cum.
------------+-----------------------------------
      Other |      7,022       78.34       78.34
   Hispanic |      1,942       21.66      100.00
------------+-----------------------------------
      Total |      8,964      100.00

-> tabulation of other  

  RECODE of |
       race |      Freq.     Percent        Cum.
------------+-----------------------------------
     W_AA_H |      8,689       96.93       96.93
 Other_race |        275        3.07      100.00
------------+-----------------------------------
      Total |      8,964      100.00

. regress smday97 age97 male ///
>         if !missing(smday97, age97, male, psmoke97, aa, hispanic, other), bet
> a

      Source |       SS           df       MS      Number of obs   =     3,467
-------------+----------------------------------   F(2, 3464)      =     94.68
       Model |  22864.9705         2  11432.4853   Prob > F        =    0.0000
    Residual |  418279.523     3,464   120.75044   R-squared       =    0.0518
-------------+----------------------------------   Adj R-squared   =    0.0513
       Total |  441144.493     3,466  127.277696   Root MSE        =    10.989

------------------------------------------------------------------------------
     smday97 | Coefficient  Std. err.      t    P>|t|                     Beta
-------------+----------------------------------------------------------------
       age97 |   1.838514   .1337569    13.75   0.000                 .2274106
        male |   .2707643   .3735982     0.72   0.469                 .0119908
       _cons |  -20.33657   1.995249   -10.19   0.000                        .
------------------------------------------------------------------------------

. regress smday97 age97 male psmoke97 ///
>         if !missing(smday97, age97, male, psmoke97, aa, hispanic, other), bet
> a

      Source |       SS           df       MS      Number of obs   =     3,467
-------------+----------------------------------   F(3, 3463)      =    134.24
       Model |  45956.7038         3  15318.9013   Prob > F        =    0.0000
    Residual |  395187.789     3,463  114.117179   R-squared       =    0.1042
-------------+----------------------------------   Adj R-squared   =    0.1034
       Total |  441144.493     3,466  127.277696   Root MSE        =    10.683

------------------------------------------------------------------------------
     smday97 | Coefficient  Std. err.      t    P>|t|                     Beta
-------------+----------------------------------------------------------------
       age97 |   1.286699   .1356942     9.48   0.000                 .1591551
        male |   .9523383   .3663385     2.60   0.009                 .0421741
    psmoke97 |   2.250031   .1581743    14.23   0.000                 .2406996
       _cons |  -19.47606   1.940615   -10.04   0.000                        .
------------------------------------------------------------------------------

. pcorr smday97 age97 male psmoke97 ///
>         if !missing(smday97, age97, male, psmoke97, aa, hispanic, other)
(obs=3467)

Partial and semipartial correlations of smday97 with

               Partial   Semipartial      Partial   Semipartial   Significance
   Variable |    corr.         corr.      corr.^2       corr.^2          value
------------+-----------------------------------------------------------------
      age97 |   0.1591        0.1525       0.0253        0.0233         0.0000
       male |   0.0441        0.0418       0.0019        0.0017         0.0094
   psmoke97 |   0.2350        0.2288       0.0552        0.0523         0.0000

. regress smday97 age97 male psmoke97 aa hispanic other if !missing(smday97, //
> /
>         age97, male, psmoke97, aa, hispanic, other), beta

      Source |       SS           df       MS      Number of obs   =     3,467
-------------+----------------------------------   F(6, 3460)      =     90.57
       Model |  59879.4994         6  9979.91657   Prob > F        =    0.0000
    Residual |  381264.994     3,460  110.192195   R-squared       =    0.1357
-------------+----------------------------------   Adj R-squared   =    0.1342
       Total |  441144.493     3,466  127.277696   Root MSE        =    10.497

------------------------------------------------------------------------------
     smday97 | Coefficient  Std. err.      t    P>|t|                     Beta
-------------+----------------------------------------------------------------
       age97 |   1.308304   .1333711     9.81   0.000                 .1618275
        male |   1.058956   .3601243     2.94   0.003                 .0468957
    psmoke97 |   2.173683   .1557058    13.96   0.000                 .2325322
          aa |  -4.676358   .4592876   -10.18   0.000                -.1674716
    hispanic |  -3.223299   .4638056    -6.95   0.000                -.1144606
       other |   .3825068   1.143897     0.33   0.738                 .0053334
       _cons |  -18.01775   1.911984    -9.42   0.000                        .
------------------------------------------------------------------------------

. test aa hispanic other

 ( 1)  aa = 0
 ( 2)  hispanic = 0
 ( 3)  other = 0

       F(  3,  3460) =   42.12
            Prob > F =    0.0000

. nestreg: regress smday97 (age97 male) (psmoke97) (aa hispanic other), beta

Block 1: age97 male

      Source |       SS           df       MS      Number of obs   =     3,467
-------------+----------------------------------   F(2, 3464)      =     94.68
       Model |  22864.9705         2  11432.4853   Prob > F        =    0.0000
    Residual |  418279.523     3,464   120.75044   R-squared       =    0.0518
-------------+----------------------------------   Adj R-squared   =    0.0513
       Total |  441144.493     3,466  127.277696   Root MSE        =    10.989

------------------------------------------------------------------------------
     smday97 | Coefficient  Std. err.      t    P>|t|                     Beta
-------------+----------------------------------------------------------------
       age97 |   1.838514   .1337569    13.75   0.000                 .2274106
        male |   .2707643   .3735982     0.72   0.469                 .0119908
       _cons |  -20.33657   1.995249   -10.19   0.000                        .
------------------------------------------------------------------------------

Block 2: psmoke97

      Source |       SS           df       MS      Number of obs   =     3,467
-------------+----------------------------------   F(3, 3463)      =    134.24
       Model |  45956.7038         3  15318.9013   Prob > F        =    0.0000
    Residual |  395187.789     3,463  114.117179   R-squared       =    0.1042
-------------+----------------------------------   Adj R-squared   =    0.1034
       Total |  441144.493     3,466  127.277696   Root MSE        =    10.683

------------------------------------------------------------------------------
     smday97 | Coefficient  Std. err.      t    P>|t|                     Beta
-------------+----------------------------------------------------------------
       age97 |   1.286699   .1356942     9.48   0.000                 .1591551
        male |   .9523383   .3663385     2.60   0.009                 .0421741
    psmoke97 |   2.250031   .1581743    14.23   0.000                 .2406996
       _cons |  -19.47606   1.940615   -10.04   0.000                        .
------------------------------------------------------------------------------

Block 3: aa hispanic other

      Source |       SS           df       MS      Number of obs   =     3,467
-------------+----------------------------------   F(6, 3460)      =     90.57
       Model |  59879.4994         6  9979.91657   Prob > F        =    0.0000
    Residual |  381264.994     3,460  110.192195   R-squared       =    0.1357
-------------+----------------------------------   Adj R-squared   =    0.1342
       Total |  441144.493     3,466  127.277696   Root MSE        =    10.497

------------------------------------------------------------------------------
     smday97 | Coefficient  Std. err.      t    P>|t|                     Beta
-------------+----------------------------------------------------------------
       age97 |   1.308304   .1333711     9.81   0.000                 .1618275
        male |   1.058956   .3601243     2.94   0.003                 .0468957
    psmoke97 |   2.173683   .1557058    13.96   0.000                 .2325322
          aa |  -4.676358   .4592876   -10.18   0.000                -.1674716
    hispanic |  -3.223299   .4638056    -6.95   0.000                -.1144606
       other |   .3825068   1.143897     0.33   0.738                 .0053334
       _cons |  -18.01775   1.911984    -9.42   0.000                        .
------------------------------------------------------------------------------


  +-------------------------------------------------------------+
  |       |          Block  Residual                     Change |
  | Block |       F     df        df   Pr > F       R2    in R2 |
  |-------+-----------------------------------------------------|
  |     1 |   94.68      2      3464   0.0000   0.0518          |
  |     2 |  202.35      1      3463   0.0000   0.1042   0.0523 |
  |     3 |   42.12      3      3460   0.0000   0.1357   0.0316 |
  +-------------------------------------------------------------+

. regress smday97 age97 male psmoke97 aa hispanic other

      Source |       SS           df       MS      Number of obs   =     3,467
-------------+----------------------------------   F(6, 3460)      =     90.57
       Model |  59879.4994         6  9979.91657   Prob > F        =    0.0000
    Residual |  381264.994     3,460  110.192195   R-squared       =    0.1357
-------------+----------------------------------   Adj R-squared   =    0.1342
       Total |  441144.493     3,466  127.277696   Root MSE        =    10.497

------------------------------------------------------------------------------
     smday97 | Coefficient  Std. err.      t    P>|t|     [95% conf. interval]
-------------+----------------------------------------------------------------
       age97 |   1.308304   .1333711     9.81   0.000      1.04681    1.569798
        male |   1.058956   .3601243     2.94   0.003     .3528779    1.765033
    psmoke97 |   2.173683   .1557058    13.96   0.000     1.868399    2.478968
          aa |  -4.676358   .4592876   -10.18   0.000     -5.57686   -3.775856
    hispanic |  -3.223299   .4638056    -6.95   0.000    -4.132659   -2.313938
       other |   .3825068   1.143897     0.33   0.738    -1.860274    2.625288
       _cons |  -18.01775   1.911984    -9.42   0.000    -21.76648   -14.26902
------------------------------------------------------------------------------

. regress smday97 age97 male psmoke97 i.race

      Source |       SS           df       MS      Number of obs   =     3,467
-------------+----------------------------------   F(6, 3460)      =     90.57
       Model |  59879.4994         6  9979.91657   Prob > F        =    0.0000
    Residual |  381264.994     3,460  110.192195   R-squared       =    0.1357
-------------+----------------------------------   Adj R-squared   =    0.1342
       Total |  441144.493     3,466  127.277696   Root MSE        =    10.497

------------------------------------------------------------------------------
     smday97 | Coefficient  Std. err.      t    P>|t|     [95% conf. interval]
-------------+----------------------------------------------------------------
       age97 |   1.308304   .1333711     9.81   0.000      1.04681    1.569798
        male |   1.058956   .3601243     2.94   0.003     .3528779    1.765033
    psmoke97 |   2.173683   .1557058    13.96   0.000     1.868399    2.478968
             |
        race |
          2  |  -4.676358   .4592876   -10.18   0.000     -5.57686   -3.775856
          3  |  -3.223299   .4638056    -6.95   0.000    -4.132659   -2.313938
          4  |   .3825068   1.143897     0.33   0.738    -1.860274    2.625288
             |
       _cons |  -18.01775   1.911984    -9.42   0.000    -21.76648   -14.26902
------------------------------------------------------------------------------

.  
. **************************************************
. * Interaction
. **************************************************
. use c10interaction, clear

. regress inc educ male, beta

      Source |       SS           df       MS      Number of obs   =       120
-------------+----------------------------------   F(2, 117)       =     37.19
       Model |  100464.105         2  50232.0527   Prob > F        =    0.0000
    Residual |  158015.895       117   1350.5632   R-squared       =    0.3887
-------------+----------------------------------   Adj R-squared   =    0.3782
       Total |      258480       119  2172.10084   Root MSE        =     36.75

------------------------------------------------------------------------------
         inc | Coefficient  Std. err.      t    P>|t|                     Beta
-------------+----------------------------------------------------------------
        educ |   8.045694   1.008586     7.98   0.000                 .5775017
        male |   19.04991   6.719787     2.83   0.005                 .2052297
       _cons |  -42.54411    14.2919    -2.98   0.004                        .
------------------------------------------------------------------------------

. predict incfnoi if male==0
(option xb assumed; fitted values)
(60 missing values generated)

. predict incmnoi if male==1
(option xb assumed; fitted values)
(60 missing values generated)

. twoway (connected incmnoi educ if male == 1, lcolor(black) lpattern(dot) ///
>   msymbol(diamond) msize(large)) (connected incfno educ if male==0, ///
>   lcolor(black) lpattern(solid) msymbol(circle) msize(large)), ///
>   ytitle(Income in thousands) xtitle(Education) legend(order(1 "Men" 2 "Women
> ")) ///
>   scheme(s2manual)

. regress inc i.male##c.educ, beta

      Source |       SS           df       MS      Number of obs   =       120
-------------+----------------------------------   F(3, 116)       =     34.89
       Model |  122604.719         3  40868.2397   Prob > F        =    0.0000
    Residual |  135875.281       116  1171.33863   R-squared       =    0.4743
-------------+----------------------------------   Adj R-squared   =    0.4607
       Total |      258480       119  2172.10084   Root MSE        =    34.225

------------------------------------------------------------------------------
         inc | Coefficient  Std. err.      t    P>|t|                     Beta
-------------+----------------------------------------------------------------
      1.male |  -91.88539   26.27242    -3.50   0.001                -.9899052
        educ |   3.602369   1.388076     2.60   0.011                 .2585699
             |
 male#c.educ |
          1  |   8.196446   1.885263     4.35   0.000                 1.287508
             |
       _cons |   16.84834   19.07279     0.88   0.379                        .
------------------------------------------------------------------------------

. margins male, at(educ=(8 10 12 14 16 18))

Adjusted predictions                                       Number of obs = 120
Model VCE: OLS

Expression: Linear prediction, predict()
1._at: educ =  8
2._at: educ = 10
3._at: educ = 12
4._at: educ = 14
5._at: educ = 16
6._at: educ = 18

------------------------------------------------------------------------------
             |            Delta-method
             |     Margin   std. err.      t    P>|t|     [95% conf. interval]
-------------+----------------------------------------------------------------
    _at#male |
        1 0  |   45.66729    8.66112     5.27   0.000     28.51285    62.82173
        1 1  |   19.35346   8.545103     2.26   0.025      2.42881    36.27812
        2 0  |   52.87203   6.431252     8.22   0.000     40.13412    65.60993
        2 1  |   42.95109   6.496577     6.61   0.000      30.0838    55.81838
        3 0  |   60.07676   4.808436    12.49   0.000     50.55305    69.60048
        3 1  |   66.54872   4.940843    13.47   0.000     56.76276    76.33468
        4 0  |    67.2815   4.505014    14.93   0.000     58.35875    76.20425
        4 1  |   90.14635   4.431483    20.34   0.000     81.36924    98.92346
        5 0  |   74.48624   5.734395    12.99   0.000     63.12855    85.84393
        5 1  |    113.744   5.280516    21.54   0.000     103.2853    124.2027
        6 0  |   81.69097   7.802914    10.47   0.000     66.23632    97.14563
        6 1  |   137.3416    7.01066    19.59   0.000     123.4561    151.2271
------------------------------------------------------------------------------

. marginsplot

Variables that uniquely identify margins: educ male

. 
. webuse regsmpl, clear
(NLS women 14-26 in 1968)

. regress ln_wage ttl_exp, beta

      Source |       SS           df       MS      Number of obs   =    28,534
-------------+----------------------------------   F(1, 28532)     =   6110.45
       Model |  1150.37005         1  1150.37005   Prob > F        =    0.0000
    Residual |  5371.51384    28,532  .188262787   R-squared       =    0.1764
-------------+----------------------------------   Adj R-squared   =    0.1764
       Total |  6521.88388    28,533  .228573367   Root MSE        =    .43389

------------------------------------------------------------------------------
     ln_wage | Coefficient  Std. err.      t    P>|t|                     Beta
-------------+----------------------------------------------------------------
     ttl_exp |   .0431613   .0005522    78.17   0.000                 .4199835
       _cons |   1.406646   .0042866   328.15   0.000                        .
------------------------------------------------------------------------------

. twoway lfit ln_wage ttl_exp

. binscatter ln_wage ttl_exp

. regress ln_wage c.ttl_exp##c.ttl_exp, beta

      Source |       SS           df       MS      Number of obs   =    28,534
-------------+----------------------------------   F(2, 28531)     =   3166.13
       Model |  1184.57867         2  592.289333   Prob > F        =    0.0000
    Residual |  5337.30522    28,531  .187070387   R-squared       =    0.1816
-------------+----------------------------------   Adj R-squared   =    0.1816
       Total |  6521.88388    28,533  .228573367   Root MSE        =    .43252

------------------------------------------------------------------------------
     ln_wage | Coefficient  Std. err.      t    P>|t|                     Beta
-------------+----------------------------------------------------------------
     ttl_exp |   .0660334   .0017787    37.12   0.000                 .6425416
             |
   c.ttl_exp#|
   c.ttl_exp |  -.0013929    .000103   -13.52   0.000                -.2340455
             |
       _cons |   1.348441   .0060651   222.33   0.000                        .
------------------------------------------------------------------------------

. margins, at(ttl_exp = (0(2)28))

Adjusted predictions                                    Number of obs = 28,534
Model VCE: OLS

Expression: Linear prediction, predict()
1._at:  ttl_exp =  0
2._at:  ttl_exp =  2
3._at:  ttl_exp =  4
4._at:  ttl_exp =  6
5._at:  ttl_exp =  8
6._at:  ttl_exp = 10
7._at:  ttl_exp = 12
8._at:  ttl_exp = 14
9._at:  ttl_exp = 16
10._at: ttl_exp = 18
11._at: ttl_exp = 20
12._at: ttl_exp = 22
13._at: ttl_exp = 24
14._at: ttl_exp = 26
15._at: ttl_exp = 28

------------------------------------------------------------------------------
             |            Delta-method
             |     Margin   std. err.      t    P>|t|     [95% conf. interval]
-------------+----------------------------------------------------------------
         _at |
          1  |   1.348441   .0060651   222.33   0.000     1.336553    1.360329
          2  |   1.474936   .0037037   398.24   0.000     1.467676    1.482195
          3  |   1.590288   .0029503   539.03   0.000     1.584505     1.59607
          4  |   1.694497   .0033365   507.87   0.000     1.687957    1.701036
          5  |   1.787563   .0038029   470.06   0.000     1.780109    1.795016
          6  |   1.869485   .0040283   464.08   0.000     1.861589    1.877381
          7  |   1.940265   .0042471   456.84   0.000      1.93194    1.948589
          8  |   1.999901   .0050573   395.45   0.000     1.989989    2.009814
          9  |   2.048394   .0069713   293.83   0.000      2.03473    2.062059
         10  |   2.085745   .0100468   207.60   0.000     2.066052    2.105437
         11  |   2.111952   .0141597   149.15   0.000     2.084198    2.139705
         12  |   2.127016   .0192161   110.69   0.000     2.089351     2.16468
         13  |   2.130936   .0251649    84.68   0.000     2.081612    2.180261
         14  |   2.123714   .0319792    66.41   0.000     2.061033    2.186395
         15  |   2.105348    .039644    53.11   0.000     2.027644    2.183053
------------------------------------------------------------------------------

. marginsplot

Variables that uniquely identify margins: ttl_exp

. summarize ttl_exp

    Variable |        Obs        Mean    Std. dev.       Min        Max
-------------+---------------------------------------------------------
     ttl_exp |     28,534    6.215316    4.652117          0   28.88461

. generate cttl_exp = ttl_exp - 6.215

. regress ln_wage c.cttl_exp##c.cttl_exp, beta

      Source |       SS           df       MS      Number of obs   =    28,534
-------------+----------------------------------   F(2, 28531)     =   3166.13
       Model |  1184.57867         2  592.289333   Prob > F        =    0.0000
    Residual |  5337.30522    28,531  .187070387   R-squared       =    0.1816
-------------+----------------------------------   Adj R-squared   =    0.1816
       Total |  6521.88388    28,533  .228573367   Root MSE        =    .43252

------------------------------------------------------------------------------
     ln_wage | Coefficient  Std. err.      t    P>|t|                     Beta
-------------+----------------------------------------------------------------
    cttl_exp |   .0487197   .0006869    70.92   0.000                 .4740703
             |
  c.cttl_exp#|
  c.cttl_exp |  -.0013929    .000103   -13.52   0.000                -.0903913
             |
       _cons |   1.705036   .0033948   502.25   0.000                        .
------------------------------------------------------------------------------

. margins, at(cttl_exp = (-6(2)22))

Adjusted predictions                                    Number of obs = 28,534
Model VCE: OLS

Expression: Linear prediction, predict()
1._at:  cttl_exp = -6
2._at:  cttl_exp = -4
3._at:  cttl_exp = -2
4._at:  cttl_exp =  0
5._at:  cttl_exp =  2
6._at:  cttl_exp =  4
7._at:  cttl_exp =  6
8._at:  cttl_exp =  8
9._at:  cttl_exp = 10
10._at: cttl_exp = 12
11._at: cttl_exp = 14
12._at: cttl_exp = 16
13._at: cttl_exp = 18
14._at: cttl_exp = 20
15._at: cttl_exp = 22

------------------------------------------------------------------------------
             |            Delta-method
             |     Margin   std. err.      t    P>|t|     [95% conf. interval]
-------------+----------------------------------------------------------------
         _at |
          1  |   1.362573   .0057471   237.09   0.000     1.351309    1.373838
          2  |   1.487871   .0035404   420.26   0.000     1.480931     1.49481
          3  |   1.602025   .0029594   541.33   0.000     1.596224    1.607825
          4  |   1.705036   .0033948   502.25   0.000     1.698382     1.71169
          5  |   1.796904   .0038383   468.16   0.000     1.789381    1.804427
          6  |   1.877629    .004044   464.31   0.000     1.869702    1.885555
          7  |    1.94721   .0042936   453.51   0.000     1.938794    1.955626
          8  |   2.005649   .0052056   385.29   0.000     1.995446    2.015852
          9  |   2.052944   .0072482   283.23   0.000     2.038737    2.067151
         10  |   2.089096   .0104413   200.08   0.000     2.068631    2.109562
         11  |   2.114106   .0146592   144.22   0.000     2.085373    2.142838
         12  |   2.127972   .0198134   107.40   0.000     2.089136    2.166807
         13  |   2.130694   .0258562    82.41   0.000     2.080015    2.181374
         14  |   2.122274   .0327625    64.78   0.000     2.058058     2.18649
         15  |   2.102711   .0405182    51.90   0.000     2.023293    2.182128
------------------------------------------------------------------------------

. marginsplot

Variables that uniquely identify margins: cttl_exp

. twoway (lfit ln_wage ttl_exp) (qfit ln_wage ttl_exp)

. generate ttl_sq = ttl_exp*ttl_exp

. nestreg: regress ln_wage (ttl_exp) (ttl_sq)

Block 1: ttl_exp

      Source |       SS           df       MS      Number of obs   =    28,534
-------------+----------------------------------   F(1, 28532)     =   6110.45
       Model |  1150.37005         1  1150.37005   Prob > F        =    0.0000
    Residual |  5371.51384    28,532  .188262787   R-squared       =    0.1764
-------------+----------------------------------   Adj R-squared   =    0.1764
       Total |  6521.88388    28,533  .228573367   Root MSE        =    .43389

------------------------------------------------------------------------------
     ln_wage | Coefficient  Std. err.      t    P>|t|     [95% conf. interval]
-------------+----------------------------------------------------------------
     ttl_exp |   .0431613   .0005522    78.17   0.000      .042079    .0442435
       _cons |   1.406646   .0042866   328.15   0.000     1.398244    1.415048
------------------------------------------------------------------------------

Block 2: ttl_sq

      Source |       SS           df       MS      Number of obs   =    28,534
-------------+----------------------------------   F(2, 28531)     =   3166.13
       Model |  1184.57867         2  592.289333   Prob > F        =    0.0000
    Residual |  5337.30522    28,531  .187070387   R-squared       =    0.1816
-------------+----------------------------------   Adj R-squared   =    0.1816
       Total |  6521.88388    28,533  .228573367   Root MSE        =    .43252

------------------------------------------------------------------------------
     ln_wage | Coefficient  Std. err.      t    P>|t|     [95% conf. interval]
-------------+----------------------------------------------------------------
     ttl_exp |   .0660334   .0017787    37.12   0.000     .0625471    .0695197
      ttl_sq |  -.0013929    .000103   -13.52   0.000    -.0015948    -.001191
       _cons |   1.348441   .0060651   222.33   0.000     1.336553    1.360329
------------------------------------------------------------------------------


  +-------------------------------------------------------------+
  |       |          Block  Residual                     Change |
  | Block |       F     df        df   Pr > F       R2    in R2 |
  |-------+-----------------------------------------------------|
  |     1 | 6110.45      1     28532   0.0000   0.1764          |
  |     2 |  182.86      1     28531   0.0000   0.1816   0.0052 |
  +-------------------------------------------------------------+

. powerreg, r2f(.2) r2r(.0) nvar(3) ntest(3) alpha(.05) power(.90)
command powerreg is unrecognized
r(199);

end of do-file
r(199);
